id: ll-7-1-exit
name: WORLD 7-1
world: 7
stage: 1
theme: overworld
music: overworld
time: inherit
start: 3,10
startMode: pipe-exit
camera: scroll
parent: ll-7-1

[tiles]
;; 0                16               32               48               64               80               96
................ ................ ................ ................ ................ ................ ................
................ ................ ................ ................ ................ ................ ................
................ ................ ................ ................ ................ ................ ................
................ ................ ................ ................ ................ ................ ................
................ ................ ................ ................ ................ ................ ................
................ ................ ................ ................ ................ ................ ...............B
................ ................ ................ ................ ................ ................ ...............B
................ ................ ................ ................ ................ ................ ...............B
................ ................ ................ ................ ................ ................ ...............B
................ ................ ................ ................ ................ ................ .............[]B
................ ................ ................ ................ ................ ..........^..... .............{}B
...[]........... ................ ................ ................ ................ ..........|..... .............{}B
...{}........... ................ ........gg...... ......kk.k...... .....kk.k....... ..........^..... .............{}B
################ ################ ################ ################ ################ ################ #....###########
################ ################ ################ ################ ################ ################ #....###########

[entities]
piranha 3 11
koopa-para-green 32 12
piranha 109 9

[zones]
pipe 109 9 down -> ll-7-1-bonus2 1 0 exit=none

[decor]
cloud-1 -1 3
tree-small 8 12
tree-big 11 12
cloud-1 13 2
cloud-2 16 3
tree-small 27 12
tree-big 29 12
cloud-1 34 3
tree-big 37 12
tree-small 39 12
tree-small 40 12
cloud-1 43 2
cloud-2 46 3
tree-small 56 12
tree-big 59 12
cloud-1 61 2
cloud-2 64 3
tree-small 75 12
tree-big 77 12
cloud-1 82 3
tree-big 85 12
tree-small 87 12
tree-small 88 12
cloud-1 91 2
cloud-2 94 3
tree-small 104 12
tree-big 107 12
cloud-1 109 2
