id: ll-7-2
name: WORLD 7-2
world: 7
stage: 2
theme: night
music: overworld
time: 400
start: 2,12
startMode: stand
camera: scroll

[tiles]
;; 0                16               32               48               64               80               96               112              128              144              160              176              192              208              224              240              256
................ ................ ................ ................ ................ ................ ................ ................ ................ ................ ................ ................ ................ ................ ................ ................ ................
................ ................ ................ ................ ................ ................ ................ ................ ................ ................ ................ ................ ................ ................ ................ ................ ................
................ ................ ................ ................ ................ ................ ................ ................ ................ ................ ................ ................ ................ ................ ................ ................ ..o.............
................ ................ ................ ................ ................ ................ ................ ................ ................ ................ ................ ................ ................ ................ ................ ................ ..!.............
................ ................ ................ ...[]........... ................ ................ ................ ...[]........... ................ ................ ................ ................ ................ ................ ................ ................ ..!.............
................ ................ M............... ...{}........... ................ ................ M............... ...{}........... ................ ................ ................ ................ ................ ................ ................ ........[]...... ..!.............
................ ................ ................ ..BBB........... ................ ................ ................ ..BBB........... ................ ................ ................ ................ ................ ................ ................ ........{}...... ..!.............
................ ................ ................ ................ ................ ................ ................ ................ ................ ................ ................ ................ ................ ................ ................ ........{}...... ..!.............
................ ................ ................ ................ ................ ................ ................ ................ ................ ................ ................ ................ ........K....... ................ ................ ........{}...... ..!.............
................ ................ ................ ................ ................ ................ ................ ................ ................ ................ ...............B ...B...B......K. ...BBBBBBB....B. ....BBBBBBBB.... ................ ........{}...... ..!.............
...............B ................ ................ ................ ....BBBBBBBBBBBB ................ ................ ................ ....BBBBBBBBBBBB ................ ..............BB ..........BBBBBB ..............BB ................ ................ ........{}...... ..!.............
..............BB ................ ..mmmmmm........ ..mmmmmmmmmmmmmm mm.............. ................ ..mmmmmm........ ..mmmmmmmmmmmmmm mm.............. ...[]........... .............BBB ..........BBBBBB ..............BB B............... ................ ........{}...... ..!.............
.............BBB wwwwwwwwwwwwwwww wwwiiiiwwwwwwwww wwwiiiiiiiiiiiii iwwwwwwwwwwwwwww wwwwwwwwwwwwwwww wwwiiiiwwwwwwwww wwwiiiiiiiiiiiii iwwwwwwwwwwwwwww B..{}........... ............BBBB ..........BBBBBB ..............BB B............... ............BBB. ........{}...... ..B.............
################ ................ ...iiii......... ...iiiiiiiiiiiii i............... ................ ...iiii......... ...iiiiiiiiiiiii i............... ################ ################ ..........###### ..............## #............... ............###. ........##...... ..##############
################ ................ ...iiii......... ...iiiiiiiiiiiii i............... ................ ...iiii......... ...iiiiiiiiiiiii i............... ################ ################ ..........###### ..............## #............... ............###. ........##...... ..##############

[entities]
decor-castle 0 12
lift-h 21 10 len=4 range=3
lift-h 28 10 len=4 range=3
lift-h 44 11 len=4 range=3
koopa-para-red 45 6
koopa-para-red 48 4
piranha 51 4 red=1
lift-h 85 10 len=4 range=3
lift-h 92 10 len=4 range=3
lift-h 108 11 len=4 range=3
koopa-para-red 109 6
koopa-para-red 112 4
piranha 115 4 red=1
piranha 147 11 red=1
lakitu 170 7 end=218 mid=1
koopa-para-green 171 10
firebar 179 9
firebar-ccw 183 9
koopa-para-green-h 209 7
firebar 219 9
lift-fall 222 7 len=4
koopa-para-red 224 6
lift-fall 227 8 len=4
lift-fall 232 9 len=4
lift-fall 241 9 len=4
koopa-para-red 242 7
lift-fall 244 6 len=4
piranha 248 5 red=1
decor-castle 261 12

[zones]
checkpoint 151
loop 128 0 14 -> 64
exit 257 next=ll-7-3
pipe 51 4 down -> ll-7-2-bonus 1 0 exit=none
pipe 115 4 down -> ll-7-2-bonus 1 0 exit=none

[decor]
cloud-2 3 3
cloud-1 9 7
cloud-2 18 2
cloud-1 35 7
cloud-1 38 6
cloud-1 52 3
cloud-1 57 7
cloud-2 66 2
cloud-2 82 2
cloud-1 99 7
cloud-1 102 6
cloud-1 116 3
cloud-1 121 7
cloud-2 130 2
cloud-1 147 7
cloud-1 150 6
cloud-1 158 11
cloud-2 163 3
cloud-1 169 7
cloud-2 178 2
cloud-1 195 7
cloud-1 198 6
cloud-2 211 3
cloud-1 217 7
cloud-2 226 2
cloud-1 236 11
cloud-1 243 7
cloud-1 246 6
cloud-1 254 11
cloud-2 259 3
cloud-1 265 7
