id: ll-3-4
name: WORLD 3-4
world: 3
stage: 4
theme: castle
music: castle
time: 400
start: 1,6
startMode: stand
camera: scroll

[tiles]
;; 0                16               32               48               64               80               96               112              128              144              160              176              192              208              224              240              256              272              288              304              320
................ ................ ................ ................ ................ ................ ................ ................ ................ ................ ................ ................ ................ ................ ................ ................ ................ ................ ................ ................ ......
................ ................ ................ ................ ................ ................ ................ ................ ................ ................ ................ ................ ................ ................ ................ ................ ................ ................ ................ ................ ......
%%%%%%%%%%%%%%%% %%%%%%%%%%%%%%%% %%%%%%%%%%%%%%%% %%%%%%%%%%%%%%%% %%%%%%%%%%%%%%%% %%%%%%%%%%%%%%%% %%%%%%%%%%%%%%%% %%%%%%%%%%%%%%%% %%%%%%%%%%%%%%%% %%%%%%%%%%%%%%%% %%%%%%%%%%%%%%%% %%%%%%%%%%%%%%%% %%%%%%%%%%%%%%%% %%%%%%%%%%%%%%%% %%%%%%%%%%%%%%%% %%%%%%%%%%%%%%%% %%%%%%%%%%%%%%%% %%%%%%%%%%%%%%%% %%%%%%%%%%%%%%%% %%%%%%%%%%%%%%%% %%%%%%
................ ................ ................ ................ ................ ................ ................ ................ ................ ................ ................ ................ ................ ................ ................ ................ ................ ................ ................ ....%%.......... ......
................ ................ ................ ................ ................ ................ ................ ................ ................ ................ ................ ................ ................ ................ ................ ................ ................ ................ ................ ....%%.......... ......
................ ...............% %%%%%%.......... ..........%%%%%% %%%%%%%%%.%%%%.% ...............% %%%%%%.......... ..........%%%%%% %%%%%%%%%.%%%%.% .........%.%%%%% %%%............. ............%%%% %%%%%%%%%%%%%%%% %%%%%%.........% .%%%%%%%%....... ................ ..%%%%%%%%%%%%%% %%%%%%%%%%%%.... ................ ....%%.......... ......
................ .%%...........%% %%%%%%....%%%%%% %%%%%%%%........ ................ .%%...........%% %%%%%%....%%%%%% %%%%%%%%........ ................ ................ ......%%%%%%%%%% %%.%%%%%%%...... ................ ................ ............%%%% %%%%%%%%.%%%%%%% ................ ................ ................ ................ ......
BBBBB........... .%%............% %%%%%%....%%%%%% %%%%%%%%%....... ..............3. .%%............% %%%%%%....%%%%%% %%%%%%%%%....... ..............3. ................ ................ ...%%%%%%%%..... ................ ................ ................ .........%%%%%%% %............... ................ ................ ................ ......
BBBBBB.......... .%%............% %%%%%%....%%%%%% %%%%%%%%%%%%%%%% %%%%%%%%%.%%%%.% .%%............% %%%%%%....%%%%%% %%%%%%%%%%%%%%%% %%%%%%%%%.%%%%.% ................ ................ ...%%%%%%%%%.... ................ ................ ................ .........%%%%%%% %%.............. ................ ................ ................ ......
BBBBBBB......... .%%....%%%%%...% %%%%%%.......... ................ ................ .%%....%%%%%...% %%%%%%.......... ................ ................ .....[]...[].... 2222...%%%%%%%%% %%.%%%%%%%%%.... %%%%%%%%%%%%%%%% %%%%%%.....[]... []....2222...%%% %%%%%%%%.%%%%%%% %%....%%%%%%%%%% %%%%%%%%%%%%.... ................ ..:%%%.......... ......
%%%%%%%%........ .......%%%%%.... .......[]....... ................ ................ .......%%%%%.... .......[]....... ................ ................ .....{}...{}.... ................ ................ ................ ...........{}... {}.............. ................ ................ ................ ....%%---------- ---%%%.......... ......
%%%%%%%%........ .......%%%%%.... .......{}....... ..........%%%%%% %%%%%%%%%.%%%%.% .......%%%%%.... .......{}....... ..........%%%%%% %%%%%%%%%.%%%%.% .....{}...{}.... ................ ................ ................ ...........{}... {}.............. ................ ................ ................ ....%%.......... ...%%%.......... ......
%%%%%%%%........ .......%%%%%.... .......{}....... ................ ................ .......%%%%%.... .......{}....... ................ ................ .....{}...{}.... ................ ................ ................ ...........{}... {}.............. ................ ................ ................ ....%%.......... ...%%%.......... ......
%%%%%%%%~~~%%%%% %%%~~~~%%%%%~~~% %%%%%%%%%%%%%%%% %%%%%%%%%%%%%%%% %%%%%%%%%.%%%%%% %%%~~~~%%%%%~~~% %%%%%%%%%%%%%%%% %%%%%%%%%%%%%%%% %%%%%%%%%.%%%%%% %%%..%%...%%..%% %%%%%%%%%%%%%%%% .%%%%%%%%%%%...% %%%%%%%%%%%%%%%% %%%%%%%%%..%%... %%..%%%%%%%%%%%% %%%%%%.%%%%%%%%% %%...%%%%%%%%%%% %%%%%%%%%%%%~~~% %~~~%%~~~~~~~~~~ ~~~%%%%%%%%%%%%% %%%%%%
%%%%%%%%...%%%%% %%%....%%%%%...% %%%%%%%%%%%%%%%% %%%%%%%%%%%%%%%% %%%%%%%%%.%%%%%% %%%....%%%%%...% %%%%%%%%%%%%%%%% %%%%%%%%%%%%%%%% %%%%%%%%%.%%%%%% %%%..%%...%%..%% %%%%%%%%%%%%%%%% .%%%%%%%%%%%...% %%%%%%%%%%%%%%%% %%%%%%%%%..%%... %%..%%%%%%%%%%%% %%%%%%.%%%%%%%%% %%...%%%%%%%%%%% %%%%%%%%%%%%...% %...%%.......... ...%%%%%%%%%%%%% %%%%%%

[entities]
piranha 39 10
podoboo 73 12
piranha 103 10
podoboo 137 12
piranha 149 9
piranha 154 9
firebar-ccw 188 5
firebar 198 5
firebar 212 9
piranha 219 9
piranha 224 9
firebar-ccw 258 5
firebar 268 5
firebar 282 9
podoboo 299 12
bowser 301 9
axe 307 8

[zones]
loop 63 9 12 -> 127 check=32:10:12
loop 127 3 12 -> 63 check=96:3:4,107:3:5 any
loop 193 3 4 -> 263 check=175:3:5
loop 263 3 12 -> 193 check=245:7:12,253:10:12,261:6:12 any
exit 318 next=ll-4-1
