id: ll-9-3-sky
name: WORLD 9-3
world: 9
stage: 3
theme: snow
music: overworld
time: inherit
start: 4,14
startMode: climb
camera: scroll
parent: ll-9-3

[tiles]
;; 0                16               32               48               64
................ ................ ................ ................ ................
................ ................ ................ ................ ................
................ ................ OOOOOOOOOOOOOOOO OOOOOOOOOOOOO... ................
................ ................ OOOOOOOOOOOOOOOO OOOOOOOOOOOOO... ................
................ ................ OOOOOOOOOOOOOOOO OOOOOOOOOOOOO... ................
................ ................ OOOOOOOOOOOOOOOO OOOOOOOOOOOOO... ................
................ ................ OOOOOOOOOOOOOOOO ................ ................
................ ................ OOOOOOOOOOOOOOOO ................ ................
................ ................ OOOOOOOOOOOOOOOO ................ ................
................ ................ OOOOOOOOOOOOOOOO $$$$$$$$$$$$$$$$ ................
................ ................ ................ ................ ................
................ ................ ................ ................ ................
................ ................ ................ ................ ................
OOOO.OOOOOOOOOOO OOOOOOOOOOOOOOOO OOOOOOOOOOOOOOOO OOOOOOOOOOOOO... ................
................ ................ ................ ................ ................

[entities]
vine 4 14 len=8

[zones]
pit 0 -> ll-9-3 98 0

[decor]
cloud-2 0 3
tree-small 11 12
tree-big 13 12
cloud-1 18 3
tree-big 21 12
tree-small 23 12
tree-small 24 12
cloud-1 27 2
cloud-1 30 3
tree-small 40 12
tree-big 43 12
tree-small 59 12
