id: ll-9-4
name: WORLD 9-4
world: 9
stage: 4
theme: water
music: water
time: 400
start: 2,12
startMode: stand
camera: scroll

[tiles]
;; 0                16               32               48               64               80               96               112
................ ................ ................ ................ ................ ................ ................ ................
................ ................ ................ ................ ................ ................ ................ ................
wwwwwwwwwwwwwwww wwwwwwwwwwwwwwww wwwwwwwwwwwwwwww wwwwwwwwwwwwwwww wwwwwwwwwwwwwwww wwwwwwwwwwwwwwww wwwwwwwwwwwwwwww wowwwwwwwwwwwwww
................ ................ ................ ................ ................ ................ ................ .!..............
................ ................ ................ ................ ................ ................ ................ .!..............
................ ................ .......#######.. .#...#.....#.... .....#.........# ......#......... .......BB....... .!..............
................ ................ .............#.. .#...#.....#...# .#...#......#### ##....#......... ......BBB....... .!..............
................ ................ ..........#..#.. .#...#....#####. .....#......#... .#....#......... .....BBBB....... .!..............
................ ................ ..........###... .#...#.....#..#. .....#......#... .#....#......... ....BBBBB....... .!..............
................ ................ ..........#..... .....#.....#..#. .....####....... .#....#......... ...BBBBBB....... .!..............
................ ................ ..........#..... .....#.....#..#. .....#.......... .#....#......... ..BBBBBBB....... .!..............
................ ................ .......n..#..... .....#.....#..#. .....#.......... ##.............. .BBBBBBBB....... .!..............
................ ...g...k...z.... .........#...... ....#......#..#. .....#.........# #.....#......... BBBBBBBBB....... .B..............
################ ################ ################ ################ ################ ################ ################ ################
################ ################ ################ ################ ################ ################ ################ ################

[entities]
koopa-para-green 34 12
blooper 53 8
koopa-para-red 66 8
podoboo 73 11
decor-castle-big 115 12

[zones]
exit 113 next=end
