id: ll-9-3
name: WORLD 9-3
world: 9
stage: 3
theme: castle-overworld
music: castle
time: 400
start: 2,12
startMode: stand
camera: scroll

[tiles]
;; 0                16               32               48               64               80               96               112              128              144              160              176              192              208              224
................ ................ ................ ................ ................ ................ ................ ................ ................ ................ ................ ................ ................ ................ ........
................ ................ ................ ................ ................ ................ ................ ................ ................ ................ ................ ................ ................ ................ ........
................ ................ %%%%%%%%%%%%%%%% %%%%%%%%%%%%%%%% ................ ................ ................ %%%%%%%%%%%%%%%% %%%%%%%%%%%%%%%% %%%%..%%%%%%%%%% %%%%%%%%%%%%%%%% %%%%%%%%%%%%%%%% %%%%%%%%%%%%%%%% ......o......... ........
................ ................ ................ ................ ................ ................ ................ ................ ................ .............%%% %%%%%%%%%%%%%%%% %%%%%%%%%....... ................ ......!......... ........
................ ................ ................ ................ ................ ................ ................ ................ ................ .............%%% %%%%%%%%%%%%%%%% %%%%%%%%%....... ................ ......!......... ........
................ ................ ................ ................ ................ ..V............. ................ ................ ................ .............%%% %%%%%%%%%%%%%%%% %%%%%%%%%....... ................ ......!......... ........
................ ................ ................ ...%%%%%%%%%%%%% ................ ................ ................ %%%%%%%%%%%%%%%% %%%%%%%%%%%%%%%% %%%%............ ................ ................ ................ ......!......... ........
................ ................ ................ ...%%%%%%%%%%%%% ................ ................ ...............% %%%%%%%%%%%%%%%% %%%%%%%%%%%%%%%% %%%%..AAAAAAAAAA AAAAAAAAAAAAAAAA AAAAAAAAA....... ................ ......!......... ........
................ ................ ................ ...%%%%%%%%%%%%% ................ .%%............. ..............%% %%%%%%%%%%%%%%%% %%%%%%%%%%%%%%%% %%%%..HHHHHHHHHH HHHHHHHHHHHHHHHH HHHHHHHHH%%%%%%% %%%%%%%%%%%%%%.. ......!......... ........
................ ...............B %%%%%%%%%%%%%%%% ...%%%%%%%%%%%%% ................ ................ .............%%% %%%%%%%%%%%%%%%% %%%%%%%%%%%%%%%% %%%%[]HHHHHHHHHH HHHHHHHHHHHHHHHH HHHHHHHH%%%%%%%% %%%%%%%%%%%%%%%. ......!......... ........
................ ..............BB %%%%%%%%%%%%%%%% ................ ................ ................ ................ ................ ................ ..%%{}%%%%%%%%%% %%%%%%%%%%%%%%%% %%%%%%%%%%%%.... ..........%%%%%% ......!......... ........
................ .............BBB %%%%%%%%%%%%%%%% ................ ................ ................ ................ ................ ................ ..())}%%%%%%%%%% %%%%%%%%%%%%%%%% %%%%%%%%%%%%.... ..........%%%%%% %.....!......... ........
................ ............BBBB %%%%%%%%%%%%%%%% ................ ..s............. ................ ...............% ~~~~~~~~~~~~~~~~ ~~~~~~~~~~~~~~~~ ~~<>>}%%%%%%%%%% %%%%%%%%%%%%%%%% %%%%%%%%%%%%~~~~ ~~~~~~~~~~%%%%%% %%....B......... ........
%%%%%%%%%%%%%%%% %%%%%%%%%%%%%%%% %%%%%%%%%%%%%%%% %%%%%%%%%%%%%%%% %%%%%%%%%%%%%%%% ~~~~~%%%%%%%%%%% %%%%%%%%%%%%%%%% ................ ................ ..%%%%%%%%%%%%%% %%%%%%%%%%%%%%%% %%%%%%%%%%%%.... ..........%%%%%% %%%%%%%%%%%%%%%% %%%%%%%%
%%%%%%%%%%%%%%%% %%%%%%%%%%%%%%%% %%%%%%%%%%%%%%%% %%%%%%%%%%%%%%%% %%%%%%%%%%%%%%%% .....%%%%%%%%%%% %%%%%%%%%%%%%%%% ................ ................ ..%%%%%%%%%%%%%% %%%%%%%%%%%%%%%% %%%%%%%%%%%%.... ..........%%%%%% %%%%%%%%%%%%%%%% %%%%%%%%

[entities]
bowser 183 8 attack=hammer fake=1
decor-castle 217 12

[zones]
exit 213 next=ll-9-4
vine 82 5 -> ll-9-3-sky 4 14
pipe 148 9 down -> ll-9-3-sky 1 12 exit=none

[decor]
cloud-2 0 3
tree-small 11 12
tree-big 13 12
cloud-1 18 3
tree-big 21 12
tree-small 23 12
tree-small 24 12
cloud-1 27 2
cloud-2 30 3
cloud-1 45 2
cloud-2 48 3
tree-small 59 12
tree-big 61 12
cloud-1 66 3
tree-big 69 12
tree-small 71 12
tree-small 72 12
cloud-1 75 2
cloud-2 78 3
tree-small 88 12
tree-big 91 12
cloud-1 93 2
cloud-2 96 3
tree-small 107 12
tree-big 109 12
cloud-1 114 3
cloud-1 123 2
cloud-2 126 3
cloud-1 141 2
cloud-2 144 3
cloud-1 189 2
cloud-2 192 3
cloud-1 210 3
tree-big 213 12
tree-small 215 12
tree-small 216 12
cloud-1 219 2
cloud-2 222 3

[variant sophia classic]
;; The flagpole's step-fall lift (WideCharacter): a two-tile lift by the pole that drops once stood on.
+ lift-fall 209 5 len=2 dx=8
