;; Luigi's Mirror Race (the mini game that frees him): a short original overworld course. race.ts
;; loads it with ?raw, so it is not in the level library, the dev level select or the campaign.
id: luigi-race
name: MIRROR RACE
world: 1
stage: 1
theme: overworld
music: overworld
time: 400
start: 2,12
startMode: stand
camera: scroll

[tiles]
;; 0              16               32               48               64               80
................ ................ ................ ................ ................ ................
................ ................ ................ ................ ................ ................
................ ................ ................ ................ ................ ....o...........
................ ................ ................ ................ ................ ....!...........
................ ................ ................ ................ ................ ....!...........
................ ................ ................ ................ .....?.......... ....!...........
................ ................ ................ ................ ................ ....!...........
................ ................ ................ ................ ................ ....!...........
................ ................ ................ ................ ................ ....!...........
.......?..=?=... ................ .............=?= =............... ...=?=......B... ....!...........
................ ................ ......B..B...... ....[].......... ...........BB... ....!...........
................ ....[].......... .....BB..BB..... ....{}.......... ..........BBB... ....!...........
................ ....{}.........g ....BBB..BBB.... ....{}...g.g.... .........BBBB... ....B...........
################ ##########..#### #######..####### #############... #############..# ################
################ ##########..#### #######..####### #############... #############..# ################

[entities]
decor-castle 88 12

[zones]
exit 84 next=end

[decor]
hill-big 0 12
cloud-1 6 3
bush-3 11 12
hill-small 16 12
cloud-2 22 2
bush-2 29 12
cloud-3 33 3
hill-big 44 12
cloud-1 52 2
bush-3 54 12
hill-small 64 12
cloud-2 70 3
bush-2 80 12
cloud-1 86 2
