id: ll-4-3
name: WORLD 4-3
world: 4
stage: 3
theme: overworld
music: overworld
time: 400
start: 2,12
startMode: stand
camera: scroll

[tiles]
;; 0                16               32               48               64               80               96               112              128              144              160              176              192
................ ................ ................ ................ ................ ................ ................ ................ ................ ................ ................ ................ ........
................ ................ ................ ................ ................ ................ ................ ................ ................ ................ ................ ................ ........
................ ................ ................ ................ ................ ................ ................ ................ ................ ................ ................ .........o...... ........
................ ................ ................ ................ ................ ................ ................ ................ ................ ................ ................ .........!...... ........
................ ................ ................ ................ ................ .......$$....... ................ ..........$.$... ......$$$$$..... .......$$$...... ................ .........!...... ........
................ ................ ................ ................ ................ ................ ................ ................ .....TTTTTTT.... ................ ................ B........!...... ........
................ ................ .$$............. ................ ................ ................ ................ ................ ......ttttt..... ................ ................ .........!...... ........
................ ................ ................ ................ ................ ................ ................ ................ ......ttttt..... ................ ................ .........!...... ........
................ ................ ................ ................ .............$$$ $$.............. ................ ................ ......ttttt..... ................ ................ .........!...... ........
................ ................ ................ .............TTT TTT.........TTTT TTT.......M..... .........TTTT... ................ ......ttttt..... ................ ...........B.... .........!...... ........
................ ................ ................ ..............tt tt...........ttt tt.............. ..........tt.... ................ ......ttttt..... ................ ................ .........!...... ........
................ ................ ................ ..............tt tt...........ttt tt.............. ..........tt.... ................ ......ttttt..... ................ ................ .........!...... ........
................ ..........s..... ................ ..............tt tt...........ttt tt.s............ ..........tt.... ................ ......ttttt..K.. ................ ................ .........B...... ........
################ ........TTTT.... ................ ..............tt tt...........ttt ttTTT........... .TTTTTT...tt.... ................ TTTTTTTTTTTTTTTT .........TTTTTTT TTTTTTT......... .........####### ########
################ .........tt..... ................ ..............tt tt...........ttt tt.t............ ..tttt....tt.... ................ .tttttttttttttt. ..........tttttt tttttt.......... .........####### ########

[entities]
decor-castle 0 12
lift-fall 31 6 len=6
lift-h 38 7 len=6 range=3
balance 44 5 x2=50 y2=9 len=6 top=2
lift-h 56 6 len=6 range=3
koopa-para-red 60 7
koopa-para-red 74 7
lift-h 90 13 len=6 range=3
lift-fall 113 8 len=6
balance 118 6 x2=123 y2=9 len=6 top=2
lift-fall 145 4 len=6
koopa-para-red 162 8
koopa-para-red 166 9
decor-castle-big 188 12

[zones]
checkpoint 98
exit 186 next=ll-4-4
bullets 108 49

[decor]
cloud-2 3 3
cloud-1 9 7
cloud-2 18 2
cloud-1 28 11
cloud-1 35 7
cloud-1 38 6
cloud-1 46 11
cloud-2 51 3
cloud-1 57 7
cloud-2 66 2
cloud-1 76 11
cloud-1 83 7
cloud-1 86 6
cloud-1 94 11
cloud-2 99 3
cloud-1 105 7
cloud-2 114 2
cloud-1 124 11
cloud-1 131 7
cloud-1 134 6
cloud-1 142 11
cloud-2 147 3
cloud-1 153 7
cloud-2 162 2
cloud-1 172 11
cloud-1 179 7
cloud-1 182 6
cloud-1 195 3
