id: ll-4-1
name: WORLD 4-1
world: 4
stage: 1
theme: mushroom-red
music: overworld
time: 400
start: 2,12
startMode: stand
camera: scroll

[tiles]
;; 0                16               32               48               64               80               96               112              128              144              160              176              192              208
................ ................ ................ ................ ................ ................ ................ ................ ................ ................ ................ ................ ................ ........
................ ................ ................ ................ ................ ................ ................ ................ ................ ................ ................ ................ ................ ........
................ ................ ................ ................ ................ ................ ................ ................ ................ ................ ................ ................ .......o........ ........
................ ................ ................ ................ ................ ................ ................ ................ ................ ................ ................ ................ .......!........ ........
................ ................ ..2............. ................ ................ ................ ................ ................ ................ ................ ................ .............g.. .......!........ ........
................ ................ ................ ................ ................ ................ ................ ................ ................ ................ ..........V..... .............B2. .......!........ ........
................ ................ ................ ................ ................ ................ ..........B..... ................ ................ ........[][][].. ................ ............BB.. .......!........ ........
................ ................ ................ ................ ................ ................ .........BB..... ................ ................ ........{}{}{}.. ................ ...........BBB.. .......!........ ........
................ ................ ...=............ ................ ................ ................ ........BBB..... ..............[] ................ ....?M..??????.. ................ ..........BBBB2. .......!........ ........
................ ................ ...C............ .....[]......... ................ ................ .......BBBB1.... ..........??4.{} ................ ................ .......?........ [].......BBBBB.. .......!........ ........
................ ................ ...........B.... .....{}.......?? ????M........... ................ ......BBBBB..... ..............{} ................ ................ ...........[]... {}......BBBBBB.. .......!........ ........
................ ..........[].... ...=.......B.... .....{}......... ..........s..... ................ .....BBBBBB..... ..............{} ................ ................ ...[]......{}... {}.....BBBBBBB.. .......!........ ........
................ ..........{}.... ...=.......B.... .....{}......... ..........Bwwwww wwwwwwB......... ....BBBBBBB..... .........B....{} ................ ................ ...{}......{}... {}....BBBBBBBB.. .......B........ ........
################ ###############[ ]############### ################ ###########..... ......########## ################ ################ ################ ######..######## ######.###.##..# ####.########### ######.######### ########
################ ###############{ }############### ################ ###########..... ......########## ################ ################ ################ ######..######## ######.###.##..# ####.########### ######.######### ########

[entities]
decor-castle-big -2 12
lakitu 19 0 end=50
piranha 26 11 red=1
piranha 31 13 red=1
piranha 53 9 red=1
lakitu 92 0 end=180
piranha 126 8 red=1
piranha 152 6 red=1
piranha 154 6 red=1
piranha 156 6 red=1
piranha 163 11 red=1
piranha 171 10 red=1
piranha 176 9 red=1
decor-castle 204 12

[zones]
checkpoint 114 12
exit 200 next=ll-4-2
vine 170 5 -> ll-4-1-sky 4 14
pipe 152 6 down -> ll-4-1-water 1 1 exit=none

[decor]
hill-big 0 12
cloud-1 8 3
bush-3 11 12
hill-small 16 12
cloud-1 19 2
bush-2 23 12
cloud-3 27 3
cloud-2 36 2
bush-3 41 12
hill-big 48 12
cloud-1 56 3
bush-3 59 12
hill-small 64 12
cloud-1 67 2
bush-2 71 12
cloud-3 75 3
cloud-2 84 2
bush-3 89 12
hill-big 96 12
cloud-1 104 3
bush-3 107 12
hill-small 112 12
cloud-1 115 2
bush-2 119 12
cloud-3 123 3
cloud-2 132 2
bush-3 137 12
hill-big 144 12
cloud-1 152 3
bush-3 155 12
hill-small 160 12
cloud-1 163 2
bush-2 167 12
cloud-3 171 3
cloud-2 180 2
hill-big 192 12
cloud-1 200 3
bush-3 203 12
hill-small 208 12
cloud-1 211 2

[variant sophia classic]
;; The original's pieces for Sophia III here: ground in the gap after the springboard at 73 (charHorz) and the blocks at 148 and
;; 190 a row lower (charVert). Every piece the original lays for
;; her in this area but the flagpole's lift (docs/HEROES.md).
148 8 ..
190 8 .
148 9 ?M
190 9 2
82 12 B....
82 13 #### *2
