id: ll-4-1-sky
name: WORLD 4-1
world: 4
stage: 1
theme: overworld
music: overworld
time: inherit
start: 4,14
startMode: climb
camera: scroll
parent: ll-4-1

[tiles]
;; 0                16               32               48               64               80               96               112
................ ................ ................ ................ ................ ................ ................ ........
................ ................ ................ ................ ................ ................ ................ ........
................ ................ =............... ................ ................ ................ ................ ........
................ ................ =............... ................ ................ ................ ................ ........
................ ................ =............... ................ ................ ................ ................ ........
................ $$$$$$$$$$$$$$$$ =.$$$$$$$$$$$$$$ ................ $$$$$$$$$$$$$$$$ ...............$ $$$$$$$$$$...... ........
................ ................ =............... ................ ................ ................ ................ ........
................ ................ =............... ................ ................ ................ ................ ........
................ ................ =............... ................ ................ ................ ................ ........
................ ................ =............... ################ ................ ................ ................ ........
................ ................ ................ ................ ................ ................ ................ ........
................ ................ ................ ................ ................ ................ ................ ........
................ ................ ................ ..$$$$$$$$$$$$$. ................ ................ ................ ........
####.########### ################ ################ ################ ################ ####............ ...........$$$.. ........
................ ................ ................ ................ ................ ................ ................ ........

[entities]
vine 4 14 len=8
lift-right 17 10 len=6 dx=-16

[zones]
pit 0 -> ll-4-1 98 0
