id: ll-4-2
name: WORLD 4-2
world: 4
stage: 2
theme: overworld
music: overworld
time: 400
start: 2,12
startMode: stand
camera: scroll

[tiles]
;; 0                16               32               48               64               80               96               112              128              144              160              176              192              208
................ ................ ................ ................ ................ ................ ................ ................ ................ ................ ................ ................ ................ ................
................ ................ ................ ................ ................ ................ ................ ................ ................ ................ ................ ................ ................ ................
................ ................ ................ ................ ................ ................ ................ ................ ................ ................ ................ ................ ..............o. ................
................ ................ ................ ................ ................ ................ ................ ................ ................ ................ ................ ................ ..............!. ................
................ ................ ................ ................ .K.............. ................ ................ ................ ................ ................ ................ ................ ..............!. ................
................ ................ ................ ............==== ======.......... ................ ................ ................ ................ ................ ................ ................ .....BB.......!. ................
................ ................ ................ ................ ................ ................ ................ ................ ................ ................ ................ ................ ..............!. ................
................ ................ ................ ................ ................ ................ ................ ................ ................ ................ ..............h. ................ ..............!. ................
................ .........^...... ................ ................ ............B... ................ ................ .....[]......... ................ ................ ................ ..............B. ..B...........!. ................
................ .^.......|...... ................ ................ ....========B... ................ ................ .....{}....M???? ???4............ .$$$$........... .........??????? ................ ..............!. ................
................ .|..M.^..|...S?? ................ ...............B ................ ................ ................ .....{}......... ................ ............BBBB BBBBBBBBB....... ...........B.... ..............!. ................
................ .^....|..|...... ................ ...............B ................ ................ ................ .....{}....^.... ..............C. ................ ................ ...[]......B.... ..............!. ................
................ .|....^..|...... .........zz..... ........s......B ................ ...gg........kk. k............kk. .....{}....|.... k..^........K... .......h........ ................ ...{}......B.... ....BwwwwwwwwwB. ................
################ ################ #############..# ######..#.###### ################ ################ ################ ################ #.############.# ################ ###########.[][] ...#########.... #####.........## ################
################ ################ #############..# ######..#.###### ################ ################ ################ ################ #.############.# ################ ###########.{}{} ...#########.... #####.........## ################

[entities]
decor-castle 0 12
lakitu 62 0 end=111
piranha 117 8
piranha 172 13
piranha 174 13
piranha 179 11
koopa-para-green-h 194 3
decor-castle 210 12

[zones]
checkpoint 114
exit 206 next=ll-4-3
pipe 172 13 down -> ll-4-2-bonus 1 0 exit=none

[decor]
cloud-1 8 3
bush-3 11 12
hill-small 16 12
cloud-1 19 2
bush-2 23 12
cloud-3 27 3
cloud-2 36 2
bush-3 41 12
hill-big 48 12
cloud-1 56 3
bush-3 59 12
hill-small 64 12
cloud-1 67 2
bush-2 71 12
cloud-3 75 3
cloud-2 84 2
bush-3 89 12
hill-big 96 12
cloud-1 104 3
bush-3 107 12
hill-small 112 12
cloud-1 115 2
bush-2 119 12
cloud-3 123 3
cloud-2 132 2
bush-3 137 12
hill-big 144 12
cloud-1 152 3
bush-3 155 12
hill-small 160 12
cloud-1 163 2
bush-2 167 12
cloud-3 171 3
cloud-2 180 2
bush-2 185 12
hill-big 192 12
cloud-1 200 3
bush-1 206 12
hill-small 208 12
cloud-1 211 2
bush-2 215 12
cloud-3 219 3
