id: ll-4-4
name: WORLD 4-4
world: 4
stage: 4
theme: castle
music: castle
time: 300
start: 1,6
startMode: stand
camera: scroll

[tiles]
;; 0                16               32               48               64               80               96               112              128              144              160              176              192              208
................ ................ ................ ................ ................ ................ ................ ................ ................ ................ ................ ................ ................ ................
................ ................ ................ ................ ................ ................ ................ ................ ................ ................ ................ ................ ................ ................
%%%%%%%%%%%%%%%% %%%%%%%%%%%%%%%% %%%%%%%%%%%%%%%% %%%%%%%%%%%%%%%% %%%%%%%%%%%%%%%% %%%%%%%%%%%%%%%% %%%%%%%%%%%%%%%% %%%%%%%%%%%%%%%% %%%%%%%%%%%%%%%% %%%%%%%%%%%%%%%% %%%%%%%%%%%%%%%% %%%%%%%%%%%%%%%% %%%%%%%%%%%%%%%% %%%%%%%%%%%%%%%%
%%%%%%%%%%%%%%%% %%%%%%%%%%%%%%%% %%%%%%%%%%%%%%%. ................ .%%%%%%%%%%%%%%% ...............% %%.............. ................ ................ ................ ................ ................ .......%......%% ................
%%%%%%%%%%%%%%%% %%%%%%%%%%%%%%%% %%%%%%%%%%%%%%%. ................ .%%%%%%%%%%%%%%% ...............% %%.............. ................ ................ ................ ................ ................ .......%......%% ................
................ ................ %%%%%%%%%%%%%%%. ................ .%%%%%%%%%%%%%%% .......kkk.....% %%.............. ................ B%%%%%%%%%%%%%23 ................ ................ ................ .......%......%% ................
................ ................ ................ ................ .%%%%%%%%%%%%%%% ...%%%%%%%%....% %%.............. ............[].. ................ %%%%%%%%%%%%%%%% ................ ................ .......%........ ................
BBB............. ................ ................ ....%B%......... .%%%%%%%%%%%%%%% ...%%%%%%%%....% %%.............. ............{}.. ................ %%%%%%%%%%%%%%%% ................ ................ .......%........ ................
BBBB............ ......K......... .......gg....... ................ .%%%%%%%%%%%%%%% ...%%%%%%%%....% %%.............. ............{}.. ................ %%%%%%%%%%%%%%%% ................ ................ ................ ................
BBBBB........... ??M?B???........ %%%%%%%B%%%%%%%% ................ .%%%%%%%%%%%%%%% .B.%%%%%%%%....% %%..B........... %%%%%%%%%%%%%%.. B%%%%%%%%%%%%%.2 %%%%%%%%%%%%%%%% ................ ...%............ ............:%%% ................
%%%%%........... ................ %%%%%%%%%%%%%%%% ................ ................ ...%%%%%%%%..... ................ ................ ................ ................ ...%..%......... .........%%...%% -------------%%% ................
%%%%%........... ................ %%%%%%%%%%%%%%%% .........%%B.... ................ ...%%%%%%%%..... ................ ................ ................ ................ ...%..%......... .........%%...%% .............%%% ................
%%%%%........... ................ %%%%%%%%%%%%%%%% ................ ................ ...%%%%%%%%..... .............h.. ................ ........gg...... .........kk.k... ...%[]%......... .........%%...%% .............%%% ................
%%%%%...%%%%%%%% %%%%%%%%%%%%%%%. %%%%%%%%%%%%%%%% ~~~~~~~~~~~~~~~~ %%%%%%%%%%%%%%%% %%%%%%%%%%%~~~~% %%%%%%%%%%%%%%%% %%%%%%%%%%%%%%~~ %%%%%%%%%%%%%%%~ %%%%%%%%%%%%%%%% ~~~%{}%~~~~~~~~~ ~~~~~~~~~%%~~~%% ~~~~~~~~~~~~~%%% %%%%%%%%%%%%%%%%
%%%%%...%%%%%%%% %%%%%%%%%%%%%%%. %%%%%%%%%%%%%%%% ................ %%%%%%%%%%%%%%%% %%%%%%%%%%%....% %%%%%%%%%%%%%%%% %%%%%%%%%%%%%%.. %%%%%%%%%%%%%%%. %%%%%%%%%%%%%%%% ...%{}%......... .........%%...%% .............%%% %%%%%%%%%%%%%%%%

[entities]
firebar-ccw 20 9 len=12
firebar 39 9
firebar-ccw 53 7 len=12
firebar 59 11
lift-v 61 10 len=4 range=6
firebar-ccw 81 9
lift-fall 92 6 len=4
firebar 100 9
piranha 124 6 red=1
firebar-ccw 128 5
firebar 128 9
piranha 164 12 red=1
lift-h 172 12 len=4 range=3
podoboo 188 12
firebar-ccw 196 10
bowser 199 9
axe 205 8
toad 217 12

[zones]
exit 216 next=ll-5-1
bowser-fire 144
