id: 2-1-sky
name: WORLD 2-1
world: 2
stage: 1
theme: overworld
music: overworld
time: inherit
start: 4,14
startMode: climb
camera: scroll
parent: 2-1

[tiles]
;; 0                16               32               48               64
................ ................ ................ ................ ................
................ ................ ................ ................ ................
................ ................ ................ ................ ................
................ ................ ................ ................ ................
................ ................ $$$............. .....$$$........ ................
................ ................ ....$$$$$$$$$$$$ $$$$............ ................
...............$ $$$$$$$$$$$$$$$. ................ ................ ................
................ ................ ................ ................ ................
................ ................ ................ ................ ................
................ ................ ................ ................ ................
................ ................ ................ ................ ................
................ ................ ................ ................ ................
................ ................ ................ ................ .....$$$........
OOOO.OOOOOOOOOOO OOOOOOOOOOOOOOOO OOOOOOOOOOOOOOOO OOOOOOOOOOOOOO.. ................
................ ................ ................ ................ ................

[entities]
vine 4 14 len=8
lift-right 17 10 len=6 dx=-16

[zones]
pit 0 -> 2-1 162 0
