id: 2-2
name: WORLD 2-2
world: 2
stage: 2
theme: water
music: water
time: 400
start: 2,1
startMode: fall
camera: scroll

[tiles]
;; 0                16               32               48               64               80               96               112              128              144              160              176
................ ................ ................ ................ ................ ................ ................ ................ ................ ................ ................ ................
................ ................ ................ ................ ................ ................ ................ ................ ................ ................ ................ ................
wwwwwwwwwwwwwwww wwwwwwwwwwwwwwww wwwwwwwwwwwwwwww wwwwwwwwwwwwwwww wwwwwwwwwwwwwwBB wwwwwwwwwwwwwwww wwwwwwwwwwwwwwww wwwwwwwwwwwwwwww wwwBwwwwwwwwwwww wwwwwwwwwwwwwwww wwwwwwwwwwwwwwww wwwwwwwwwwwwBBBB
................ ................ ................ ................ ..............BB ...#............ ................ ................ ...B............ ................ .............#.. ............BBBB
................ ................ ................ ................ ..............BB ...#............ ................ ................ ...BBBBBBBBB.... ................ .............#.. ............BBBB
................ ...........$$$.. ................ ................ ................ ..BBB........... ......#......... ................ ................ ............BBB. ..BBB.......BBBB B...BBBB....BBBB
................ ................ ................ ................ ................ ................ ......#......... .$$$............ ................ ............B... ....B........... ..............BB
................ ................ ..........#..... ................ ................ ................ ......#......... ................ ................ ............B... ....B........... .............(BB
................ ................ .#........#..... ................ .B.....B........ ................ ......#......... ...BB........... ................ ............B... ....B........... .............<BB
................ ..BBB........... .#........BB.... ..#............. .B.....B........ ................ ......BB........ ........#....... .B...........B.. ............B..$ $$..B.......BBBB B...BBBB....BBBB
...........#.... ................ .#.............. ..#............. BB.$$$.BB.....BB .........#...... ................ ........#....... .B...........B.. .....#......B... ....B........... ...........BBBBB
...........#.... ................ .#.............. ..#............. BB.....BB.....BB .........#...... .....$$$........ ........#....... .BB..$...$..BB.. ...#.#......B... ....B........... ..........BBBBBB
...........#..$$ ................ .#..$$$......... ..#............. BB.....BB.....BB .........#...... ................ ........#....... .BB...$$$...BB.. ...#.#......B..$ $$..B........... .........BBBBBBB
################ ################ ################ ################ ##.....######### ################ ################ ################ ###.........#### #############... ....############ ################
################ ################ ################ ################ ##.....######### ################ ################ ################ ###.........#### #############... ....############ ################

[entities]
blooper 22 12
blooper 46 10
blooper 55 11
cheep-grey 76 10
cheep-grey 79 7
cheep-grey 81 11
blooper 83 9
blooper 94 4
cheep-grey 94 6
cheep-red 97 3
cheep-grey 101 10
blooper 105 12
cheep-grey 117 4
cheep-red 127 10
cheep-grey 131 11
cheep-grey 136 8
cheep-grey 145 10
cheep-red 150 6
cheep-grey 164 3
cheep-red 167 11
cheep-grey 175 8
cheep-red 183 4
cheep-red 185 7

[zones]
checkpoint 82
pipe 189 8 right -> 2-2-exit 3 10 exit=up
