id: ll-8-3-sky
name: WORLD 8-3
world: 8
stage: 3
theme: overworld
music: overworld
time: inherit
start: 4,14
startMode: climb
camera: scroll
parent: ll-8-3

[tiles]
;; 0                16               32               48               64               80               96               112
................ ................ ................ ................ ................ ................ ................ ........
................ ................ ................ ................ ................ ................ ................ ........
................ ................ ................ ................ ................ ................ ................ ........
................ ................ ................ ................ ................ ....$$$$$$$$$... ................ ........
................ ................ ................ ................ ................ ..##.#.#.#.#.... ................ ........
...............$ $$$$$$$$$$$$$$$. ................ ................ .......$$$$$$$$. ................ ................ ........
................ ................ ................ ...........$$$$$ $$$$$........... ................ ................ ........
................ ................ ................ ................ .....#.........# ................ ................ ........
................ ................ ................ ................ .....#.........# ................ ................ ........
................ ................ ................ ................ ................ ................ ................ ........
................ ................ ......#........# ................ ................ ................ ................ ........
................ ................ ......#........# ................ ................ ................ ................ ........
................ ...............$ $$$$$$#$$$$$$$$# $$$$$$$$$$$$$$$$ ................ ................ ................ ........
####.########### ################ ################ ################ ################ ################ .........$$$.... ........
................ ................ ................ ................ ................ ................ ................ ........

[entities]
vine 4 14 len=8
lift-right 16 10 len=4

[zones]
pit 0 -> ll-8-3 114 0
