id: ll-8-3
name: WORLD 8-3
world: 8
stage: 3
theme: clouds
music: overworld
time: 400
start: 2,12
startMode: stand
camera: scroll

[tiles]
;; 0                16               32               48               64               80               96               112              128              144              160              176              192              208              224
................ ................ ................ ................ ................ ................ ................ ................ ................ ................ ................ ................ ................ ................ ........
................ ................ ................ ................ ................ ................ ................ ................ ................ ................ ................ ................ ................ ................ ........
................ ................ ................ ................ ................ ................ ................ ................ ................ ................ ................ ................ ................ ......o......... ........
................ ................ ................ ................ ................ ................ ................ ................ ................ ................ ................ ................ ................ ......!......... ........
................ .............TTT TT.............. ................ ................ ................ ................ ................ ................ ................ ................ ................ ................ ......!......... ........
................ ..............tt t............... ................ ................ ................ ................ ................ ................ ................ ................ ................ ............BB.. ......!......... ........
................ ..............tt t............... ................ ................ ................ ................ ................ ................ ................ ................ ................ ................ ......!......... ........
................ ..............tt t............... ............AAAA AAAAAAAAAA...... ...........AAAAA AAAAAAAAA....... ...AAAAAAAAAA..A AAAAAA.......... ............AAAA AAAAAAAAA..AAAAA AAAAAA.......... ................ ......!......... ........
................ ..............tt t............... ............HHHH HHHHHHHHHH...... ...........5HHHP HHVHHHHHH....... ...HHHHHHHHHH..H HHHHHH.......... ............HHHH HHHHHHHHH..HHHHH HHHCH5.......... ................ ......!......... ........
................ .....TTT......tt t............... ............HHHH HHHHHHHHH5...... ...........HHHHH HHHHHHHHH....... [].HSHHHHHHHH..H HHHHHH.......... ............HHHH HHHHHHHHH..HHHHH HHHHHH.......... ................ ......!......... ........
................ ......t.......tt t............... ............HHHH HHHHHBHHHH...... ...........HHHHH HHHHHHHHHB...... {}.HHHHHHHHHH..H HHHHHH.......... ............HHHH HHHHHHHHH..HHHHH HHHHHH.......... ................ ......!......... ........
................ ......t.......tt t............... ............HHHH HHHHHBHHHH...... ...........HHHHH HHHHHHHHHB...... {}.HHHHHHHHHH..H HHHHHH.......... ............HHHH HHHHHHHHH..HHHHH HHHHHH.......... ................ ......!......... ........
................ ......t.......tt t....s.......... ............HHHH HHHHHBHHHH...... .....n.....HHHHH HHHHHHHHHB...... {}.HHHHHHHHHH..H HHHHHH.......s.. ............HHHH HHHHHHHHH..HHHHH HHHHHH.......... ................ ......B......... ........
TTTTTTTTTTTTTTTT ......t.TTT...tt t...TTT......... TTTTTT.....TTTTT TTTTTTTTTTTTTTTT TTTTTTTTTTTTTTTT TTTTTTTTTTT...TT TTTTTTTTTTTTTTTT TTTTTTTTTTTTTT.. ..........TTTTTT TTTTTTTTTTTTTTTT TTTTTTTT........ ................ .....TTTTTTTTTTT TTTTTTTT
ttttttttttttttt. ......t..t....tt t....t.......... .tttt.......tttt tttttttttt..tttt tttttttttt..tttt tttttttttt.....t tt..ttttttttt..t ttttttttttttt... ...........ttttt ttttttttt..ttttt ttttttt......... ................ ......tttttttttt tttttttt

[entities]
decor-castle 0 12
lift-fall 16 9 len=4
lakitu 24 0 end=55 mid=1
koopa-para-green-h 29 6
koopa-para-red 42 9
lift-fall 45 5 len=4
koopa-red 66 12
koopa-red 69 9
hammer-bro-chase 94 12
piranha 112 9 red=1
koopa-para-red 148 9
koopa-para-red 151 10
hammer-bro 166 12
hammer-bro 173 12
balance 189 6 x2=194 y2=9 len=4 top=2
koopa-para-red 209 7
decor-castle-big 216 12

[zones]
exit 214 next=ll-8-4
vine 98 8 -> ll-8-3-sky 4 14

[decor]
cloud-2 3 3
cloud-1 9 7
cloud-2 18 2
cloud-1 28 11
cloud-1 35 7
cloud-1 38 6
cloud-1 46 11
cloud-2 51 3
cloud-1 57 7
cloud-2 66 2
cloud-1 76 11
cloud-1 83 7
cloud-1 86 6
cloud-1 94 11
cloud-2 99 3
cloud-1 105 7
cloud-2 114 2
cloud-1 124 11
cloud-1 131 7
cloud-1 134 6
cloud-1 142 11
cloud-2 147 3
cloud-1 153 7
cloud-2 162 2
cloud-1 172 11
cloud-1 179 7
cloud-1 182 6
cloud-1 190 11
cloud-2 195 3
cloud-1 201 7
cloud-2 210 2
cloud-1 220 11
cloud-1 227 7
cloud-1 230 6
