id: ll-8-1
name: WORLD 8-1
world: 8
stage: 1
theme: snow
music: overworld
time: 400
start: 2,12
startMode: stand
camera: scroll

[tiles]
;; 0                16               32               48               64               80               96               112              128              144              160              176              192              208              224
................ ................ ................ ................ ................ ................ ................ ................ ................ ................ ................ ................ ................ ................ ........
................ ................ ................ ................ ................ ................ ................ ................ ................ ................ ................ ................ ................ ................ ........
................ ......EE........ ...........BBBB. ................ ................ ................ ................ ................ ................ ................ ................ ................ ................ .......o........ ........
................ ......{}........ ............{}.. ................ ................ ................ ................ ................ ................ ................ ................ ................ ................ .......!........ ........
................ ......{}........ ............{}.. ................ ................ ................ ................ ................ ................ ..............n. ................ ................ ................ .......!........ ........
................ ......DG........ ............{}.. ................ ................ ........BB...... ........PEE=.... ................ ................ ...........===== .....=EE=5...... ...B............ ..............B. .......!........ ........
................ ................ ............{}.. ................ ................ ........{}...... .........{}..... ................ ................ ..........=..... ......{}........ .......[]....... ................ .......!........ ........
................ ................ ............{}.. ................ ................ ........{}...... .........{}..... ................ ................ n........==..... ......{}........ .......{}....... ................ .......!........ ........
................ ................ ............{}.. ................ ................ ........{}...... .........{}..... ................ ................ ........===1.... ..6...{}........ .......{}....... .........[]..... .......!........ ........
................ .....[]...?????? M???????4?..DG.. .....B.......... ................ ........{}...... .........{}..... ................ ......=......... .......P===..... ......DG........ [].....{}....... .....C...{}..... .......!........ ........
................ .....{}......... ................ .....B.......... ................ ........DG.....^ .........DG..... ................ ................ ................ ................ {}.....{}....... .........{}..... .......!........ ........
................ .....{}......... ................ .....B.......... ................ ...............| ................ .....[].B.B..... ................ ................ ................ {}.....{}....... .........{}..... .......!........ ........
................ .....{}......z.. gg...kk......... .....B........K. ...z.z....B..... ...............^ .....z.......... n....{}.B.B..... ................ .......^........ ....^........K.. {}.....{}....... .........{}..... .......B........ ........
################ ################ ################ ######.....##### ###########..... ......########## ################ ###########..... .....#########[] ################ #####.########## ##.....#######[] ######...####### .......######### ##......
################ ################ ################ ######.....##### ###########..... ......########## ################ ###########..... .....#########{} ################ #####.########## ##.....#######{} ######...####### .......######### ##......

[entities]
decor-castle-big -2 12
piranha 21 9
piranha-down 22 5
piranha-down 44 9
koopa-para-green 49 12
koopa-para-green 52 11
koopa-para-red 78 11
koopa-para-red 81 10
koopa-para-red 84 10
piranha-down 88 10
piranha-down 105 10
piranha 117 11
koopa-para-red 131 11
piranha 142 13
piranha-down 166 9
piranha 176 9
piranha 183 6
piranha 190 13
piranha 201 8
decor-castle 219 12

[zones]
exit 215 next=ll-8-2
pipe 176 9 down -> ll-8-1-water 2 1 exit=none

[decor]
hill-big 0 12
cloud-1 8 3
bush-3 11 12
hill-small 16 12
cloud-1 19 2
bush-2 23 12
cloud-3 27 3
cloud-2 36 2
bush-3 41 12
hill-big 48 12
cloud-1 56 3
bush-3 59 12
hill-small 64 12
cloud-1 67 2
bush-2 71 12
cloud-3 75 3
cloud-2 84 2
bush-3 89 12
hill-big 96 12
cloud-1 104 3
bush-3 107 12
hill-small 112 12
cloud-1 115 2
bush-2 119 12
cloud-3 123 3
cloud-2 132 2
bush-3 137 12
hill-big 144 12
cloud-1 152 3
bush-3 155 12
hill-small 160 12
cloud-1 163 2
bush-2 167 12
cloud-3 171 3
cloud-2 180 2
bush-3 185 12
hill-big 192 12
cloud-1 200 3
bush-3 203 12
cloud-1 211 2
bush-2 215 12
cloud-3 219 3
