id: ll-8-4-end3
name: WORLD 8-4
world: 8
stage: 4
theme: castle
music: castle
time: inherit
start: 3,10
startMode: pipe-exit
camera: scroll
parent: ll-8-4

[tiles]
;; 0                16               32               48               64               80               96               112              128
................ ................ ................ ................ ................ ................ ................ ................ ................
................ ................ ................ ................ ................ ................ ................ ................ ................
%%%%%%%%%%%%%%%% %%%%%%%%%%%%%%%% %%%%%%%%%%%%%%%% %%%%%%%%%%%%%%%% %%%%%%%%%%%%%%%% %%%%%%%%%%%%%%%% %%%%%%%%%%%%%%%% %%%%%%%%%%%%%%%% %%%%%%%%%%%%%%%%
%............... ................ ................ ................ .......{}....... %%%%%%%%%%%%%%%% %%%%%%%%%%%%.... .%...%........%% ................
%............... ................ ................ ................ .......{}....... %%%%%%%%%%%%%%%% %%%%%%%%%%%%.... .%...%........%% ................
%............... ................ ................ ................ .......{}....... %%%%%%%%%%%%%%%% %%%%%%%%%%%%.... .%...%........%% ................
%............... ................ ................ ................ .......{}....... ............%%%% %%%%%%%%%%%%.... .%.............. ................
%............... ................ ................ ................ .......{}....... ............%%%% %%%%%%%%%%%%.... .%.............. ................
%............... ................ ................ ................ .......{}....... .....z......%%%% %%%%%%%%%%%%.... ................ ................
%.............22 ................ ................ ................ .......DG....... %%%%%%%%%%..%%%% %%%%%%%%%%%%.... ............:%%% ................
%..........%%%.. %%%%%%%%%%%%%%%% %%%%%%%%%%%%%%%% %%%%%%%%%%%%%%%% ...............% %%%%%%%%%%...... ...............% -------------%%% ................
%..[].....%%%%.. %%%%%%%%%%%%%%%% %%%%%%%%%%%%%%%% %%%%%%%%%%%%%%%% ...............% %%%%%%%%%%...... ..............%% .............%%% ................
%..{}....%%%%%.. %%%%%%%%%%%%%%%% %%%%%%%%%%%%%%%% %%%%%%%%%%%%%%%% ...............% %%%%%%%%%%...... .............%%% .............%%% ................
%%%{}%%%%%%%%%[] %%%%%%%%%%%%%%%% %%%%%%%%%%%%%%%% %%%%%%%%%%%%%%%% ~~~~~~%%%%~~~~~% %%%%%%%%%%%%%%%% %%%%%%%%%%%%%%%% ~~~~~~~~~~~~~%%% %%%%%%%%%%%%%%%%
%%%{}%%%%%%%%%{} %%%%%%%%%%%%%%%% %%%%%%%%%%%%%%%% %%%%%%%%%%%%%%%% ......%%%%.....% %%%%%%%%%%%%%%%% %%%%%%%%%%%%%%%% .............%%% %%%%%%%%%%%%%%%%

[entities]
piranha 3 11 red=1
piranha 14 13 red=1
bowser 23 9 attack=hammer fake=1
lift-fall 67 11 len=4
piranha-down 71 9 red=1
firebar 117 5
bowser 119 9 attack=both
axe 125 8

[zones]
exit 136 next=end
pipe 14 13 down -> ll-8-4 47 10 exit=up
