id: ll-8-1
name: WORLD 8-1
world: 8
stage: 1
theme: snow
music: overworld
time: 400
start: 2,12
startMode: stand
camera: scroll

[tiles]
;; 0                16               32               48               64               80               96               112              128              144              160              176              192              208              224
................ ................ ................ ................ ................ ................ ................ ................ ................ ................ ................ ................ ................ ................ ........
................ ................ ................ ................ ................ ................ ................ ................ ................ ................ ................ ................ ................ ................ ........
................ ......EE........ ...........BBBB. ................ ................ ................ ................ ................ ................ ................ ................ ................ ................ .......o........ ........
................ ......{}........ ............{}.. ................ ................ ................ ................ ................ ................ ................ ................ ................ ................ .......!........ ........
................ ......{}........ ............{}.. ................ ................ ................ ................ ................ ................ ..............n. ................ ................ ................ .......!........ ........
................ ......DG........ ............{}.. ................ ................ ........BB...... ........PEE=.... ................ ................ ...........===== .....=EE=5...... ...B............ ..............B. .......!........ ........
................ ................ ............{}.. ................ ................ ........{}...... .........{}..... ................ ................ ..........=..... ......{}........ .......[]....... ................ .......!........ ........
................ ................ ............{}.. ................ ................ ........{}...... .........{}..... ................ ................ n........==..... ......{}........ .......{}....... ................ .......!........ ........
................ ................ ............{}.. ................ ................ ........{}...... .........{}..... ................ ................ ........===1.... ..6...{}........ .......{}....... .........[]..... .......!........ ........
................ .....[]...?????? M???????4?..DG.. .....B.......... ................ ........{}...... .........{}..... ................ ......=......... .......P===..... ......DG........ [].....{}....... .....C...{}..... .......!........ ........
................ .....{}......... ................ .....B.......... ................ ........DG.....^ .........DG..... ................ ................ ................ ................ {}.....{}....... .........{}..... .......!........ ........
................ .....{}......... ................ .....B.......... ................ ...............| ................ .....[].B.B..... ................ ................ ................ {}.....{}....... .........{}..... .......!........ ........
................ .....{}......z.. g....k.......... .....B........K. ...z.z....B..... ...............^ .....z.......... n....{}.B.B..... ................ .......^........ ....^........K.. {}.....{}....... .........{}..... .......B........ ........
################ ################ ################ ######.....##### ###########..... ......########## ################ ###########..... .....#########[] ################ #####.########## ##.....#######[] ######...####### .......######### ##......
################ ################ ################ ######.....##### ###########..... ......########## ################ ###########..... .....#########{} ################ #####.########## ##.....#######{} ######...####### .......######### ##......

[entities]
decor-castle-big -2 12
piranha 21 9 red=1
piranha-down 22 5 red=1
goomba 33 12 dx=8
koopa-green 38 12 dx=8
piranha-down 44 9 red=1
koopa-para-green 49 12
koopa-para-green 52 11
koopa-para-red 78 11 dy=-8
koopa-para-red 81 10 dy=-8
koopa-para-red 84 10 dy=-8
piranha-down 88 10 red=1
piranha-down 105 10 red=1
piranha 117 11 red=1
koopa-para-red 131 11 dy=-8
piranha 142 13 red=1
piranha-down 166 9 red=1
piranha 176 9 red=1
piranha 183 6 red=1
piranha 190 13 red=1
piranha 201 8 red=1
decor-castle 219 12

[zones]
exit 215 next=ll-8-2
pipe 176 9 down -> ll-8-1-water 2 1 exit=none

[decor]
hill-big 0 12
cloud-1 8 3
bush-3 11 12
hill-small 16 12
cloud-1 19 2
bush-2 23 12
cloud-3 27 3
cloud-2 36 2
bush-3 41 12
hill-big 48 12
cloud-1 56 3
bush-3 59 12
hill-small 64 12
cloud-1 67 2
bush-2 71 12
cloud-3 75 3
cloud-2 84 2
bush-3 89 12
hill-big 96 12
cloud-1 104 3
bush-3 107 12
hill-small 112 12
cloud-1 115 2
bush-2 119 12
cloud-3 123 3
cloud-2 132 2
bush-3 137 12
hill-big 144 12
cloud-1 152 3
bush-3 155 12
hill-small 160 12
cloud-1 163 2
bush-2 167 12
cloud-3 171 3
cloud-2 180 2
bush-3 185 12
hill-big 192 12
cloud-1 200 3
bush-3 203 12
cloud-1 211 2
bush-2 215 12
cloud-3 219 3

[variant sophia classic]
;; The original's pieces for heroes who jump short or low (charHorz, charVert): a red spring
;; on a block in each long gap (Mario crosses them on the Paratroopas, which the tank cannot
;; stomp), the Paratroopas moved to suit (docs/HEROES.md).
78 13 s
82 13 s
127 13 s
131 13 s
78 14 B
82 14 B
127 14 B
131 14 B
- koopa-para-red 78 11
- koopa-para-red 81 10
- koopa-para-red 84 10
- koopa-para-red 131 11
+ koopa-para-red 75 9 dx=8
+ koopa-para-red 80 9
+ koopa-para-red 84 9 dx=8
+ koopa-para-red 129 11 dy=-8
