id: ll-8-2-warp
name: WORLD 8-2
world: 8
stage: 2
theme: clouds
music: overworld
time: inherit
start: 4,14
startMode: climb
camera: scroll
parent: ll-8-2

[tiles]
;; 0                16               32
................ ................ ........
................ ................ ........
................ ...........o.... ........
................ ...........!.... ........
................ ...........!.... ........
...............T TT.........!.... ........
................ t..........!.... ........
................ t..........!.... ........
................ t..........!.... ........
...........TTT.. t..........!.... ........
............t... t..........!.... ........
............t... t..........!.... ........
............t... t..........B.... ........
TTTT.TTTTTT.t... t.........TTTTTT TTTTTTTT
ttt...tttt..t... t..........ttttt tttttttt

[entities]
vine 4 14 len=8
decor-castle 30 12

[zones]
exit 26 next=ll-8-3

[decor]
cloud-2 3 3
cloud-1 9 7
cloud-2 18 2
cloud-1 28 11
cloud-1 35 7

[variant sophia classic]
;; The flagpole's step-fall lift (WideCharacter): a two-tile lift by the pole that drops once stood on.
+ lift-fall 22 4 len=2 dx=8
