id: ll-8-4
name: WORLD 8-4
world: 8
stage: 4
theme: castle
music: castle
time: 400
start: 1,6
startMode: stand
camera: scroll

[tiles]
;; 0                16               32               48               64               80
................ ................ ................ ................ ................ ................
................ ................ ................ ................ ................ ................
%%%%%%%%%%%%%%%% %%%%%%%%%%%%%%%% %%%%%%%%%%%%%%%% %%%%%%%%%%%%%%%% %%%%%%%%%%%%%%%% %%%%%%%%%%%%%%%%
%%%%%%%......... %%%%%%%%%%...... ................ ................ ...........%%%%% %%%%%%%%%%......
%%%%%%%......... %%%%%%%%%%...... ................ ................ ...........%%%%% %%%%%%%%%%......
................ %%%%%%%%%%...... ................ ................ ...........%%%%% %%%%%%%%%%......
................ %%%%%%%%%%...... ................ ................ ...........%%%%% %%%%%%%%%%......
%%%%%........... %%%%%%%%%%...... ...............% %..........[]... ...........%%%%% %%%%%%%%%%......
%%%%%%.......... %%%%%%%%%%..6... ................ ...........{}... ...........%%%%% %%%%%%%%%%..6...
%%%%%%%......... %B%%%%%%%B...... .....B.......... .........%%%%... ...........%%%%% %B%%%%%%%B......
................ ................ .....%%......... ................ ................ ................
................ ................ .....%%%.......[ ]..[]........... ...[]........... ................
................ ...............% .....%%%%......{ }..{}........... ...{}........... ...............%
%%%%%%%~~~~~~~~% %%%%%%%%%%%%%%%% ~~~~~%%%%~~~~~~{ }~~{}~~~~~~~~~~~ ~~~{}~~~~~%%%%%% %%%%%%%%%%%%%%%%
%%%%%%%........% %%%%%%%%%%%%%%%% .....%%%%......{ }..{}........... ...{}.....%%%%%% %%%%%%%%%%%%%%%%

[entities]
firebar 17 9
firebar 25 9
podoboo 34 12
firebar 37 9
koopa-para-red 44 8 dy=-8
piranha 47 11 red=1
piranha 51 11 red=1
piranha 59 7 red=1
piranha 67 11 red=1
firebar 81 9
firebar 89 9

[zones]
loop 88 10 12 -> 24
pipe 47 11 down -> ll-8-4-water 3 10 exit=up
