id: ll-5-1-sky
name: WORLD 5-1
world: 5
stage: 1
theme: overworld
music: overworld
time: inherit
start: 4,14
startMode: climb
camera: scroll
parent: ll-5-1

[tiles]
;; 0                16               32               48               64               80               96               112
................ ................ ................ ................ ................ ................ ................ ........
................ ................ ................ ................ ................ ................ ................ ........
................ ................ ................ ................ ................ ................ ................ ........
................ ................ ................ ................ ................ ....$$$$$$$$$... ................ ........
................ ................ ................ ................ ................ ..##.#.#.#.#.... ................ ........
...............$ $$$$$$$$$$$$$$$. ................ ................ .......$$$$$$$$. ................ ................ ........
................ ................ ................ ...........$$$$$ $$$$$........... ................ ................ ........
................ ................ ................ ................ .....#.........# ................ ................ ........
................ ................ ................ ................ .....#.........# ................ ................ ........
................ ................ ................ ................ ................ ................ ................ ........
................ ................ ......#........# ................ ................ ................ ................ ........
................ ................ ......#........# ................ ................ ................ ................ ........
................ ...............$ $$$$$$#$$$$$$$$# $$$$$$$$$$$$$$$$ ................ ................ ................ ........
####.########### ################ ################ ################ ################ ################ .........$$$.... ........
................ ................ ................ ................ ................ ................ ................ ........

[entities]
vine 4 14 len=8
lift-right 16 10 len=4

[zones]
pit 0 -> ll-5-1 386 0
