id: ll-5-2-warp
name: WORLD 5-2
world: 5
stage: 2
theme: overworld
music: overworld
time: inherit
start: 4,14
startMode: climb
camera: scroll
parent: ll-5-2

[tiles]
;; 0                16               32               48
................ ................ ................ ................
................ ................ ................ ................
................ ................ ................ ..............##
................ ................ ................ ..............##
................ ......$$........ ................ BBBBBBBBBBBB..##
................ .....TTTT....... ...............B B.............##
................ ......tt........ ..............BB B.............##
................ ......tt........ .............BBB B.............##
............$$$. ......tt..$$$$$$ ............BBBB B.............##
............TTT. ......tt.TTTTTTT T..........BBBBB B.............##
.............t.. ......tt..tttttt ..........BBBBBB B.....[]......##
.............t.. ......tt..tttttt .........BBBBBBB B.....{}......##
......$$$....t.. ..$$$.tt..tttttt ........BBBBBBBB B.....{}......##
TTTT.TTTTT...t.. .TTTTTtt..tttttt .......######### ################
ttt...ttt....t.. ..ttt.tt..tttttt .......######### ################

[entities]
vine 4 14 len=8

[zones]
pipe 54 10 down -> ll-8-1 2 12
warp 48 16 worlds=8 text=WELCOME_TO_WARP_ZONE!
