id: ll-5-3
name: WORLD 5-3
world: 5
stage: 3
theme: overworld
music: overworld
time: 400
start: 2,12
startMode: stand
camera: scroll

[tiles]
;; 0                16               32               48               64               80               96               112              128              144              160              176              192              208              224              240              256
................ ................ ................ ................ ................ ................ ................ ................ ................ ................ ................ ................ ................ ................ ................ ................ ................
................ ................ ................ ................ ................ ................ ................ ................ ................ ................ ................ ................ ................ ................ ................ ................ ................
................ ................ ................ ................ ......3......... ................ ................ ................ ......3......... ................ ................ ................ ................ ................ ................ .............o.. ................
................ ................ ................ ................ ................ ................ ................ ................ ................ ................ ................ ................ ................ ................ ................ .............!.. ................
................ ................ ......[]........ ................ ................ ................ ......[]........ ................ ................ ................ ................ ...$$$$$........ ...........$$$$. ................ ................ .............!.. ................
................ ................ .....B{}........ ................ ................ ................ .....B{}........ ................ ................ ................ ................ ..TTTTTTT....... ..........TTTTTT ................ ................ ....BB.......!.. ................
................ ................ .....BBB........ ..............TT TTTTTTTT........ ................ .....BBB........ ..............TT TTTTTTTT........ ................ .............$.. ...ttttt........ ...........tttt. ................ ..........$.$... $.$..........!.. ................
................ ................ ................ ...............t ttttttt......... ................ ................ ...............t ttttttt......... ................ ................ ...ttttt........ ...........tttt. ................ ................ .............!.. ................
................ ................ ............B... B..............t ttttttt......... ................ ............B... B..............t ttttttt......... ................ ................ ...ttttt........ ...........tttt. ................ ................ .............!.. ................
................ ................ ............B... B..............t ttttttt......... ................ ............B... B..............t ttttttt......... ................ .[]............. ...ttttt........ ...........tttt. ................ ..TTTTT......... .............!.. ................
...............B .........[].TTTT ................ ...............t ttttttt.....TTTT .........[].TTTT ................ ...............t ttttttt.....TTTT .........TTTT... .{}............. ...ttttt........ ...........tttt. ................ ...ttt.......... .............!.. ................
..............BB .........{}..tt. ................ ...............t ttttttt......tt. .........{}..tt. ................ ...............t ttttttt......tt. ...[].....tt.... .{}............. ...ttttt........ ...........tttt. ................ ...ttt.......... .............!.. ................
.............BBB .........{}..tt. ................ ...............t ttttttt......tt. .........{}..tt. ................ ...............t ttttttt......tt. ...{}.....tt.... .{}............. ...ttttt........ ...........tttt. ................ ...ttt.......... .............B.. ................
################ .........{}..tt. ................ ........[][]..TT TTTTTTTT.....tt. .........{}..tt. ................ ........[][]..TT TTTTTTTT.....tt. ...{}.....tt.... .{}............. TTTTTTTTTTT..... ...........tttt. ................ ...ttt.......... .............### ################
################ .........{}..tt. ................ ........{}{}...t ttttttt......tt. .........{}..tt. ................ ........{}{}...t ttttttt......tt. ...{}.....tt.... .{}............. .ttttttttt...... ...........tttt. ................ ...ttt.......... .............### ################

[entities]
decor-castle 0 12
lift-h 20 10 len=4 range=3 dx=-8
piranha 25 10 red=1
koopa-para-red 33 6
koopa-para-red 36 5
lift-h 37 11 len=6 range=3 dx=-8
piranha 38 4 red=1
blooper 45 9
koopa-para-green-h 53 8
piranha 56 13 red=1
piranha 58 13 red=1
lift-h 84 10 len=4 range=3 dx=-8
piranha 89 10 red=1
koopa-para-red 97 6
koopa-para-red 100 5
lift-h 101 11 len=6 range=3 dx=-8
piranha 102 4 red=1
blooper 109 9
koopa-para-green-h 117 8
piranha 120 13 red=1
piranha 122 13 red=1
piranha 147 11 red=1
piranha 161 9 red=1
balance 167 7 x2=172 y2=9 len=4 top=2
lift-h 190 10 len=4 range=3
blooper 193 7
lift-h 198 8 len=4 range=3
koopa-para-red 201 5
lift-fall 213 7 len=4
lift-fall 218 5 len=4
lift-fall 223 5 len=4
balance 235 7 x2=241 y2=10 len=4 top=2
decor-castle-big 257 12

[zones]
checkpoint 154 9
loop 128 0 14 -> 64
exit 255 next=ll-5-4
bullets 155 75
pipe 38 4 down -> ll-5-3-bonus 1 0 exit=none
pipe 102 4 down -> ll-5-3-bonus 1 0 exit=none

[decor]
cloud-2 3 3
cloud-1 9 7
cloud-2 18 2
cloud-1 28 11
cloud-1 35 7
cloud-1 38 6
cloud-1 46 11
cloud-2 51 3
cloud-1 57 7
cloud-2 66 2
cloud-1 76 11
cloud-2 82 2
cloud-1 92 11
cloud-1 99 7
cloud-1 102 6
cloud-1 110 11
cloud-2 115 3
cloud-1 121 7
cloud-2 130 2
cloud-1 140 11
cloud-1 147 7
cloud-1 150 6
cloud-1 158 11
cloud-2 163 3
cloud-1 169 7
cloud-2 178 2
cloud-1 188 11
cloud-1 195 7
cloud-1 198 6
cloud-1 206 11
cloud-2 211 3
cloud-1 217 7
cloud-2 226 2
cloud-1 236 11
cloud-1 243 7
cloud-1 246 6
cloud-1 254 11
