id: ll-5-2
name: WORLD 5-2
world: 5
stage: 2
theme: underground
music: underground
time: 400
start: 2,3
startMode: fall
camera: scroll

[tiles]
;; 0                16               32               48               64               80               96               112              128              144              160              176              192              208
................ ................ ................ ................ ................ ................ ................ ................ ................ ................ ................ ................ ................ ................
................ ................ ................ ................ ................ ................ ................ ................ ................ ................ ................ ................ ................ ................
==....==EE====EE ================ ================ ================ ================ ===============L ================ =======EE.....== =======......... .....=========== =======EE==..{}= ================ ================ ============...=
==......{}....{} ................ ................ ................ ================ ==========...... ================ .......{}....... ................ ................ .......{}....{}= ================ ================ =..............=
==......{}....{} ................ ................ ................ ================ ==========...... ================ .......{}....... ................ ................ .......{}....{}= ================ ================ =..............=
==......{}....{} ...????4?....... ................ ................ ================ ==========...... ================ .......{}....... ................ ................ .......{}....{}= ================ ================ =..............=
==......DG....{} ................ ..==P====....... ................ ................ ................ ................ .......{}....... =======V........ ................ .......{}....{}= ================ ================ =..............=
==............{} ................ ..=======..===== ................ ................ ................ ................ .......{}....... =======......... ................ .......DG....{}= ================ ================ =..............=
==............{} ...........K.K.. ..=======..===== .........$$$$$$$ ................ ......K.....[].. .....gg......... .......{}....... ======.......... ................ ...........())}= ================ ================ =..............=
==3...........{} ...============= ..=======..===== P==C============ ====5=======S... .========5..{}.. ............[][] .......{}......C =====........... ................ [].........<>>}= ================ ================ =..............=
==............DG ...============= ................ ...============= ................ ............{}.. ........BBB.{}{} .......DG....... ................ ................ {}....=.=.E===== ================ ================ =.....[].......=
==.............. ...============= .........[]..... ...============= ..............[] ............{}.. .......BBBB.{}{} ................ ................ .....$$$$$$$$... {}....=.=.====== ================ ================ =.....{}.......=
==.............. K..============= .........{}..... ................ ..............{} .......z.z..{}.. ......BBBBB.{}{} ...K............ ................ ................ {}....=.=.====== ================ ================ =.....{}.......=
########..###### #..############# ################ #####.##.####### ################ ################ .##########.#### ##########....## #######......... .....########... {}....=.=.=##### ################ ################ ################
########..###### #..############# ################ #####.##.####### ################ ################ .##########.#### ##########....## #######......... .....########... {}....=.=.=##### ################ ################ ################

[entities]
piranha-down 8 6
piranha-down 14 10
piranha 41 11
piranha 78 11
piranha 92 8
piranha 108 9
piranha 110 9
piranha-down 119 10
lift-up 137 6 len=3
lift-up 137 14 len=3
lift-down 141 9 len=3
lift-down 146 6 len=3
lift-down 146 14 len=3
piranha 160 9
piranha-down 167 7

[zones]
checkpoint 98
vine 135 6 -> ll-5-2-warp 4 14
pipe 171 9 right -> ll-5-2-exit 3 10 exit=up
pipe 214 10 down -> ll-7-1 2 12
warp 208 16 worlds=7 text=WELCOME_TO_WARP_ZONE!
