id: ll-1-4
name: WORLD 1-4
world: 1
stage: 4
theme: castle
music: castle
time: 300
start: 1,6
startMode: stand
camera: scroll

[tiles]
;; 0                16               32               48               64               80               96               112              128              144
................ ................ ................ ................ ................ ................ ................ ................ ................ ................
................ ................ ................ ................ ................ ................ ................ ................ ................ ................
%%%%%%%%%%%%%%%% %%%%%%%%%%%%%%%% %%%%%%%%%%%%%%%% %%%%%%%%%%%%%%%% %%%%%%%%%%%%%%%% %%%%%%%%%%%%%%%% %%%%%%%%%%%%%%%% %%%%%%%%%%%%%%%% %%%%%%%%%%%%%%%% %%%%%%%%%%%%%%%%
%%%%%%%%%%%%%%%% %%%%%........... ..%%%%%%%....... ................ %%%%%%%%%%%%%%%% %%%%%%%%%%%%%%%. ................ %%%%%%%%%%%%%%%% ..............%% ................
%%%%%%%%%%%%%%%% %%%%%........... ..%%%%%%%....... ................ %%%%%%%%%%%%%%%% %%%%%%%%%%%%%%%. ................ %%%%%%%%%%%%%%%% ..............%% ................
................ ...B..........M. .....B.......... ................ %%%%B%%%%%%%B%%% %%%%B%%%%%%%%%%. ................ ................ ..............%% ................
................ ................ ................ ................ ................ ................ ................ ................ ................ ................
BBB............. ................ ................ ................ ................ ..k............. ................ .%...%...%...... ................ ................
BBBB............ ................ ................ ................ ................ ................ ................ .%...%...%...... ................ ................
BBBBB........... ................ ............B%%% %%%%%B.......... %%%%%%%%%%%%%%%% %%%%%%%%%%%B%%%% .....B.......... .%...%...%...... ............:%%% ................
%%%%%%%%%%%%%%%% %%%%%...%%...%%. ..%%%%%%%....... ...............% %%%%%%%%%%%%%%%% %%%%%%%%%%%%%%%% ....%%%.%%%.%%%% %%%%%%%%%%%%%%%% -------------%%% ................
%%%%%%%%%%%%%%%% %%%%%...%%...%%. ..%%%%%%%....... ..............%% %%%%%%%%%%%%%%%% %%%%%%%%%%%%%%%% ....%%%.%%%.%%%% %%%%%%%%%%%%%%%% .............%%% ................
%%%%%%%%%%%%%%%% %%%%%...%%...%%. ..%%%%%%%....... .............%%% %%%%%%%%%%%%%%%% %%%%%%%%%%%%%%%% ....%%%.%%%.%%%% %%%%%%%%%%%%%%%% .............%%% ................
%%%%%%%%%%%%%%%% %%%%%~~~%%~~~%%~ ~~%%%%%%%.%%%%%% %%%%%%......%%%% %%%%%%%%%%%%%%%% %%%%%%%%%%%%%%%% ~~~~%%%~%%%~%%%% %%%%%%%%%%%%%%%% ~~~~~~~~~~~~~%%% %%%%%%%%%%%%%%%%
%%%%%%%%%%%%%%%% %%%%%...%%...%%. ..%%%%%%%.%%%%%% %%%%%%......%%%% %%%%%%%%%%%%%%%% %%%%%%%%%%%%%%%% ....%%%.%%%.%%%% %%%%%%%%%%%%%%%% .............%%% %%%%%%%%%%%%%%%%

[entities]
firebar-ccw 19 5
firebar 37 5
firebar 44 9
firebar-ccw 53 9
firebar 68 5
firebar 76 5
firebar 84 5
firebar-ccw 91 9
firebar-ccw 101 9
bowser 135 9
lift-h 137 6 len=4 range=3
axe 141 8
toad 153 12

[zones]
exit 152 next=ll-2-1
bowser-fire 96
