id: ll-1-1
name: WORLD 1-1
world: 1
stage: 1
theme: overworld
music: overworld
time: 400
start: 2,12
startMode: stand
camera: scroll

[tiles]
;; 0                16               32               48               64               80               96               112              128              144              160              176              192
................ ................ ................ ................ ................ ................ ................ ................ ................ ................ ................ ................ ................
................ ................ ................ ................ ................ ................ ................ ................ ................ ................ ................ ................ ................
................ ................ ................ ................ ................ ................ ................ ................ ................ ................ ................ ............o... ................
................ ................ ................ ................ ................ ................ ................ ................ ................ ................ ................ ............!... ................
................ ................ ................ ..........$$$$$$ $$...g.......... ........K....... ................ ................ ................ ................ ................ ............!... ................
................ .B=====......... ................ ........======== ======...===E.EE EEE========..... ................ .............=== ===............. ................ ................ ..BB........!... ................
................ .B.............. ................ ................ ................ ................ ................ ................ ................ ...[]........... ................ .BBB........!... ................
................ .B.............. ................ ................ ................ ................ ................ ................ ................ ...{}........... ................ BBBB........!... ................
................ .B..K.B......... ...........1.... ................ ................ ........k......B ................ ................ ...............k ...{}........... ...............B BBBB........!... ................
................ .B=P==B...??4??. .......[]....... ..........S===== =====..BC....... ........??4????B ................ ...........[]... []............[] ..???M.......... ..............BB BBBB........!... ................
................ ................ .......{}....... ................ ......BB........ ................ ................ ...........{}... {}............{} ................ .............BBB BBBB........!... ................
................ ................ .......{}....... ................ .....BBB........ ................ ................ ...........{}... {}............{} ................ ...[].......BBBB BBBB........!... ................
................ ................ .......{}.....g. ................ .k..BBBB........ ...B...k........ ......g......... ...k..k....{}... {}............{} ......K......... .K.{}.....gBBBBB BBBB........B... ................
################ ################ []###########[]# #####...######## ############.... ...############# ################ #############... ##..############ #######...###### ################ ################ ################
################ ################ {}###########{}# #####...######## ############.... ...############# ################ #############... ##..############ #######...###### ################ ################ ################

[entities]
decor-castle 0 12
koopa-para-green 16 8
piranha 32 13
piranha 39 9
piranha 45 13
goomba 47 12 dx=8
koopa-para-green 71 8
koopa-green 88 12 dx=8
koopa-green 89 8 dx=8
goomba 103 12 dx=8
koopa-green 116 12 dx=8
koopa-para-green 123 8
piranha 123 9
piranha 128 9
piranha 142 9
piranha 147 6
piranha 163 11
decor-castle 192 12

[zones]
checkpoint 98 12
exit 188 next=ll-1-2-intro
pipe 128 9 down -> ll-1-1-bonus 1 0 exit=none

[decor]
cloud-2 0 3
tree-small 11 12
tree-big 13 12
cloud-1 18 3
tree-big 21 12
tree-small 23 12
tree-small 24 12
cloud-1 27 2
cloud-2 30 3
tree-big 43 12
cloud-1 45 2
cloud-2 48 3
tree-small 59 12
tree-big 61 12
cloud-1 66 3
tree-big 69 12
tree-small 72 12
cloud-1 75 2
cloud-2 78 3
tree-small 88 12
tree-big 91 12
cloud-1 93 2
cloud-2 96 3
tree-small 107 12
tree-big 109 12
cloud-1 114 3
tree-big 117 12
tree-small 119 12
tree-small 120 12
cloud-1 123 2
cloud-2 126 3
tree-small 136 12
tree-big 139 12
cloud-1 141 2
cloud-2 144 3
tree-small 155 12
tree-big 157 12
cloud-1 162 3
tree-big 165 12
tree-small 167 12
tree-small 168 12
cloud-1 171 2
cloud-2 174 3
tree-small 184 12
tree-big 187 12
cloud-1 189 2
cloud-2 192 3
tree-big 203 12
tree-big 205 12

[variant sophia classic]
;; The flagpole's step-fall lift (WideCharacter): a two-tile lift by the pole that drops once stood on.
+ lift-fall 183 4 len=2 dx=8
