id: ll-1-2-under
name: WORLD 1-2
world: 1
stage: 2
theme: underground
music: underground
time: inherit
start: 1,3
startMode: fall
camera: scroll
parent: ll-1-2

[tiles]
;; 0                16               32               48               64               80
................ ................ ................ ................ ................ ................
................ ................ ................ ................ ................ ................
=............... ................ ...............= =.............== ================ ============..==
=............... ................ ...............= =.............== ================ =.............==
=............... ................ ...............= =.............== ================ =.............==
=............... ......$$$....... ...............= =.............== ================ =.............==
=............... ................ ...............= =..........2..== ================ =.............==
=............... ................ ...............= =.............== ================ =.............==
=............... ................ ...............= =.............== ================ =.............==
=........??M.... ....[]....[].... ...............= =.........2...== ================ =.............==
=............... ....{}....{}.... ........[].....= =.............== ================ =.....[]......==
=............... ....{}....{}.... ........{}.....= =..[].........== ================ =.....{}......==
=............... ....{}....{}.... ........{}...... ...{}..K......== ================ =.....{}......==
############wwww wwww##www###wwww wwwwwwww######## w##########www## ################ ################
############.... ....##...###.... ........######## .##########...## ################ ################

[entities]
lift-fall 17 9 len=6 dx=-16
piranha 20 9
piranha 26 9
lift-fall 34 9 len=6 dx=-16
piranha 40 10
piranha 51 11

[zones]
pipe 51 11 down -> ll-1-2-bonus 1 0 exit=none
pipe 86 10 down -> ll-4-1 2 12
warp 80 16 worlds=4 text=WELCOME_TO_WARP_ZONE!

[variant sophia classic]
;; The original's pieces for Sophia III here: the falling lift at 33 a tile further left (charHorz). Every piece the original lays for
;; her in this area but the flagpole's lift (docs/HEROES.md).
- lift-fall 34 9
+ lift-fall 33 9 len=6 dx=-8
