id: ll-1-2
name: WORLD 1-2
world: 1
stage: 2
theme: underground
music: underground
time: 400
start: 1,3
startMode: fall
camera: scroll

[tiles]
;; 0                16               32               48               64               80               96               112              128              144              160              176              192              208
................ ................ ................ ................ ................ ................ ................ ................ ................ ................ ................ ................ ................ ................
................ ................ ................ ................ ................ ................ ................ ................ ................ ................ ................ ................ ................ ................
=.....========== ===============P =============... ..........==LPLP ================ ================ =....=========== ================ =====.....====== ==========...... .......===..{}== =============... ................ ..............==
=............... ................ ........=====... ........==...... ................ ................ .....====....... ................ ..........====.. ................ ............{}== =============... ................ BBBBBBBBBBBB..==
=............... ................ ........=====... .....V==........ ................ ................ .....====....... ................ ..........====.. ................ ............{}== =============... ...............B B.............==
=............... ................ ........=====... ................ ................ ................ .....====....... ................ ..........====.. ................ ............{}== =============... ..............BB B.............==
=............... ................ ........=====... ................ ................ ................ ............[].. ................ ................ ................ ............{}== =============... .............BBB B.............==
=............... ................ ........=C===... ....2........... ................ ................ ............{}.. ................ ................ ................ ............{}== =============... ............BBBB B.............==
=............... ...........BBBBB ........=====... ..........BBBBB. ................ ................ ............{}.. .........[]..... ................ ................ ..........())}== =============... ...........BBBBB B.............==
=............... ..........BBBBBB ....[].....==... .[]......BBBBBB. ................ ................ ......[]...SEE=. .........{}..... ..........=C==.. ................ ..........<>>}== =============... ..........BBBBBB B.............==
=............... .........BBBBBBB ....{}.....==... .{}.....BBBBBBB. ................ ................ ......{}........ [].......{}..[]. ..........===... ................ ===.=..==E====== =============... ....[]...BBBBBBB B.....[]......==
=............... ........BBBBBBBB ....{}.....==... .{}....BBBBBBBB. ................ ................ ......{}........ {}...[]..{}..{}. ...[].....==.... ................ ===.=..========= =============..[ ]...{}..BBBBBBBB B.....{}......==
=............... BwwwwwBBBBBBBBBB ....{}.....g.... .{}..zBBBBBBBBB. ................ ................ ......{}........ {}...{}..{}..{}. ...{}.......k..k ...B............ ===.=..========= =============..{ }...{}.BBBBBBBBB B.....{}......==
################ #.....########## ..############## ################ ................ ................ .##########....# ##...##..##..##. .############### ####............ ===.=..######### #############..# #...############ ################
################ #.....########## ..############## ################ ................ ................ .##########....# ##...##..##..##. .############### ####............ ===.=..######### #############..# #...############ ################

[entities]
koopa-para-green 16 11
piranha 36 9
goomba 44 12 dx=8
piranha 49 9
lift-fall 67 11 len=6 dx=-16
lift-fall 75 10 len=6 dx=-16
lift-fall 83 9 len=6 dx=-16
lift-fall 91 8 len=6 dx=-16
piranha 102 9
piranha 108 6
piranha 112 10
piranha 117 11
piranha 121 8
piranha 131 11
koopa-green 141 12 dx=8
lift-fall 152 9 len=6 dx=-16
lift-up 158 5 len=6 dx=-16
lift-up 158 13 len=6 dx=-16
piranha 191 11
piranha 196 10

[zones]
checkpoint 98 12
vine 53 4 -> ll-1-2-warp 4 14
pipe 170 9 right -> ll-1-2-exit 3 10 exit=up
pipe 191 11 down -> ll-1-2-under 1 3 exit=none
pipe 214 10 down -> ll-2-1 2 12
warp 208 16 worlds=2 text=WELCOME_TO_WARP_ZONE!

[variant sophia classic]
;; The original's pieces for Sophia III here: the falling lifts over the pit at 67-92 set closer together (charHorz), and steps by
;; the water at 21-26. Every piece the original lays for
;; her in this area but the flagpole's lift (docs/HEROES.md).
164 2 =
171 4 2
26 8 B
25 9 B
24 10 B
23 11 B
21 12 B
21 13 # *2
- lift-fall 67 11
- lift-fall 75 10
- lift-fall 83 9
- lift-fall 91 8
+ lift-fall 68 11 len=6 dx=-8
+ lift-fall 74 11 len=6 dx=-8 dy=-8
+ lift-fall 80 10 len=6 dx=-8
+ lift-fall 86 10 len=6 dx=-8 dy=-8
+ lift-fall 92 9 len=6 dx=-8
