id: ll-1-2-warp
name: WORLD 1-2
world: 1
stage: 2
theme: overworld
music: overworld
time: inherit
start: 4,14
startMode: climb
camera: scroll
parent: ll-1-2

[tiles]
;; 0                16               32               48
................ ................ ................ ................
................ ................ ................ ................
................ ................ ................ ..............BB
................ ................ ................ ..............BB
................ ......$$........ ................ BBBBBBBBBBBB..BB
................ .....TTTT....... ...............B B.............BB
................ ......tt........ ..............BB B.............BB
................ ......tt........ .............BBB B.............BB
............$$$. ......tt..$$$$$$ ............BBBB B.............BB
............TTT. ......tt.TTTTTTT T..........BBBBB B.............BB
.............t.. ......tt..tttttt ..........BBBBBB B.....[]......BB
.............t.. ......tt..tttttt .........BBBBBBB B.....{}......BB
......$$$....t.. ..$$$.tt..tttttt ........BBBBBBBB B.....{}......BB
TTTT.TTTTT...t.. .TTTTTtt..tttttt .......######### ################
ttt...ttt....t.. ..ttt.tt..tttttt .......######### ################

[entities]
vine 4 14 len=8

[zones]
pipe 54 10 down -> ll-3-1 2 12
warp 48 16 worlds=3 text=WELCOME_TO_WARP_ZONE!

[variant sophia classic]
;; The original's pieces for Sophia III here: the ground a tile longer at 38 (charHorz). Every piece the original lays for
;; her in this area (docs/HEROES.md).
38 13 # *2
