;; Samus's mini game, Zebes Escape: the cavern under 4-2 as it self-destructs. Three screens wide
;; and three high (`camera: free`, `height: 45`: the camera follows up and down the shafts).
;; stage.ts loads it with ?raw, so it is not in the level library, the dev level select or the
;; campaign.
;;
;; The route: the Chozo chamber (bottom left) -> the corridor (a pit, a morph-ball tunnel with a
;; bomb block) -> shaft 1 up (bottom right) -> the middle corridor left (a bomb wall) -> shaft 2 up
;; (left) -> the top corridor right (a second morph-ball tunnel) -> down into the hangar -> the ship.
;; Platforms (B) step up three rows at a time, each beside the last and never right above a
;; take-off spot: every climb is a jump up beside a ledge and a drift onto it (no wall jump).
;; The creatures, the statue, the alarm lights and the ship are the mini game's own entity types
;; (World's extraEntities, stage.ts).
id: zebes-escape
name: ZEBES ESCAPE
world: 4
stage: 2
theme: cavern
music: zebes-escape
time: 400
start: 3,42
startMode: stand
camera: free
height: 45

[tiles]
;; 0              16               32
################ ################ ################ ;; 0
#............... ......####...... ...............# ;; 1
#............... ......####...... ...............# ;; 2
#............... ................ ...............# ;; 3
#...........#### ################ ####...........# ;; 4
#..............# ################ ####...........# ;; 5
#..............# ################ ####...........# ;; 6
#..........BBB.# ################ ####...........# ;; 7
#..............# ################ ####...........# ;; 8
#..............# ################ ####...........# ;; 9
#.....BBBB.....# ################ ####...........# ;; 10
#..............# ################ ################ ;; 11
#..............# ################ ################ ;; 12
#BBB...........# ################ ################ ;; 13
#..............# ################ ################ ;; 14
#..............# ################ ################ ;; 15
#....BBBB....... ........=....... ...............# ;; 16
#............... ........=....... ...............# ;; 17
#............... ........=....... ...............# ;; 18
#.........###### ################ #####..........# ;; 19
#..............# ################ #..............# ;; 20
#..............# ################ #..............# ;; 21
#......BBB.....# ################ #....BBBB......# ;; 22
#..............# ################ #..............# ;; 23
#..............# ################ #..............# ;; 24
#.BBBB.........# ################ #..........BBBB# ;; 25
#..............# ################ #..............# ;; 26
#..............# ################ #..............# ;; 27
################ ################ #....BBBBB.....# ;; 28
################ ################ #..............# ;; 29
################ ################ #..............# ;; 30
################ ################ #BBB...........# ;; 31
################ ################ #..............# ;; 32
#............... ################ #..............# ;; 33
#............... ################ #...BBBB.......# ;; 34
#............... ################ #..............# ;; 35
#............... ################ #..............# ;; 36
#............... ..........###... ..........BBBB.# ;; 37
#............... ..........###... ...............# ;; 38
#............... ..........###... ...............# ;; 39
#............... ..........###... .....BBBBB.....# ;; 40
#............... ..........###... ...............# ;; 41
#............... ...........=.... ...............# ;; 42
################ ####...######### ################ ;; 43
################ ####...######### ################ ;; 44

[entities]
;; The Chozo statue in the chamber (32x32, by its top-left tile).
deco 6 41 kind=chozo
;; Zoomers circle free platforms (shaft 1's at row 28, shaft 2's at row 16), starting on top.
zoomer 39 27 dir=-1
zoomer 7 15 dir=1
;; Rippers fly wall to wall at one height (by the row their body is in).
ripper 40 32 dir=1
ripper 36 23 dir=-1
ripper 6 14 dir=1
;; Skrees hang under the ceilings (by the tile just below the ceiling).
skree 18 37
skree 34 16
skree 20 16
skree 7 1
skree 30 1
;; The ship (64x32) on the hangar floor: by its left tile and the row its feet stand in.
ship 41 10
;; Alarm lights on the back wall.
deco 2 35 kind=alarm
deco 13 35 kind=alarm
deco 30 38 kind=alarm
deco 34 41 kind=alarm
deco 45 30 kind=alarm
deco 34 21 kind=alarm
deco 28 16 kind=alarm
deco 17 16 kind=alarm
deco 2 20 kind=alarm
deco 13 9 kind=alarm
deco 18 1 kind=alarm
deco 33 1 kind=alarm
deco 37 2 kind=alarm
deco 45 2 kind=alarm
