id: 8-1
name: WORLD 8-1
world: 8
stage: 1
theme: overworld
music: overworld
time: 400
start: 2,12
startMode: stand
camera: scroll

;; Campaign play only (level/campaign.ts applyLook, 0.4.31): World 8 is Sophia's world, and 8-1 is
;; the Underworld's surface, its first area (`bm-forest`): mossy stone ruins over dark forest earth,
;; a forest of gnarled trees and broken columns and arches painted behind under a starry night
;; (world/theme-backdrop.ts); its trees gnarled ones. It plays the Underworld's area march.
;; Elsewhere (level select, ?level=8-1) it looks as it always did.
campaignTheme: bm-forest
campaignMusic: bm-area

[tiles]
;; 0                16               32               48               64               80               96               112              128              144              160              176              192              208              224              240              256              272              288              304              320              336              352              368              384
................ ................ ................ ................ ................ ................ ................ ................ ................ ................ ................ ................ ................ ................ ................ ................ ................ ................ ................ ................ ................ ................ ................ ................ ................
................ ................ ................ ................ ................ ................ ................ ................ ................ ................ ................ ................ ................ ................ ................ ................ ................ ................ ................ ................ ................ ................ ................ ................ ................
................ ................ ................ ................ ................ ................ ................ ................ ................ ................ ................ ................ ................ ................ ................ ................ ................ ................ ................ ................ ................ ................ ................ ........o....... ................
................ ................ ................ ................ ................ ................ ................ ................ ................ ................ ................ ................ ................ ................ ................ ................ ................ ................ ................ ................ ................ ................ ................ ........!....... ................
................ ................ ................ ................ ................ ................ .............$$. ................ ................ ................ ................ ................ ................ ................ ................ ................ ................ ................ ................ ................ ................ ................ ................ ........!....... ................
................ ................ ................ ................ ................ ................ ................ ................ ................ ..........====C= ==.............. ................ ................ ................ ................ ................ ................ ................ ................ ................ ................ ................ ..............BB ........!....... ................
................ ................ ................ ................ ................ ................ ................ ................ ................ ................ ................ ................ ................ ................ ................ ................ ................ ................ ................ ................ ................ ................ ..............BB ........!....... ................
................ ................ ................ ................ ................ ................ ................ ................ ................ ................ ................ ................ ................ ................ ................ ................ ................ ........B....... ................ ................ ................ ................ ............B.BB ........!....... ................
................ ................ ................ ................ $............... 1........$...... ..$............. ................ ................ ................ ................ ........==S===== ................ ...............$ $............... ......[]........ ................ .......BB..$$... ...$....$....... ............$$.. .$$............. ................ ............B.BB ........!....... ................
................ ................ ...[]........... ................ ............[].. ..............[] ........[]...... ................ ................ .........B....2. ...B............ ................ ................ ................ ................ ..[]..{}........ ................ ......BBB....... ................ ................ ................ ................ ..........B.B.BB ........!....... ................
................ ................ ...{}........... ................ ............{}.. ..[]..........{} ........{}...... ................ ............[].. .........B...... ...B............ ................ ................ ................ ..............[] ..{}..{}........ ................ .....BBBB....... ................ ................ ................ ........[]...... ..........B.B.BB ........!....... ................
................ ................ ...{}........... ................ ............{}.. ..{}..........{} ........{}...... ...[]........... ............{}.. .........B...... ...B............ ................ ................ ..B............. ..............{} ..{}..{}........ ................ ....BBBBB....... ...............B ...B............ ................ ........{}...... ...[]...B.B.B.BB ........!....... ................
................ ..z....g..g...g. .g.{}......k.... .............k.. .....g..g...{}.. .z{}..........{} ........{}..g..g ...{}..k....k..k ..k..k......{}.. ....g..g.B...... ...B............ ................ ...............k ..B............. ........g..g..{} ..{}..{}......z. .g..g...g..g.... g..BBBBBB..z.... ...............B .k.B............ ............k... ...k..k.{}...... ...{}...B.B.B.BB ........B....... ................
################ ################ ##############.# .##.##.##.###### ################ ################ ################ ################ ################ ################ #########.#.##.# .##.############ #####.#.#.###### #############... ...##########.## ..##..########## ################ ################ ##...##...###### ##########.....# ....############ ################ #######.#.#.#.## ################ ################
################ ################ ##############.# .##.##.##.###### ################ ################ ################ ################ ################ ################ #########.#.##.# .##.############ #####.#.#.###### #############... ...##########.## ..##..########## ################ ################ ##...##...###### ##########.....# ....############ ################ #######.#.#.#.## ################ ################

[entities]
decor-castle-big -2 12
goomba 24 12 dx=8
goomba 31 12 dx=8
piranha 35 9
koopa-green 44 12 dx=8
goomba 70 12 dx=8
piranha 76 9
piranha 82 10
piranha 94 9
piranha 104 9
goomba 109 12 dx=8
piranha 115 11
koopa-green 125 12 dx=8
koopa-green 131 12 dx=8
piranha 140 10
goomba 149 12 dx=8
koopa-para-green 161 10 dy=-8
koopa-para-green 172 10 dy=-8
koopa-para-green 177 10
koopa-green 208 12 dx=8
goomba 233 12 dx=8
piranha 238 10
piranha 242 9
piranha 246 8
goomba 258 12 dx=8
goomba 265 12 dx=8
goomba 273 12 dx=8
koopa-green 340 12 dx=8
piranha 344 10
piranha 355 11
decor-castle 380 12

[zones]
exit 376 next=8-2
pipe 104 9 down -> 8-1-bonus 1 0 exit=none

[decor]
cloud-2 0 3
tree-small 11 12
tree-big 13 12
cloud-1 18 3
tree-big 21 12
tree-small 23 12
tree-small 24 12
cloud-1 27 2
cloud-2 30 3
tree-small 40 12
tree-big 43 12
cloud-1 45 2
cloud-2 48 3
tree-small 59 12
tree-big 61 12
cloud-1 66 3
tree-big 69 12
tree-small 71 12
tree-small 72 12
cloud-1 75 2
cloud-2 78 3
tree-small 88 12
tree-big 91 12
cloud-1 93 2
cloud-2 96 3
tree-small 107 12
tree-big 109 12
cloud-1 114 3
tree-big 117 12
tree-small 119 12
tree-small 120 12
cloud-1 123 2
cloud-2 126 3
tree-small 136 12
tree-big 139 12
cloud-1 141 2
cloud-2 144 3
tree-small 155 12
tree-big 157 12
cloud-1 162 3
tree-big 165 12
tree-small 167 12
tree-small 168 12
cloud-1 171 2
cloud-2 174 3
tree-small 184 12
tree-big 187 12
cloud-1 189 2
cloud-2 192 3
tree-small 203 12
tree-big 205 12
cloud-1 210 3
tree-big 213 12
tree-small 215 12
tree-small 216 12
cloud-1 219 2
cloud-2 222 3
tree-small 232 12
tree-big 235 12
cloud-1 237 2
cloud-2 240 3
tree-small 251 12
tree-big 253 12
cloud-1 258 3
tree-big 261 12
tree-small 263 12
tree-small 264 12
cloud-1 267 2
cloud-2 270 3
tree-big 283 12
cloud-1 285 2
cloud-2 288 3
tree-small 299 12
tree-big 301 12
cloud-1 306 3
tree-big 309 12
tree-small 311 12
tree-small 312 12
cloud-1 315 2
cloud-2 318 3
tree-small 328 12
tree-big 331 12
cloud-1 333 2
cloud-2 336 3
tree-small 347 12
tree-big 349 12
cloud-1 354 3
tree-big 357 12
cloud-1 363 2
cloud-2 366 3
tree-big 379 12
cloud-1 381 2
cloud-2 384 3
tree-small 395 12
tree-big 397 12

[variant sophia classic]
;; The original's pieces for heroes who jump short (charHorz): ground in the gaps at 221, 226 and 314;
;; and the flagpole's step-fall lift (WideCharacter). Every piece the original lays for her here.
221 13 # *2
226 13 # *2
314 13 # *2
+ lift-fall 371 4 len=2 dx=8
