id: 8-2
name: WORLD 8-2
world: 8
stage: 2
theme: overworld
music: overworld
time: 400
start: 2,12
startMode: stand
camera: scroll

[tiles]
;; 0                16               32               48               64               80               96               112              128              144              160              176              192              208              224
................ ................ ................ ................ ................ ................ ................ ................ ................ ................ ................ ................ ................ ................ ................
................ ................ ................ ................ ................ ................ ................ ................ ................ ................ ................ ................ ................ ................ ................
................ ................ ................ ................ ................ ................ ................ ................ ................ ................ ................ ................ ................ ........o....... ................
................ ................ ................ ................ ................ ................ ................ ................ ................ ................ ................ ................ ................ ........!....... ................
................ ................ ................ ................ ................ ................ ................ ................ ................ ................ ................ ................ ................ ........!....... ................
................ ........BB...... ...........=L=== ================ ============.... ................ ................ ................ ................ ................ ................ ................ ..............BB ........!....... ................
................ .......BBB...... ................ ................ ................ ................ ................ ................ ................ ................ ................ ................ ..............BB ........!....... ................
................ ......BBBB...... ................ ................ ................ ................ ................ ................ ................ ................ ................ ..........g..... ..............BB ........!....... ................
................ ......BBBB...... ................ ................ ................ ................ ................ .......^........ ................ ................ ................ ..........B..... ...........B..BB ........!....... ................
................ ....B.BBBB...??? ?............... ................ .............==. ................ ...=P.........== ......=BC....... ................ ............[].. ................ ........gBB..... ...........B..BB ........!....... ................
................ ...BB.BBBB...... ................ ................ ................ .............^.. ................ .............^.. ................ ............{}.. ................ ........BBB....^ .........B.B..BB ........!....... ................
................ ..BBB.BBBB...... ................ ................ ................ .....^.......|.. .........^...... .............|.. ...[].........[] ............{}.. ...[]..........^ .......BBBB....| ........BB.B..BB ........!....... ................
................ .BBBB.BBBB...... ............s... ................ ................ .....|.......^.. .........|.....z ...^.....z.z.|.. ...{}.........{} ............{}.. ...{}..........| ......BBBBB..z.^ .......BBB.B..BB ........B....... ................
###############. #####.########## ####.########.## ##.#.###.######. ##############.. ####.########### ################ ################ ##########.##### .#.#......###### ##############.# ...############# ##########.#..## ################ ################
###############. #####.########## ####.########.## ##.#.###.######. ##############.. ####.########### ################ ################ ##########.##### .#.#......###### ##############.# ...############# ##########.#..## ################ ################

[entities]
decor-castle 0 12
lakitu 8 0 end=40
koopa-para-green 19 9
koopa-para-green 22 6
koopa-para-green 57 10
koopa-para-green 66 10
koopa-para-green 69 10
koopa-para-green 92 10 dy=-8
koopa-para-green 95 11 dy=-8
piranha 131 11
koopa-para-green 139 12
piranha 142 11
piranha 156 9
piranha 163 11
koopa-para-green 170 10 dy=-8
koopa-para-green 172 11 dy=-8
koopa-para-green 175 8 dy=-8
koopa-para-green 203 5
decor-castle 220 12

[zones]
exit 216 next=8-3
pipe 156 9 down -> 8-2-bonus 1 0 exit=none

[decor]
cloud-2 0 3
tree-small 11 12
tree-big 13 12
cloud-1 18 3
cloud-1 27 2
cloud-2 30 3
tree-small 40 12
tree-big 43 12
cloud-1 45 2
cloud-2 48 3
tree-small 59 12
tree-big 61 12
cloud-1 66 3
tree-big 69 12
tree-small 71 12
tree-small 72 12
cloud-1 75 2
cloud-2 78 3
tree-small 88 12
tree-big 91 12
cloud-1 93 2
cloud-2 96 3
tree-small 107 12
tree-big 109 12
cloud-1 114 3
tree-big 117 12
tree-small 119 12
tree-small 120 12
cloud-1 123 2
cloud-2 126 3
tree-small 136 12
tree-big 139 12
cloud-1 141 2
cloud-2 144 3
tree-small 155 12
cloud-1 162 3
tree-big 165 12
tree-small 167 12
tree-small 168 12
cloud-1 171 2
cloud-2 174 3
tree-big 187 12
cloud-1 189 2
cloud-2 192 3
cloud-1 210 3
tree-big 213 12
tree-small 215 12
cloud-1 219 2
cloud-2 222 3
tree-small 232 12
tree-big 235 12
cloud-1 237 2
