id: 8-3
name: WORLD 8-3
world: 8
stage: 3
theme: overworld
music: overworld
time: 300
start: 2,12
startMode: stand
camera: scroll

;; Campaign play only (0.4.31): the frozen ruins (`bm-ice`, the ice area): packed ice, iced stone,
;; the Hammer Bros' castle walls iced in SMB's outline, ice spires painted behind under a starry
;; night, its trees frozen pines. It plays its own ice tune. Elsewhere (level select, ?level=8-3)
;; it looks as it always did.
campaignTheme: bm-ice
campaignMusic: bm-ice

[tiles]
;; 0                16               32               48               64               80               96               112              128              144              160              176              192              208              224
................ ................ ................ ................ ................ ................ ................ ................ ................ ................ ................ ................ ................ ................ ................
................ ................ ................ ................ ................ ................ ................ ................ ................ ................ ................ ................ ................ ................ ................
................ ................ ................ ................ ................ ................ ................ ................ ................ ................ ................ ................ ................ ......o......... ................
................ ................ ................ ................ ................ ................ ................ ................ ................ ................ ................ ................ ................ ......!......... ................
................ ................ ................ ................ ................ ................ ................ ................ ................ ................ ................ ................ ................ ......!......... ................
................ ................ ................ ............==== ==P=............ ................ ................ ...=P======..... ................ ................ ................ ................ ............BB.. ......!......... ................
................ ................ ................ ................ ................ ................ ................ ................ ................ ................ ................ ................ ................ ......!......... ................
................ ........AAAAAAAA .....AAAAAAAAAAA AAA............. ...............A AAAAA...AAAAAA.. .AAAAAAAAAA..... ................ ....AAAAAAAAAAAA AAAAAAAAAAAAAAAA AAAAAA......AAAA AAAAAAAAAAAAAAAA ..........B..... ......!......... ................
................ ........HHHHHHHH .....HHHHHHHHHHH HHH............. .h.............H HHHHH...HHHHHH.. .HHHHHHHHHH..... .....h.......... ....HHHHHHHHHHHH HHHHHHHHHHHHHHHH HHHHHH......HHHH HHHHHHHHHHHHHHHH ................ ......!......... ................
................ ........HHHHHHHH .....HHHHHHHHHHH HHH..[].....==== ====...B.......H HHHHH...HHHHHH.. .HHHHHHHHHH..BB. ...========...[] ....HHHHHHHHHHHH HHHHHHHHHHHHHHHH HHHHHH......HHHH HHHHHHHHHHHHHHCH ........B....... ......!......... ................
................ ........HHHHHHHH ..^..HHHHHHHHHHH HHH..{}......... .......BB......H HHHHH...HHHHHH.B .HHHHHHHHHH..BB. ..............{} ....HHHHHHHHHHHH HHHHHHHHHHHHHHHH HHHHHH..[]..HHHH HHHHHHHHHHHHHHHH ................ ......!......... ................
................ ..^.....HHHHHHHH ..|..HHHHHHHHHHH HHH..{}......... .......BBB.....H HHHHH.^.HHHHHH.B .HHHHHHHHHH..BB. ..............{} ....HHHHHHHHHHHH HHHHHHHHHHHHHHHH HHHHHH..{}..HHHH HHHHHHHHHHHHHHHH ...B..B......... ......!......... ................
................ ..|.....HHHHHHHH ..|..HHHHHHHHHHH HHH..{}........h .......BBBB....H HHHHH.|.HHHHHH.B .HHHHHHHHHH..BB. .......h......{} ....HHHHHHHHHHHH HHHHHHHHHHHHHHHH HHHHHH..{}..HHHH HHHHHHHHHHHHHHHH ...B............ ......B......... ................
################ ################ ################ ################ #####..####..### ################ ################ ############..## ..############## ################ ################ ################ #####........... ################ ################
################ ################ ################ ################ #####..####..### ################ ################ ############..## ..############## ################ ################ ################ #####........... ################ ################

[entities]
decor-castle 0 12
koopa-para-green 30 10 dy=-8
piranha 53 9
koopa-para-green 93 11 dy=-8
piranha 126 9
koopa-green 137 12
hammer-bro 146 12
hammer-bro 159 12
piranha 168 10
hammer-bro 177 12
hammer-bro 185 12
decor-castle-big 220 12

[zones]
exit 218 next=8-4

[decor]
cloud-2 0 3
tree-small 11 12
tree-big 13 12
cloud-1 18 3
tree-big 21 12
tree-small 23 12
tree-small 24 12
cloud-1 27 2
cloud-2 30 3
tree-small 40 12
tree-big 42 12
cloud-1 45 2
cloud-2 48 3
tree-small 59 12
tree-big 61 12
cloud-1 66 3
cloud-1 75 2
cloud-2 78 3
tree-small 88 12
tree-big 91 12
cloud-1 93 2
cloud-2 96 3
tree-small 107 12
cloud-1 114 3
tree-big 117 12
tree-small 119 12
tree-small 120 12
cloud-1 123 2
cloud-2 126 3
tree-small 136 12
tree-big 139 12
cloud-1 141 2
cloud-2 144 3
tree-small 155 12
tree-big 157 12
cloud-1 162 3
tree-big 165 12
tree-small 167 12
cloud-1 171 2
cloud-2 174 3
tree-small 184 12
tree-big 187 12
cloud-1 189 2
cloud-2 192 3
cloud-1 210 3
tree-big 213 12
tree-small 215 12
tree-small 216 12
cloud-1 219 2
cloud-2 222 3
tree-small 232 12
tree-big 235 12
cloud-1 237 2

[variant sophia classic]
;; The flagpole's step-fall lift (charHorz): a one-tile lift by the pole that drops once stood on.
+ lift-fall 209 4 len=2 dx=8
