id: 8-4-water
name: WORLD 8-4
world: 8
stage: 4
theme: water
music: water
time: inherit
start: 3,10
startMode: pipe-exit
camera: scroll
parent: 8-4

[tiles]
;; 0                16               32               48               64
................ ................ ................ ................ ........
................ ................ ................ ................ ........
##wwww########## ################ ################ ################ ########
##....########## ##.............. .......###...... ................ ...#####
##....########## ##.............. .......###...... ................ ...#####
##.........##### ##.............. .......###...... ................ ...#####
##.............. ................ ................ ................ ....####
##.............. ................ ................ ................ ....(###
##.............. ................ ................ ................ ....<###
##.........##### ##.............. ................ ................ ...#####
##....########## ##.............. .......###...... ................ ...#####
##.[].########## ##.............. .......###...... ................ ...#####
##.{}.########## ##.............. .......###...... ................ ...#####
###{}########### ################ ################ ################ ########
###{}########### ################ ################ ################ ########

[entities]
firebar 20 7
blooper 28 12
firebar-ccw 31 10
firebar-ccw 40 6
blooper 51 11
blooper 53 7
firebar-ccw 56 8
firebar 64 7

[zones]
pipe 68 8 right -> 8-4-end 3 10 exit=up
