id: ll-2-4
name: WORLD 2-4
world: 2
stage: 4
theme: castle
music: castle
time: 300
start: 1,6
startMode: stand
camera: scroll

[tiles]
;; 0                16               32               48               64               80               96               112              128              144
................ ................ ................ ................ ................ ................ ................ ................ ................ ................
................ ................ ................ ................ ................ ................ ................ ................ ................ ................
%%%%%%%%%%%%%%%% %%%%%%%%%%%%%%%% %%%%%%%%%%%%%%%% %%%%%%%%%%%%%%%% %%%%%%%%%%%%%%%% %%%%%%%%%%%%%%%% %%%%%%%%%%%%%%%% %%%%%%%%%%%%%%%% %%%%%%%%%%%%%%%% %%%%%%%%%%%%%%%%
%%%%%%%%%%%%%%%% %........%%%%%%% %%%%%%%%%....... ................ ...%%%%%%%%%%%%% %%%%%%%%%%%%%%%. ............%%%% ................ .==..==.......%% ................
%%%%%%%%%%%%%%%% %........%%%%%%% %%%%%%%%%....... ................ ...%%%%%%%%%%%%% %%%%%%%%%%%%%%%. ............%%%% ................ .==..==.......%% ................
................ %......k.%%%%%%% %%%%%%%%%....... ................ ..3%%%%%%%%%%%%% B%%%%%%%%%%B%%%. ............%%%% ................ .==..==.......%% ................
................ %.%%%%%%.%%%%%%% %%%%%%%%%....... ................ ................ ................ ................ ................ .=C............. ................
BBB............. %.%%%%%%.%%%%%%% %%%%%%%%%....... ................ ................ ................ ................ ................ ................ ................
BBBB............ ..%%%%%%.%%%%%%% %%%%%%%%%....... ................ ................ ................ ................ ................ ................ ................
BBBBB........... ..%%%%%%.%%%%%%% %%%%%%%%%....... ................ ...%%%%%%.%%B%%% %.%%%B%%%%%.%%%% .........%%..... ................ ............:%%% ................
%%%%%%%%%%%%%%%% %%%%%%%%........ ................ ................ ..%%%%%%........ ............%%%% ................ ........%%%..%%% -------------%%% ................
%%%%%%%%%%%%%%%% %%%%%%%%........ ................ ................ .%%%%%%%........ ............%%%% ................ ........%%%..%%% .............%%% ................
%%%%%%%%%%%%%%%% %%%%%%%%....g..g .......k........ .k..k...B....... %%%%%%%%........ ............%%%% .......B.....B.. ........%%%..%%% .............%%% ................
%%%%%%%%%%%%%%%% %%%%%%%%~%%%%%%% %%%%%%%%%%%%%%%% %%%%%%%%%~~~~~~% %%%%%%%%~%%%%%%% %~%%%~%%%%~%%%%% ~~~%%%%%~~~~%%%~ %%%%~~~~%%%~~%%% ~~~~~~~~~~~~~%%% %%%%%%%%%%%%%%%%
%%%%%%%%%%%%%%%% %%%%%%%%.%%%%%%% %%%%%%%%%%%%%%%% %%%%%%%%%......% %%%%%%%%.%%%%%%% %.%%%.%%%%.%%%%% ...%%%%%....%%%. %%%%....%%%..%%% .............%%% %%%%%%%%%%%%%%%%

[entities]
goomba 29 12 dx=8
koopa-green 40 12 dx=8
koopa-green 50 12 dx=8
firebar 56 12
firebar 76 9
firebar-ccw 80 5
podoboo 81 12
firebar-ccw 85 9
firebar 91 5
podoboo 98 12
firebar-ccw 103 12
firebar 109 12
podoboo 118 12
podoboo 123 12
bowser 135 9
lift-h 138 5 len=4 range=3
axe 141 8
toad 153 12

[zones]
exit 152 next=ll-3-1
