id: ll-2-2
name: WORLD 2-2
world: 2
stage: 2
theme: night
music: overworld
time: 400
start: 2,12
startMode: stand
camera: scroll

[tiles]
;; 0                16               32               48               64               80               96               112              128              144              160              176              192              208              224              240              256
................ ................ ................ ................ ................ ................ ................ ................ ................ ................ ................ ................ ................ ................ ................ ................ ................
................ ................ ................ ................ ................ ................ ................ ................ ................ ................ ................ ................ ................ ................ ................ ................ ................
................ ................ ................ ................ ................ ................ ................ ................ ................ ................ ................ ................ ................ ................ ................ ................ ......o.........
................ ................ ................ ................ ................ ................ ................ ................ ................ ................ ................ ..............[] ................ ................ ................ ................ ......!.........
................ ................ ................ ................ ................ ................ ................ ................ ................ ................ ................ ..............{} ................ ................ ................ ..........ggg... ......!.........
................ ................ ................ ................ ................ ................ ................ ................ ................ ................ .............P.. .........2....BB ................ ................ ................ ............BB.. ......!.........
................ ................ ................ ................ ................ ................ ................ .............S.. ................ ........$$$$.... ................ ................ ................ ................ ................ ...........BBB.. ......!.........
................ ................ ................ ................ ................ ................ .$$$$$$......... ................ ................ ................ ................ ................ ................ ................ ................ ..........BBBB.. ......!.........
................ ................ .........$$$.... ................ $$$$............ ................ ................ ................ .............$$$ ................ ................ ..........2..... ..............$$ ................ .............BBB ......B..BBBBB.. ......!.........
................ ................ ................ ................ ................ ......BB........ ................ ................ ................ ................ .............C.. ................ ................ ................ ................ ........BBBBBB.. ......!.........
................ ...[]........... ................ .......[]....... ................ ......BBB....... ................ ................ ................ ................ .........[]..... ................ ................ ..B............. ................ .......BBBBBBB.. ......!.........
................ ...{}........... ................ ..B....{}....... ................ ......BBBB...... ................ .............B.. ................ ................ .........{}...B. ...[]........... ......B......... ..B......[]..... ................ ......BBBBBBBB.. ......!.........
................ ...{}....g.g.... .....k..k....... ..BB...{}......k ................ .B....BBBBB..... [].....BB...g... .........B...B.. ......k.k..k.... .k............k. .k.......{}.k.B. ...{}........... ......B....k.... ..B......{}..... .K....g......... .....BBBBBBBBB.. ......B.........
################ ##########[]#### []###########... ..###..{}####### ################ ##....######.... {}......######## ##########...#.. ################ ################ ###############. ...#########.... ......########## ###########..### ############.... ....############ ################
################ ##########{}#### {}###########... ..###..{}####### ################ ##....######.... {}......######## ##########...#.. ################ ################ ###############. ...#########.... ......########## ###########..### ############.... ....############ ################

[entities]
decor-castle 0 12
koopa-para-green 17 6
piranha 19 10
piranha 26 13
goomba 28 12 dx=8
piranha 32 13
koopa-green 38 12 dx=8
piranha 55 10
koopa-green 64 12 dx=8
koopa-para-green 74 12
koopa-para-green 78 12
piranha 96 12
goomba 109 12 dx=8
koopa-para-green 116 12
koopa-green 137 12 dx=8
koopa-green 146 12 dx=8
koopa-green 159 12 dx=8
piranha 169 10
piranha 179 11
piranha 190 3
koopa-green 204 12 dx=8
piranha 217 11
goomba 231 12 dx=8
koopa-para-green 237 5
decor-castle 266 12

[zones]
checkpoint 130 12
exit 262 next=ll-2-3
pipe 169 10 down -> ll-2-2-bonus 1 0 exit=none

[decor]
cloud-2 3 3
cloud-1 9 7
cloud-2 18 2
cloud-1 28 11
cloud-1 35 7
cloud-1 38 6
cloud-1 46 11
cloud-2 51 3
cloud-1 57 7
cloud-2 66 2
cloud-1 76 11
cloud-1 83 7
cloud-1 86 6
cloud-1 94 11
cloud-2 99 3
cloud-1 105 7
cloud-2 114 2
cloud-1 131 7
cloud-1 134 6
cloud-1 142 11
cloud-2 147 3
cloud-1 153 7
cloud-2 162 2
cloud-1 172 11
cloud-1 179 7
cloud-1 182 6
cloud-1 190 11
cloud-2 195 3
cloud-1 201 7
cloud-2 210 2
cloud-1 220 11
cloud-1 227 7
cloud-1 230 6
cloud-1 238 11
cloud-2 243 3
cloud-1 249 7
cloud-2 258 2

[variant sophia classic]
;; The original's pieces for Sophia III here: the hidden block of the crossing at 186 a row lower (charVert), ground in the gaps at
;; 45, 82 and 103 (charHorz). Every piece the original lays for
;; her in this area (docs/HEROES.md).
152 6 ....
141 8 ...
152 8 $$$$
186 8 .
237 8 ...
186 9 2
237 9 BBB
141 10 $$$
81 12 .B
102 12 B
45 13 # *2
82 13 # *2
103 13 # *2
;; The flagpole's step-fall lift (charHorz): a one-tile lift by the pole that drops once stood on.
+ lift-fall 257 4 len=2 dx=8
