id: ll-2-4
name: WORLD 2-4
world: 2
stage: 4
theme: castle
music: castle
time: 300
start: 1,6
startMode: stand
camera: scroll

[tiles]
;; 0                16               32               48               64               80               96               112              128              144
................ ................ ................ ................ ................ ................ ................ ................ ................ ................
................ ................ ................ ................ ................ ................ ................ ................ ................ ................
%%%%%%%%%%%%%%%% %%%%%%%%%%%%%%%% %%%%%%%%%%%%%%%% %%%%%%%%%%%%%%%% %%%%%%%%%%%%%%%% %%%%%%%%%%%%%%%% %%%%%%%%%%%%%%%% %%%%%%%%%%%%%%%% %%%%%%%%%%%%%%%% %%%%%%%%%%%%%%%%
%%%%%%%%%%%%%%%% %........%%%%%%% %%%%%%%%%....... ................ ...%%%%%%%%%%%%% %%%%%%%%%%%%%%%. ............%%%% ................ .==..==.......%% ................
%%%%%%%%%%%%%%%% %........%%%%%%% %%%%%%%%%....... ................ ...%%%%%%%%%%%%% %%%%%%%%%%%%%%%. ............%%%% ................ .==..==.......%% ................
................ %......k.%%%%%%% %%%%%%%%%....... ................ ..3%%%%%%%%%%%%% B%%%%%%%%%%B%%%. ............%%%% ................ .==..==.......%% ................
................ %.%%%%%%.%%%%%%% %%%%%%%%%....... ................ ................ ................ ................ ................ .=C............. ................
BBB............. %.%%%%%%.%%%%%%% %%%%%%%%%....... ................ ................ ................ ................ ................ ................ ................
BBBB............ ..%%%%%%.%%%%%%% %%%%%%%%%....... ................ ................ ................ ................ ................ ................ ................
BBBBB........... ..%%%%%%.%%%%%%% %%%%%%%%%....... ................ ...%%%%%%.%%B%%% %.%%%B%%%%%.%%%% .........%%..... ................ ............:%%% ................
%%%%%%%%%%%%%%%% %%%%%%%%........ ................ ................ ..%%%%%%........ ............%%%% ................ ........%%%..%%% -------------%%% ................
%%%%%%%%%%%%%%%% %%%%%%%%........ ................ ................ .%%%%%%%........ ............%%%% ................ ........%%%..%%% .............%%% ................
%%%%%%%%%%%%%%%% %%%%%%%%....g..g .......k........ .k..k...B....... %%%%%%%%........ ............%%%% .......B.....B.. ........%%%..%%% .............%%% ................
%%%%%%%%%%%%%%%% %%%%%%%%~%%%%%%% %%%%%%%%%%%%%%%% %%%%%%%%%~~~~~~% %%%%%%%%~%%%%%%% %~%%%~%%%%~%%%%% ~~~%%%%%~~~~%%%~ %%%%~~~~%%%~~%%% ~~~~~~~~~~~~~%%% %%%%%%%%%%%%%%%%
%%%%%%%%%%%%%%%% %%%%%%%%.%%%%%%% %%%%%%%%%%%%%%%% %%%%%%%%%......% %%%%%%%%.%%%%%%% %.%%%.%%%%.%%%%% ...%%%%%....%%%. %%%%....%%%..%%% .............%%% %%%%%%%%%%%%%%%%

[entities]
goomba 29 12 dx=8
koopa-green 40 12 dx=8
koopa-green 50 12 dx=8
firebar-ccw 56 12
firebar-ccw 76 9
firebar 80 5
podoboo 81 12
firebar 85 9
firebar-ccw 91 5
podoboo 98 12
firebar 103 12
firebar-ccw 109 12
podoboo 118 12
podoboo 123 12
bowser 135 9
lift-h 138 5 len=4 range=3
axe 141 8
toad 153 12

[zones]
exit 152 next=ll-3-1

[variant sophia classic]
;; The original's pieces for wide heroes (Level.as WideCharacter): the one-tile shafts at 17 and
;; 24 are two tiles wide for the tank (lava under 25 as under 24: drive right on the way down).
;; Normal Sophia III could not get up the first one (docs/HEROES.md).
25 3 . *7
18 6 . *4
25 13 ~
25 14 .
