id: ll-2-1
name: WORLD 2-1
world: 2
stage: 1
theme: night
music: overworld
time: 400
start: 2,12
startMode: stand
camera: scroll

[tiles]
;; 0                16               32               48               64               80               96               112              128              144              160              176              192              208              224              240
................ ................ ................ ................ ................ ................ ................ ................ ................ ................ ................ ................ ................ ................ ................ ........
................ ................ ................ ................ ................ ................ ................ ................ ................ ................ ................ ................ ................ ................ ................ ........
................ ................ ................ ................ ................ ................ ....3........... ................ ................ ................ ................ ................ ..1............. ................ ........o....... ........
................ ................ ................ ................ ................ ................ ................ ................ ................ ................ ................ ................ ................ ............ggg. ........!....... ........
................ ................ ................ ................ ................ ................ ................ ................ ................ ................ ................ ................ ................ ................ ........!....... ........
................ ................ ........?.M.?... .............=S= ................ ................ ...2............ ................ ......===V====.. ................ ................ ................ BBB............. ..............BB ........!....... ........
................ ................ ................ ................ ................ ................ ................ ................ ................ ................ ................ ................ ................ .............BBB ........!....... ........
................ ................ ................ ................ .BBBBBBB........ ................ ................ ................ ................ ................ ................ ................ ................ ............BBBB ........!....... ........
................ ................ ................ ................ BB.............. ................ ................ ................ ................ ................ ................ ................ ................ ...........BBBBB ........!....... ........
................ ................ ...............m mmmmmm.........B BB.............. ...............m mmmmmm.......... ................ .........22===.. ....4???........ ................ ................ ................ ..........BBBBBB ........!....... ........
................ ......B--------- ---------------- iiiii.........BB BB.............. ................ iiiii........... ..y............. .......[]....... ................ .....BB....BB... ..BB.....BB..... ................ .........BBBBBBB ........!....... ........
................ .....BB......... ................ iiiii........BBB BB.............. ...[]........... iiiii........... mmmm............ .......{}....... ................ ..y............. ................ ................ ........BBBBBBBB ........!....... ........
................ ....BBBwwwwwwwww wwwwwwwwwwwwwwww iiiiiwwwwwwwBBBB BBwwww[]wwwww[]w www{}wwwww[]wwww iiiiiwwwwwwwwwww wiiwwwwwwwwwwwww B......{}....... ................ ..Bwwwwwwwwwwwww wwwwwwwwwwwwwwwB ................ .......BBBBBBBBB ........B....... ........
################ #######......... ................ iiiii.......#### ##....{}.....{}. ...{}.....{}.... iiiii........... .ii............. ################ ################ ###............. ...............# ################ ################ ################ ########
################ #######......... ................ iiiii.......#### ##....{}.....{}. ...{}.....{}.... iiiii........... .ii............. ################ ################ ###............. ...............# ################ ################ ################ ########

[entities]
decor-castle-big -2 12
koopa-para-green 36 8
koopa-para-green 40 8
koopa-para-green 44 8
koopa-para-green 47 8
koopa-para-green 50 8
piranha 70 12
piranha 77 12
piranha 83 11
piranha 90 12
lift-h 107 12 len=6 range=3
lift-h 121 12 len=6 range=3
piranha 135 10
koopa-para-green 152 12
koopa-para-green-h 175 8
koopa-para-green-h 179 7
koopa-para-green 206 6
koopa-para-green 211 3
decor-castle 235 12

[zones]
checkpoint 130
exit 231 next=ll-2-2
vine 137 5 -> ll-2-1-sky 4 14
pipe 70 12 down -> ll-2-1-bonus 1 0 exit=none

[decor]
cloud-1 8 3
bush-3 11 12
hill-small 16 12
cloud-1 19 2
cloud-3 27 3
cloud-2 36 2
cloud-1 56 3
cloud-1 67 2
cloud-3 75 3
cloud-2 84 2
cloud-1 104 3
cloud-1 115 2
cloud-3 123 3
cloud-2 132 2
bush-3 137 12
hill-big 144 12
cloud-1 152 3
bush-3 155 12
hill-small 160 12
cloud-1 163 2
cloud-3 171 3
cloud-2 180 2
hill-big 192 12
cloud-1 200 3
bush-3 203 12
hill-small 208 12
cloud-1 211 2
cloud-3 219 3
cloud-2 228 2
bush-3 233 12
hill-big 240 12
