id: 6-1
name: WORLD 6-1
world: 6
stage: 1
theme: night
music: overworld
time: 400
start: 2,12
startMode: stand
camera: scroll

;; Campaign play only (level/campaign.ts applyLook, 0.4.29): World 6 is Ryu's world, and 6-1 is
;; a moonlit field at the edge of a bamboo forest (`ng-field`), a ninja game's opening act: dark
;; earth, bundles of cut bamboo and mossy stone under a starry night, the full moon, far peaks and a
;; bamboo grove painted behind (world/theme-backdrop.ts); its trees are bamboo clumps and stone
;; lanterns. It plays Ryu's stage tune. Elsewhere (level select, ?level=6-1) it looks as it always did.
campaignTheme: ng-field
campaignMusic: ng-stage

[tiles]
;; 0                16               32               48               64               80               96               112              128              144              160              176              192
................ ................ ................ ................ ................ ................ ................ ................ ................ ................ ................ ................ ................
................ ................ ................ ................ ................ ................ ................ ................ ................ ................ ................ ................ ................
................ ................ ................ ................ ................ ................ ................ ................ ................ ................ ................ ..........o..... ................
................ ................ ................ ................ ................ ................ ................ ................ ................ ................ ................ ..........!..... ................
................ ................ ................ ................ ................ ................ ................ ................ ................ ................ ................ ..........!..... ................
................ ................ ....P=.......... ................ ................ ................ ................ .2.............. ................ ................ ................ BB........!..... ................
................ ................ ................ ................ ................ .........B===... ................ ................ ................ ................ ................ BB........!..... ................
................ ................ ................ ................ ............$$.. ........BB...... ................ ................ ................ ....B==......... ................ BB........!..... ................
................ ................ ................ ................ ................ .......BBB1..... .........$$$.... ..............B= =.M?............ ...BB........... .............B.. BB........!..... ................
................ ??.............. ...BBB...==C.... ..............$$ $.......BB...... .......BBB...... ................ .2...........BB. ................ ..BBB..=C....... ............BB.. BB........!..... ................
................ ................ BBBB............ ................ .......BBB...... .....B.BBB..===. ......[]........ ............BBB. ................ .BBBB........... ...........BBB.. BB........!..... ................
................ .............BBB BB.............. ................ ......BBBB...... ....BB.BBB...... ......{}........ ...........BBBB. ................ BBBBB...===..... ..........BBBB.. BB........!..... ................
................ ..........BBBBBB ................ ................ .....BBBBB...... .......BBB...... ......{}........ ..........BBBBB. ..=====........B BBBBB........... .........BBBBB.. BB........B..... ................
################ ####..#########. .....##..####### #########..##### ##########...### #############... ################ ###############. ......##.####### #####......##### ####...#######.. ################ ################
################ ####..#########. .....##..####### #########..##### ##########...### #############... ################ ###############. ......##.####### #####......##### ####...#######.. ################ ################

[entities]
decor-castle-big -2 12
lakitu 21 0 end=170
piranha 102 10
decor-castle 192 12

[zones]
checkpoint 98 12
exit 188 next=6-2

[decor]
hill-big 0 12
cloud-1 8 3
bush-3 11 12
hill-small 16 12
cloud-1 19 2
bush-2 23 12
cloud-3 27 3
cloud-2 36 2
bush-3 41 12
hill-big 48 12
cloud-1 56 3
bush-3 59 12
hill-small 64 12
cloud-1 67 2
cloud-3 75 3
cloud-2 84 2
bush-3 89 12
hill-big 96 12
cloud-1 104 3
bush-3 107 12
hill-small 112 12
cloud-1 115 2
bush-2 119 12
cloud-3 123 3
cloud-2 132 2
bush-3 137 12
cloud-1 152 3
bush-3 155 12
hill-small 160 12
cloud-1 163 2
bush-2 167 12
cloud-3 171 3
cloud-2 180 2
bush-3 185 12
hill-big 192 12
cloud-1 200 3
bush-3 203 12

[variant sophia classic]
;; The flagpole's step-fall lift (WideCharacter): a two-tile lift by the pole that drops once stood on.
+ lift-fall 181 4 len=2 dx=8
