id: 6-2-sky
name: WORLD 6-2
world: 6
stage: 2
theme: overworld
music: overworld
time: inherit
start: 4,14
startMode: climb
camera: scroll
parent: 6-2

[tiles]
;; 0                16               32               48               64               80
................ ................ ................ ................ ................ ................
................ ................ ................ ................ ................ ................
................ ................ ................ ................ ................ ................
................ ................ ................ ................ ................ ................
................ ................ ................ ................ ................ ................
................ ................ ................ .....$$$$$$$.... .......$$$$$$$$$ $...............
...............$ $$$$$$$$$$$$$$$. ..$$$$$$$$$$$$$$ $$.............. ...OO..O.O.O.O.O ................
................ ................ ................ ...O.........O.. ................ ................
................ ................ O............... ...O.........O.. ................ ................
................ ................ ................ ................ ................ ................
................ ................ ................ ................ ................ ................
................ ................ ................ ................ ................ .....$$$........
................ ................ ................ ................ ................ ................
OOOO.OOOOOOOOOOO OOOOOOOOOOOOOOOO OOOOOOOOOOOOOOOO OOOOOOOOOOOOOOOO OOOOOOOOOOOOOOOO OOO.............
................ ................ ................ ................ ................ ................

[entities]
vine 4 14 len=8
lift-right 17 10 len=6 dx=-16

[zones]
pit 0 -> 6-2 162 0
