id: 6-2-bonus
name: WORLD 6-2
world: 6
stage: 2
theme: underground
music: underground
time: inherit
start: 1,0
startMode: fall
camera: locked
parent: 6-2

;; Campaign play only (0.4.29): 6-2's coin room is the city's sewers (`ng-sewer`, the
;; underground still): grimy concrete with slime along its seams, sewer brick and riveted steel, to
;; its own sneaking tune. Elsewhere (level select, ?level=6-2) it looks as it always did.
campaignTheme: ng-sewer
campaignMusic: ng-sewer

[tiles]
;; 0
................
................
=...=======....{
=.........=....{
=.........=....{
=....$$$$$=....{
=...=$$$$$===..{
=...=======...C{
=..............{
=..............{
=..............{
=............())
=............<>>
################
################

[zones]
pipe 13 12 right -> 6-2 35 10 exit=up
;; Ryu's trick wall (campaign only, docs/HEROES.md): the panel in the left wall (rows 10-12).
;; The campaign variant makes those bricks the trick wall (N) and lays a coin arrow pointing at its
;; middle row; pushing into it for about a second flips the player through into his dojo (one way:
;; the dojo's panel leads back up into 6-2). Outside the campaign the room is as it always was.
trick 0 10 3 -> 6-2-dojo 14 12 campaign
