id: 6-2-water
name: WORLD 6-2
world: 6
stage: 2
theme: water
music: water
time: inherit
start: 1,1
startMode: fall
camera: scroll
parent: 6-2

[tiles]
;; 0                16               32               48               64
................ ................ ................ ................ .
................ ................ ................ ................ .
wwwwwwwwwwwwwwww wwwwwwwwwwBBwwww BBwwwwwwwwwwwwww wwwwwwwwwwwwwBBB B
................ ..........BB.... BB.............. .............BBB B
...............# ..........BB.... BB....BBBBBB.... .............BBB B
...............# ................ ......#....#.... ......$$$$...BBB B
...........BBBBB ................ ......#....#.... ......BBBB.....B B
................ ......$$$$$$$$$$ ......#....#.... ..............(B B
................ ................ ......#....#.... ..$$$$........<B B
................ ....#........... ................ ..BBBB.......BBB B
............#... ....#.....BB.... BB.............. .............BBB B
............#... ....#.....BB.... BB............#. ............BBBB B
............#... ....#.....BB.... BB......$$....#. ...........BBBBB B
################ ######....##.... ######..##..#### ################ #
################ ######....##.... ######..##..#### ################ #

[entities]
blooper 19 12
lift-down 23 6 len=4
cheep-grey 27 6
lift-down 29 10 len=4
blooper 35 12
cheep-grey 39 11
blooper 45 12
cheep-red 48 8
cheep-grey 53 3

[zones]
pipe 62 8 right -> 6-2 115 10 exit=up
