id: 6-4
name: WORLD 6-4
world: 6
stage: 4
theme: castle
music: castle
time: 300
start: 2,6
startMode: stand
camera: scroll

[tiles]
;; 0                16               32               48               64               80               96               112              128              144
................ ................ ................ ................ ................ ................ ................ ................ ................ ................
................ ................ ................ ................ ................ ................ ................ ................ ................ ................
%%%%%%%%%%%%%%%% %%%%%%%%%%%%%%%% %%%%%%%%%%%%%%%% %%%%%%%%%%%%%%%% %%%%%%%%%%%%%%%% %%%%%%%%%%%%%%%% %%%%%%%%%%%%%%%% %%%%%%%%%%%%%%%% %%%%%%%%%%%%%%%% %%%%%%%%%%%%%%%%
%%%%%%%%%%%%%%%% %%%%%%%%........ .....%%%%%%%%%%% %%%%%%%%%%%%%%%% %%%%%%%%........ %.......%....... .%%%%%%%........ ...........%%%%% ..............%% ................
%%%%%%%%%%%%%%%% %%%%%%%%........ .....%%%%%%%%%%% %%%%%%%%%%%%%%%% %%%%%%%%........ B.......B....... .%%%%%%%........ ...........%%%%% ..............%% ................
................ .......%........ .....%%%%%%%%%%% %%%%%%%%%%%%%%%% %%%%%%%%........ ................ ...........2..2. .2.............. ..............%% ................
................ .......B......M. .....B.......... .B..........B... ...B............ ................ ................ ................ ................ ................
BBB............. ................ ................ ................ ................ ................ ................ ................ ................ ................
BBBB............ ................ ................ ................ ................ ................ ................ ................ ................ ................
BBBBB........... ................ ...%%%%%%%%%%%%% %%%%%%%%%%%%%%%% %%%%%%%%....B... ....B.......B... ..........2..2.. 2............... ............:%%% ................
%%%%%%%%%%%%%..% %%%%%%%%%%...%B% ...%%%%%%%%%%%%% %%%%%%%%%%%%%%%% %%%%%%%%%%%%%%%% %%%%%%%%%%%%%%%% %%%%%%%%........ ....%%%%...%%%%% -------------%%% ................
%%%%%%%%%%%%%..% %%%%%%%%%%...%%% ...%%%%%%%%%%%%% %%%%%%%%%%%%%%%% %%%%%%%%%%%%%%%% %%%%%%%%%%%%%%%% %%%%%%%%........ ....%%%%...%%%%% .............%%% ................
%%%%%%%%%%%%%~~% %%%%%%%%%%...%%% ...%%%%%%%%%%%%% %%%%%%%%%%%%%%%% %%%%%%%%%%%%%%%% %%%%%%%%%%%%%%%% %%%%%%%%........ ....%%%%...%%%%% .............%%% ................
%%%%%%%%%%%%%..% %%%%%%%%%%~~~%%% ~~~%%%%%%%%%%%%% %%%%%%%%%%%%%%%% %%%%%%%%%%%%%%%% %%%%%%%%%%%%%%%% %%%%%%%%%%%%%%%% %%%%%%%%%%%%%%%% ~~~~~~~~~~~~~%%% %%%%%%%%%%%%%%%%
%%%%%%%%%%%%%..% %%%%%%%%%%...%%% ...%%%%%%%%%%%%% %%%%%%%%%%%%%%%% %%%%%%%%%%%%%%%% %%%%%%%%%%%%%%%% %%%%%%%%%%%%%%%% %%%%%%%%%%%%%%%% .............%%% %%%%%%%%%%%%%%%%

[entities]
firebar-ccw 23 6
podoboo 27 12
firebar 30 10
podoboo 33 12
firebar 37 6
firebar 49 6
firebar 60 6
firebar 67 6
firebar 76 9
firebar-ccw 80 4
firebar 84 9
firebar-ccw 88 4
firebar 92 9
podoboo 131 12
lift-h 136 6 len=4 range=3
bowser 136 9 attack=hammer
axe 141 8
toad 153 12

[zones]
exit 152 next=7-1
bowser-fire 92
