id: ll-13-1
name: WORLD 13-1
world: 13
stage: 1
theme: snow
music: overworld
time: 400
start: 2,12
startMode: stand
camera: scroll

[tiles]
;; 0                16               32               48               64               80               96               112              128              144              160              176              192              208
................ ................ ................ ................ ................ ................ ................ ................ ................ ................ ................ ................ ................ ........
................ ................ ................ ................ ................ ................ ................ ................ ................ ................ ................ ................ ................ ........
................ ................ ................ ............1... ................ ................ ................ ................ ................ ................ ................ ................ .......o........ ........
................ ................ ................ ................ ................ ................ ................ ................ ................ ................ ................ ................ .......!........ ........
................ ................ ................ ................ .........$$..... ................ ................ ................ ................ ................ ................ ................ .......!........ ........
................ ................ ................ ................ ................ .......=EE=====S =........5....=. ................ ................ ======.......... BBBBBBBBBBBBBBBB ..............B. .......!........ ........
................ =P==========EEEE ................ ...........5.... ................ ........{}...... ................ .........P...... ..[]............ ................ ....{}.......{}. ................ .......!........ ........
................ ................ ..........^..... ...=............ ???......[]..... ........{}...... ................ ................ ..{}............ ................ ....{}.......{}. ............B... .......!........ ........
................ ........n....... ..........|..... ................ .........{}..... ........{}...... ................ ................ ..{}........^..n ................ ....{}.......{}. ................ .......!........ ........
................ .....=====E..... .........BBB..=. ................ ......?????????? ........{}...... .........[]..... ............B... ..BB.......BBBBB ======.......... ....{}.......{}. .......[]....... .......!........ ........
................ ................ ........BBBB.... ................ ................ ........DG...... .........{}..... ................ ..........BBBBBB ................ ....DG.......DG. .......{}....... .......!........ ........
................ ................ .......BBBBB.... .....^.......... ................ ................ .........{}..... ...[]........... .........BBBBBBB ................ ................ .......{}....... .......!........ ........
..............s. .........n...... ......BBBBBB.... .....|.......... ...^.....zkk.... .....gg.g....... .z.z.....{}..... ...{}.....Bwwwww wwwwwwwwBBBBBBBB ......n...^..... ................ .......{}....... .......B........ ........
################ ###########..... .....########### ################ ####..########## ################ ################ ###########..... ........######## ################ ######.########. #####..######### ################ ########
################ ###########..... .....########### ################ ####..########## ################ ################ ###########..... ........######## ################ ######.########. #####..######### ################ ########

[entities]
decor-castle-big -2 12
koopa-para-green-h 33 9
koopa-para-red 58 8
piranha 73 7 red=1
piranha-down 88 10 red=1
koopa-para-green 96 4
piranha 105 9 red=1
piranha 115 11 red=1
koopa-para-green-h 128 4
piranha 130 6 red=1
piranha-down 164 10 red=1
piranha-down 173 10 red=1
piranha 183 9 red=1
decor-castle 203 12

[zones]
exit 199 next=ll-13-2
pipe 73 7 down -> ll-13-1-bonus 1 0 exit=none

[decor]
hill-big 0 12
cloud-1 8 3
bush-3 11 12
hill-small 16 12
cloud-1 19 2
bush-2 23 12
cloud-3 27 3
cloud-2 36 2
bush-3 41 12
hill-big 48 12
cloud-1 56 3
bush-3 59 12
hill-small 64 12
cloud-1 67 2
bush-2 71 12
cloud-3 75 3
cloud-2 84 2
bush-3 89 12
hill-big 96 12
cloud-1 104 3
bush-3 107 12
hill-small 112 12
cloud-1 115 2
bush-2 119 12
cloud-3 123 3
cloud-2 132 2
hill-big 144 12
cloud-1 152 3
bush-3 155 12
hill-small 160 12
cloud-1 163 2
bush-2 167 12
cloud-3 171 3
cloud-2 180 2
bush-3 185 12
hill-big 192 12
cloud-1 200 3
bush-3 203 12
hill-small 208 12
cloud-1 211 2
