id: ll-13-3
name: WORLD 13-3
world: 13
stage: 3
theme: snow
music: overworld
time: 400
start: 2,12
startMode: stand
camera: scroll

[tiles]
;; 0                16               32               48               64               80               96               112              128              144              160              176              192              208              224
................ ................ ................ ................ ................ ................ ................ ................ ................ ................ ................ ................ ................ ................ ........
................ ................ ................ ................ ................ ................ ................ ................ ................ ................ ................ ................ ................ ................ ........
................ ................ ................ ................ ................ ................ ................ ................ ................ ................ ................ ................ ................ .........o...... ........
................ ................ ................ ................ ................ ................ ................ ................ ................ ................ ................ ................ ................ .........!...... ........
................ ................ ................ ................ ................ ..........n..... ................ ................ ...K............ ................ ................ ................ ................ .........!...... ........
................ ................ ................ ................ ................ .......========= =............... ................ ...B............ ................ ................ ................ ................ ^........!...... ........
................ ................ ................ ................ ................ ................ ................ ................ ...B............ ................ ................ ................ ................ |........!...... ........
................ ................ ................ .AAAAAAAAAAAAAAA AAAAAAAAAAAAAAAA ................ ................ ................ ...B.AAAAAAAAAAA AAA............. .......AAAAAAA.. .AAAAAAAAAAAAAAA AAAAA........^.. |........!...... ........
................ ................ ................ .HHHHHHHHHHHHHHH HHHHHHHHHHHHHHHH .............n.. ...........^.... ................ ...B.HHHHHHHHHHH HHH............. .......HHHHHHH.. .HHHHHHHHHHHHHHH HHHHH........|.. |........!...... ........
................ ..........^.P... ................ .HHHHHHHHHHHHHHH HHHHHHHHHHHHHHHH .......=???????? ........^..|.... ................ ...B.HHHHHHHHHHH HHH............. .......HHHHHHH== =HHHHHHHHHHHHHHH HHHHH.....^..|.. |........!...... ........
................ ......^...|...^. .......[]....... .HHHHHHHHHHHHHHH HHHHHHHHHHHHHHHH .......=........ .....^..|..|..^. ...^............ ...B.HCHHHHHHHHH HHH[].....^..... .......HHHHHHH.. .HHHHHHHHHHHHHHH HHHHH.....|..|.. |........!...... ........
................ ...^..|...|...|. .^.....{}....... .HHHHHHHHHHHHHHH HHHHHHHHHHHHHHHH ..^....=........ .....|..|..|..|. ...|............ ...B.HHHHHHHHHHH HHH{}.....|..... ....^..HHHHHHH.. .HHHHHHHHHHHHHHH HHHHH..^..|..|.. |........!...... ........
................ ...|..|...^...|. .|.....{}....... .HHHHHHHHHHHHHHH HHHHHHHHHHHHHHHH ..|....=........ .....|..|..^..|. ...|............ .s.B.HHHHHHHHHHH HHH{}.....^..... ....|..HHHHHHH.n .HHHHHHHHHHHHHHH HHHHH..|..|..|.. |........B...... ........
################ ################ ######.{}####### ################ ################ ################ ################ ################ ##.############# ################ ################ ################ ######.#..#..#.. #......######### ########
################ ################ ######.{}####### ################ ################ ################ ################ ################ ##.############# ################ ################ ################ ######.#..#..#.. #......######### ########

[entities]
decor-castle 0 12
piranha 39 10 red=1
hammer-bro-chase 58 12
hammer-bro-chase 65 12
hammer-bro-chase 144 12
piranha 147 10 red=1
hammer-bro-chase 184 12
koopa-para-green 195 11
decor-castle-big 221 12

[zones]
exit 219 next=ll-13-4

[decor]
hill-big 0 12
cloud-1 8 3
bush-3 11 12
hill-small 16 12
cloud-1 19 2
bush-2 23 12
cloud-3 27 3
cloud-2 36 2
bush-3 41 12
hill-big 48 12
cloud-1 56 3
bush-3 59 12
hill-small 64 12
cloud-1 67 2
bush-2 71 12
cloud-3 75 3
cloud-2 84 2
bush-3 89 12
hill-big 96 12
cloud-1 104 3
bush-3 107 12
hill-small 112 12
cloud-1 115 2
bush-2 119 12
cloud-3 123 3
cloud-2 132 2
bush-3 137 12
hill-big 144 12
cloud-1 152 3
bush-3 155 12
hill-small 160 12
cloud-1 163 2
bush-2 167 12
cloud-3 171 3
cloud-2 180 2
bush-3 185 12
hill-big 192 12
cloud-1 200 3

[variant sophia classic]
;; The flagpole's step-fall lift (WideCharacter): a two-tile lift by the pole that drops once stood on.
+ lift-fall 212 4 len=2 dx=8
