id: ll-13-4-end
name: WORLD 13-4
world: 13
stage: 4
theme: castle
music: castle
time: inherit
start: 3,10
startMode: pipe-exit
camera: scroll
parent: ll-13-4

[tiles]
;; 0                16               32               48               64               80               96               112
................ ................ ................ ................ ................ ................ ................ ................
................ ................ ................ ................ ................ ................ ................ ................
%%%%%%%%%%%%%%%% %%%%%%%%%%%%%%%% %%%%%%%%%%%%%%%% %%%%%%%%%%%%%%%% %%%%%%%%%%%%%%%% %%%%%%%%%%%%%%%% %%%%%%%%%%%%%%%% %%%%%%%%%%%%%%%%
................ ................ ................ %%%%%%%%%%%%%%%% %%%%............ .........%%%%%%% ......%%%.....%% ................
................ ................ ................ %%%%%%%%%%%%%%%% %%%%............ .........%%%%%%% ......%%%.....%% ................
................ ???????????M???? ................ ..............%% %%%%............ .........%%%%%%% ......%%%.....%% ................
................ ................ ................ ..............%% %%%%....%%%%%%%% %%%%%%%%.%%%%%%% ......%%%....... ................
................ ................ ................ ..............%% %%%%....%%%%%%%% %%%%%%%%........ ......%%%....... ................
................ ................ ................ ................ ........%%%%%%%% %%%%%%%%........ ................ ................
................ ................ ................ ...........n.... ........%%%%%%%% %%%%%%%%........ ............:%%% ................
................ %%%%%%%%%%%%%%%% ................ %%%%%%%%%%%%%%.. ........%%%%%%%% %%%%%%%%.%%%%%%% -------------%%% ................
...[]........... ...............% ......[].......% %%%%%%%%%%%%%%%. ........%%%%%%%% %%%%%%%%.%%%%%%% .............%%% ................
...{}........... ................ ......{}......%% %%%%%%%%%%%%%%%% ........%%%%%%%% %%%%%%%%.%%%%%%% .............%%% ................
%%%{}%%%%%%%%%%% %%%%%%%%%%%%%%%% %%%%%%%%%%%%%%%% %%%%%%%%%%%%%%%% %%%%~~~~%%%%%%%% %%%%%%%%~%%%%%%% ~~~~~~~~~~~~~%%% %%%%%%%%%%%%%%%%
%%%{}%%%%%%%%%%% %%%%%%%%%%%%%%%% %%%%%%%%%%%%%%%% %%%%%%%%%%%%%%%% %%%%....%%%%%%%% %%%%%%%%.%%%%%%% .............%%% %%%%%%%%%%%%%%%%

[entities]
piranha 3 11 red=1
bowser 20 9 attack=hammer fake=1
blooper 36 7
piranha 38 11 red=1
blooper 39 10
blooper 42 6
lift-v 69 10 len=4 range=6
podoboo 88 12
firebar 103 6
bowser 103 9 attack=hammer
axe 109 8
princess 121 12

[zones]
exit 120 next=end
pipe 38 11 down -> ll-13-4 3 10 exit=up
