id: ll-13-4
name: WORLD 13-4
world: 13
stage: 4
theme: castle
music: castle
time: 400
start: 1,6
startMode: stand
camera: scroll

[tiles]
;; 0                16               32               48               64               80               96
................ ................ ................ ................ ................ ................ ................
................ ................ ................ ................ ................ ................ ................
%%%%%%%%%%%%%%%% %%%%%%%%%%%%%%%% %%%%%%%%%%%%%%%% %%%%%%%%%%%%%%%% %%%%%%%%%%%%%%%% %%%%%%%%%%%%%%%% %%%%%%%%%%%%%%%%
%%%%%%%......... %%%%%%%%%%...... ................ ................ ...........%%%%% %%%%%%%%%%%%%%%% ..............%%
%%%%%%%......... %%%%%%%%%%...... ................ ................ ...........%%%%% %%%%%%%%%%%%%%%% ..............%%
................ %%%%%%%%%%...... ................ ................ ...........%%%%% %%%%%%%%%%%%%%%% ..............%%
................ %%%%%%%%%%...... ................ ................ ...........%%%%% %%%%%%%%%%%%%%%% ..............%%
%%%%%........... %%%%%%%%%%...... ...............% %..........[]... ...........%%%%% %%%%%%%%%%%%%%%% ..............%%
%%%%%%.......... %%%%%%%%%%3..... ................ ...........{}... ...........%%%%% %%%%%%%%%%%%%%%% ..............%%
................ %B%%%%%%%B...... .....B.......... ...........%%... ...........%%%%% %%%%%%%%%%%%%%%% .......[].....%%
................ ................ .....%%......... ................ ................ ................ .......{}.....%%
...[]........... ................ .....%%%.......[ ]..[]........... ................ ................ .......{}.....%%
...{}........... ...............% .....%%%%......{ }..{}........... ........%%...... ................ .......{}.....%%
%%%%%%%%%%%~~~~~ %%%%%%%%%%%%%%%% ~~~~~%%%%~~~~~~{ }~~{}~~~~~~~~~~~ ~~~~~~~~%%~B%%%% %%%%%%%%%%%%%%%% %%%%%%%%%%%%%%%%
%%%%%%%%%%%..... %%%%%%%%%%%%%%%% .....%%%%......{ }..{}........... ........%%.%%%%% %%%%%%%%%%%%%%%% %%%%%%%%%%%%%%%%

[entities]
piranha 3 11 red=1
firebar-ccw 17 9 len=12
firebar 25 9
podoboo 34 12
firebar 37 9
koopa-para-red 44 6
piranha 47 11 red=1
piranha 59 7 red=1
lift-fall 64 9 len=4
firebar-ccw 75 13
piranha 103 9 red=1

[zones]
cheeps 53 6
pipe 103 9 down -> ll-13-4-exit 3 10 exit=up

[variant sophia classic]
;; The original's pieces for heroes who jump short (charHorz): a lift over the lava at 43 and
;; another at 55, past the pipe at 51 where Normal Sophia III stopped, and a pillar at 70
;; (docs/HEROES.md). Every piece the original lays for her in this area.
31 12 .
33 12 %
70 12 %% *3
11 13 % *2
32 13 %% *2
- podoboo 34 12
+ podoboo 35 12
+ lift-h 43 13 len=4 range=3
+ lift-fall 55 9 len=4
