id: ll-13-2-sky
name: WORLD 13-2
world: 13
stage: 2
theme: overworld
music: overworld
time: inherit
start: 4,14
startMode: climb
camera: scroll
parent: ll-13-2

[tiles]
;; 0                16               32               48               64
................ ................ ................ ................ ................
................ ................ ................ ................ ................
................ ................ ................ ................ ................
................ ................ ................ ................ ................
................ $$$$$$$$$$...... ......$$$$$$$$$$ ...........$$$$$ $$$$$...........
................ ................ ................ ..........###### #######.........
................ ................ ..........#..... ................ ................
................ ................ ..........#..... ................ .........$$.....
................ ................ ................ ................ .....$$$........
................ ................ ................ ................ ................
................ ................ ................ ................ ................
................ ................ ................ ................ ................
................ ...........$$$$$ $$$$$........... .$$$$$$$$$$..... ................
####.########### ################ ################ ################ #######.........
................ ................ ................ ................ ................

[entities]
vine 4 14 len=8
lift-right 16 10 len=4

[zones]
pit 0 -> ll-13-2 114 0
