id: 4-2-warp
name: WORLD 4-2
world: 4
stage: 2
theme: overworld
music: overworld
time: inherit
start: 4,14
startMode: climb
camera: scroll
parent: 4-2

[tiles]
;; 0                16               32               48
................ ................ ................ ................
................ ................ ................ ................
................ ................ ................ ..............BB
................ ..............$$ $$$............. ..............BB
................ $$$...$$$.....mm mmm............. BBBBBBBBBBBB..BB
................ mmm...mmm....... i..............B B.............BB
................ .i.....i..$$$... i.............BB B.............BB
................ .i.....i..mmm... i............BBB B.............BB
............$$$. .i.....i...i.... i...........BBBB B.............BB
............mmm. .i.....i...i.... i..$$......BBBBB B.............BB
.............i.. .i.....i...i...m mmmmmm....BBBBBB B.[]..[]..[]..BB
.............i.. .immm.mmmmmi.... i.i......BBBBBBB B.{}..{}..{}..BB
.............i.. .i.i...ii..i.... i.i.....BBBBBBBB B.{}..{}..{}..BB
####.########### ################ ################ ################
####.########### ################ ################ ################

[entities]
vine 4 14 len=8

[zones]
scrollStop 48
pipe 50 10 down -> 8-1 2 12
pipe 54 10 down -> 7-1 2 12
pipe 58 10 down -> 6-1 2 12
warp 48 16 worlds=8,7,6 text=WELCOME_TO_WARP_ZONE!

[decor]
cloud-2 3 3
cloud-1 9 7
cloud-2 18 2
cloud-1 28 11
cloud-1 35 7
cloud-1 38 6
cloud-2 51 3
