id: 4-2-airship
name: WORLD 4-2
world: 4
stage: 2
theme: airship
music: smb3-boss
time: inherit
start: 2,12
startMode: pipe-exit
camera: locked
parent: 4-2

;; Larry Koopa's airship cabin (0.5.0, SMB3 style, after the owner's reference of SMB3's cabin and
;; the SMB3 art's mock of it): enclosed, no sky. The log back wall (`H`, not solid) fills the room,
;; with two porthole windows; a ceiling of beams across row 2 and a pillar down each edge column
;; (smb3 decor, 16x16, one per tile, drawn over solid `%` so the room stays closed); a floor of log
;; posts, `#` the post tops on row 13 and `%` the posts carrying on below, and one raised post at
;; (7,12). In the campaign 4-2's anchor chain leads here (`goto=4-2-airship,2,3,climb`,
;; level/campaign.ts): the hero climbs in up the arrival chain at column 2 and drops onto the pipe
;; top at column 3 (the pipe at the left is scenery now). Larry hops at the
;; hero, fires wand blasts and spins in his shell when stomped; beaten, he drops the crystal ball,
;; whose touch is 4-2's secret exit `secret:larry` (docs/HEROES.md).
[tiles]
;; 0
HHHHHHHHHHHHHHHH
HHHHHHHHHHHHHHHH
%%%%%%%%%%%%%%%%
%HHHHHHHHHHHHHH%
%HHHHHHHHHHHHHH%
%HHHHHHHHHHHHHH%
%HHHHHHHHHHHHHH%
%HHHHHHHHHHHHHH%
%HHHHHHHHHHHHHH%
%HHHHHHHHHHHHHH%
%HHHHHHHHHHHHHH%
%HHHHHHHHHHHHHH%
%HHHHHH#HHHHHHH%
##[]###%########
%%{}%%%%%%%%%%%%

[entities]
larry 12 12 next=4-3

[decor]
smb3:ceiling-beam 1 2
smb3:ceiling-beam 2 2
smb3:ceiling-beam 3 2
smb3:ceiling-beam 4 2
smb3:ceiling-beam 5 2
smb3:ceiling-beam 6 2
smb3:ceiling-beam 7 2
smb3:ceiling-beam 8 2
smb3:ceiling-beam 9 2
smb3:ceiling-beam 10 2
smb3:ceiling-beam 11 2
smb3:ceiling-beam 12 2
smb3:ceiling-beam 13 2
smb3:ceiling-beam 14 2
smb3:pillar 0 2
smb3:pillar 0 3
smb3:pillar 0 4
smb3:pillar 0 5
smb3:pillar 0 6
smb3:pillar 0 7
smb3:pillar 0 8
smb3:pillar 0 9
smb3:pillar 0 10
smb3:pillar 0 11
smb3:pillar 0 12
smb3:pillar 15 2
smb3:pillar 15 3
smb3:pillar 15 4
smb3:pillar 15 5
smb3:pillar 15 6
smb3:pillar 15 7
smb3:pillar 15 8
smb3:pillar 15 9
smb3:pillar 15 10
smb3:pillar 15 11
smb3:pillar 15 12
smb3:porthole 5 6
smb3:porthole 10 6
