id: 4-2-exit
name: WORLD 4-2
world: 4
stage: 2
theme: overworld
music: overworld
time: inherit
start: 3,10
startMode: pipe-exit
camera: scroll
parent: 4-2

;; Campaign play only (0.4.27): 4-2's way out is Zebes's surface (`crateria`, as 4-1). Elsewhere
;; (level select, ?level=4-2) it looks as it always did.
campaignTheme: crateria
campaignMusic: crateria

[tiles]
;; 0                16               32
................ ................ ..........
................ ................ ..........
................ ......o......... ..........
................ ......!......... ..........
................ ......!......... ..........
............BB.. ......!......... ..........
...........BBB.. ......!......... ..........
..........BBBB.. ......!......... ..........
.........BBBBB.. ......!......... ..........
........BBBBBB.. ......!......... ..........
.......BBBBBBB.. ......!......... ..........
...[].BBBBBBBB.. ......!......... ..........
...{}BBBBBBBBB.. ......B......... ..........
################ ################ ##########
################ ################ ##########

[entities]
piranha 3 11
decor-castle 26 12

[zones]
exit 22 next=4-3

[decor]
cloud-2 4 2
hill-big 16 12
cloud-1 24 3
bush-3 27 12
hill-small 32 12
cloud-1 35 2
bush-2 39 12

[variant sophia classic]
;; The flagpole's step-fall lift (charHorz): a one-tile lift by the pole that drops once stood on.
+ lift-fall 17 4 len=2 dx=8
