id: 4-2
name: WORLD 4-2
world: 4
stage: 2
theme: underground
music: underground
time: 400
start: 1,3
startMode: fall
camera: scroll

[tiles]
;; 0                16               32               48               64               80               96               112              128              144              160              176              192              208
................ ................ ................ ................ ................ ................ ................ ................ ................ ................ ................ ................ ................ ................
................ ................ ................ ................ ................ ................ ................ ................ ................ ................ ................ ................ ................ ................
=.....========== ================ ================ =========....... ...============= ================ ================ .......====..... ================ ===========..... ================ ============={}= ================ ============..==
=............... ....============ ================ ................ ................ ................ ................ ................ ................ ................ ================ .............{}= ================ =.............==
=............... ....============ ===========C==== ................ ................ ................ ................ ................ ................ ................ ================ .............{}= ================ =.............==
=............... ....============ ================ ..??............ V==............. ................ ................ .......=P=...... ................ ................ ================ .............{}= ================ =.............==
=............... ................ ................ ................ ..............[] ................ ................ ................ ................ ................ =............... ....[].......{}= ================ =.............==
=............... ................ ................ ................ 2.............{} ................ ................ ................ ................ ................ =............... ....{}.......{}= ================ =.............==
=............... ................ ...........gg.g. ...............2 .2............{} .......=........ ................ ................ ................ ................ ..$$$$$$$$$$.... ....{}.....())}= ================ =.............==
=............... ......======P.== ================ ..??..?M?....... ..2.........=C{} =S.............. ...........[]... .......====..... ..............[] ..........z..... .P==========.... B...{}.....<>>}= ================ =.............==
=............... ......=====...== ================ ................ ........[]....{} ....[]...[]..... ........B..{}..B B............... ..........[]..{} ..........B..... ...............B B...{}...=E===== ================ =.....[]......==
=............... ......=====...== ================ ................ ........{}....{} ....{}...{}..... .......BB..{}..B B............... ...[].....{}..{} .........BB..... ..............BB B...{}...======= ================ =.....{}......==
=............... ...........$$$== ================ ................ ........{}...k{} ...z{}..z{}..... ....kk.BB..{}..B B............... ...{}....k{}..{} ........BBB..... ........kk...BBB B..z{}...======= ================ =.....{}......==
###########..##. .#...########### ################ #########......# ################ ################ #########..##..# #......####..... .############### ..#########..... ################ #######..####### ################ ################
###########..##. .#...########### ################ #########......# ################ ################ #########..##..# #......####..... .############### ..#########..... ################ #######..####### ################ ################

[entities]
lift-down 60 5 len=6
piranha 72 10
piranha 78 6
piranha 84 10
piranha 107 9
lift-down 116 5 len=6
lift-down 116 12 len=6
lift-up 124 2 len=6
lift-up 124 9 len=6
piranha 131 11
piranha 138 10
piranha 142 9
lift-down 156 5 len=6
lift-down 156 12 len=6
piranha 180 6

[zones]
checkpoint 98
vine 64 5 -> 4-2-warp 4 14
pipe 84 10 down -> 4-2-bonus 1 0 exit=none
pipe 187 9 right -> 4-2-exit 3 10 exit=up
pipe 214 10 down -> 5-1 2 12
warp 208 16 worlds=5 text=WELCOME_TO_WARP_ZONE!
