id: 4-2
name: WORLD 4-2
world: 4
stage: 2
theme: underground
music: underground
time: 400
start: 1,3
startMode: fall
camera: scroll
;; Campaign play only (level/campaign.ts applyLook): Samus's tribute, 4-2's underground as
;; Metroid's Brinstar: the same tiles, enemies, coins and collision in the `brinstar` theme and
;; music, with brush and rock pillars ([campaign-decor]; the warp room is left bare for Larry's
;; anchor). Since 0.4.27 (World 4 as Zebes) its overworld ends (4-2-intro, 4-2-exit) and the
;; vine's warp room are Zebes's surface (`crateria`) and its bonus room Brinstar too; Samus's
;; cavern and Larry's airship keep their own looks. Elsewhere (level select, ?level=4-2) it looks
;; as it always did.
campaignTheme: brinstar
campaignMusic: brinstar

[tiles]
;; 0                16               32               48               64               80               96               112              128              144              160              176              192              208
................ ................ ................ ................ ................ ................ ................ ................ ................ ................ ................ ................ ................ ................
................ ................ ................ ................ ................ ................ ................ ................ ................ ................ ................ ................ ................ ................
=.....========== ================ ================ =========....... ...============= ================ ================ .......====..... ================ ===========..... ================ ============={}= ================ ===========...==
=............... ....============ ================ ................ ................ ................ ................ ................ ................ ................ ================ .............{}= ================ =.............==
=............... ....============ ===========C==== ................ ................ ................ ................ ................ ................ ................ ================ .............{}= ================ =.............==
=............... ....============ ================ ..??............ V==............. ................ ................ .......=P=...... ................ ................ ================ .............{}= ================ =.............==
=............... ................ ................ ................ ..............[] ................ ................ ................ ................ ................ =............... ....[].......{}= ================ =.............==
=............... ................ ................ ................ 2.............{} ................ ................ ................ ................ ................ =............... ....{}.......{}= ================ =.............==
=............... ................ ...........g..g. ...............2 .2............{} .......=........ ................ ................ ................ ................ ..$$$$$$$$$$.... ....{}.....())}= ================ =.............==
=............... ......======P.== ================ ..??..?M?....... ..2.........=C{} =S.............. ...........[]... .......====..... ..............[] ..........z..... .P==========.... B...{}.....<>>}= ================ =.............==
=............... ......=====...== ================ ................ ........[]....{} ....[]...[]..... ........B..{}..B B............... ..........[]..{} ..........B..... ...............B B...{}...=E===== ================ =.....[]......==
=............... ......=====...== ================ ................ ........{}....{} ....{}...{}..... .......BB..{}..B B............... ...[].....{}..{} .........BB..... ..............BB B...{}...======= ================ =.....{}......==
=............... ...........$$$== ================ ................ ........{}...k{} ...z{}..z{}..... ....kk.BB..{}..B B............... ...{}....k{}..{} ........BBB..... .............BBB B..z{}...======= ================ =.....{}......==
###########..##. .#...########### ################ #########......# ################ ################ #########..##..# #......####..... .############### ..#########..... ################ #######..####### ################ ################
###########..##. .#...########### ################ #########......# ################ ################ #########..##..# #......####..... .############### ..#########..... ################ #######..####### ################ ################

[entities]
goomba 44 8 dx=8
lift-down 60 5 len=6 dx=-16
piranha 72 10
piranha 78 6
piranha 84 10
piranha 107 9
lift-down 116 5 len=6 dx=-8
lift-down 116 12 len=6 dx=-8
lift-up 124 2 len=6 dx=-8
lift-up 124 9 len=6 dx=-8
piranha 131 11
piranha 138 10
piranha 142 9
lift-down 156 5 len=6 dx=-8
lift-down 156 12 len=6 dx=-8
koopa-green 168 12 dx=8
koopa-green 169 12 dx=8
piranha 180 6
;; Campaign only (0.4.23, docs/STORY.md 2.7): the bird statue, moved from 4-1's pipe room, on the
;; floor past the lift's pit (57-62), just past the vine block (64) up to the vine area's dead pipe.
partner 65 12 who=chozo campaign=true

[zones]
checkpoint 98 12
vine 64 5 -> 4-2-warp 4 14
pipe 84 10 down -> 4-2-bonus 1 0 exit=none
pipe 187 9 right -> 4-2-exit 3 10 exit=up
pipe 214 10 down -> 5-1 2 12
;; Campaign play (owner decisions): the room looks classic but its pipe is dead (no pipe zone);
;; once the hero has dropped in and stands on the floor, Larry Koopa's anchor crashes down through
;; the ceiling, smashes the pipe and rests where it stood, its chain rising off the top of the
;; screen; climbing it arrives on the airship's bow (`4-2-airship`, the chain at column 2, landing
;; on the deck in column 3; an area of 4-2: no map road of its own; level/campaign.ts). With
;; `larry` on the file (the airship crashed) only the pipe's stump is left. Other play keeps the
;; warp to 5-1.
warp 208 16 worlds=5 text=WELCOME_TO_WARP_ZONE! goto=4-2-airship,2,3,climb until=larry

[campaign-decor]
;; Brinstar: spiky brush on the floor and dark rock pillars behind (none in the warp room).
brinstar-brush 3 12
brinstar-brush 23 12
brinstar-brush 50 12
brinstar-brush 66 12
brinstar-brush 92 12
brinstar-brush 99 12
brinstar-brush 120 12
brinstar-brush 135 12
brinstar-brush 148 12
brinstar-brush 163 12
brinstar-brush 169 12
brinstar-column 9 12
brinstar-column 29 12
brinstar-column 53 12
brinstar-column 70 12
brinstar-column 95 12
brinstar-column 130 12
brinstar-column 141 12
brinstar-column 151 12
brinstar-column 179 12

[variant sophia classic]
;; The original's pieces for heroes who jump short (charHorz): the gap at 183-184 a tile narrower: a brick column on ground at 184.
;; Every piece the original lays for her here.
184 10 = *3
184 13 # *2
