id: 4-3
name: WORLD 4-3
world: 4
stage: 3
theme: overworld
music: overworld
time: 300
start: 2,12
startMode: stand
camera: scroll

[tiles]
;; 0                16               32               48               64               80               96               112              128              144
................ ................ ................ ................ ................ ................ ................ ................ ................ ................
................ ................ ................ ................ ................ ................ ................ ................ ................ ................
................ ................ ...........M.... ................ ......$$$....... ................ ................ ................ ................ ...o............
................ ................ ................ .........$...... ......mmm....... ................ ................ ................ ................ ...!............
................ ....$$$......... mmm............. ................ .......i......K. ................ ................ ................ ................ ...!............
................ ...mmmmm........ .i.....mmmmm.... ................ .......i..mmmmm. ................ ................ ................ ................ ...!............
................ .....i.......... .i.......i...... ................ ...$$$.i....i... ................ ................ .....mmm........ ................ ...!............
................ .....i........mm mi.......i...... $............... ...mmm.i....i... ................ ................ ......i......... ................ ...!............
................ .....i..$$$$$K.i .i.......i...... ...mmm.......... ....i..i.$..i... ................ ................ .$$$$$i......... ................ ...!............
................ .....i.mmmmmmm.i .i.......i..mmm. ....i........... ....i..immm.i... ....mmm......... ................ .mmmmmi......... ................ ...!............
................ .....i....i....i .i.......i...i.. ....i........... ....i..i.i..i... .....i.......... .........mmm.... ...i..i......... ..mmmmm......... ...!............
................ .....i....i....i .i....$$$i...i.. ....i........... ....i..i.i..i... .....i.......... ...mmm....i..... ...i..i......... ....i........... ...!............
................ .....i....i....i .i..mmmmmmm..i.. ....i........... ....K..i.i..i... .....i.......... ....i.....i..... ...i..i......... ....i........... ...B............
###############. mmmmmi....i....i .i.....i.i...i.. ....i........... .mmmmm.i.i..i... .....i.......... ....i.....i..... ...i..i..mmmmmmm ....i........### ################
###############. ..i..i....i....i .i.....i.i...i.. ....i........... ...ii..i.i..i... .....i.......... ....i.....i..... ...i..i.....i... ....i........### ################

[entities]
decor-castle 0 12
koopa-para-red 36 6
balance 49 5 x2=56 y2=8 len=6 top=2
lift-v 59 11 len=6 range=6
lift-v 63 9 len=6 range=6
balance 81 5 x2=89 y2=9 len=6 top=2
balance 92 5 x2=97 y2=9 len=6 top=2
balance 103 5 x2=109 y2=9 len=6 top=2
lift-v 137 9 len=6 range=6
decor-castle-big 150 12

[zones]
checkpoint 66
exit 148 next=4-4
scrollStop 144

[decor]
cloud-2 3 3
cloud-1 9 7
cloud-2 18 2
cloud-1 28 11
cloud-1 35 7
cloud-1 38 6
cloud-1 46 11
cloud-2 51 3
cloud-1 57 7
cloud-2 66 2
cloud-1 76 11
cloud-1 83 7
cloud-1 86 6
cloud-1 94 11
cloud-2 99 3
cloud-1 105 7
cloud-2 114 2
cloud-1 124 11
cloud-1 131 7
cloud-1 134 6
