id: 4-4
name: WORLD 4-4
world: 4
stage: 4
theme: castle
music: castle
time: 400
start: 1,6
startMode: stand
camera: scroll

[tiles]
;; 0                16               32               48               64               80               96               112              128              144              160              176              192              208              224              240              256              272              288              304
................ ................ ................ ................ ................ ................ ................ ................ ................ ................ ................ ................ ................ ................ ................ ................ ................ ................ ................ ................
................ ................ ................ ................ ................ ................ ................ ................ ................ ................ ................ ................ ................ ................ ................ ................ ................ ................ ................ ................
%%%%%%%%%%%%%%%% %%%%%%%%%%%%%%%% %%%%%%%%%%%%%%%% %%%%%%%%%%%%%%%% %%%%%%%%%%%%%%%% %%%%%%%%%%%%%%%% %%%%%%%%%%%%%%%% %%%%%%%%%%%%%%%% %%%%%%%%%%%%%%%% %%%%%%%%%%%%%%%% %%%%%%%%%%%%%%%% %%%%%%%%%%%%%%%% %%%%%%%%%%%%%%%% %%%%%%%%%%%%%%%% %%%%%%%%%%%%%%%% %%%%%%%%%%%%%%%% %%%%%%%%%%%%%%%% %%%.....%%%%%%%% %%%%%%%%%%%%%%%% %%%%%%%%%%%%%%%%
%%%%%%.......... ................ ................ ................ .............%%% ................ ................ ................ .............%%% ................ ................ ................ ................ ................ ................ ................ ................ .%%............. ..............%% ................
%%%%%%.......... ................ ................ ................ .............%%% ................ ................ ................ .............%%% ................ ................ ................ ................ ................ ................ ................ ................ .%%............. ..............%% ................
................ ................ ................ ................ .............%%% ................ ................ ................ .............%%% ................ ................ ................ ................ ................ ................ ................ ................ %............... ..............%% ................
................ ..%%%%%%.%.%.%.% .%.%%%%%%%%%%%%% %%%%%%%%%%%%%%%% %%%%%%%%%%%..... ..%%%%%%.%.%.%.% .%.%%%%%%%%%%%%% %%%%%%%%%%%%%%%% %%%%%%%%%%%..... ................ %%%..%%%%.%%%..% %%%%%%%%%%%%%%%% %%%%%%%%%%%%%%%% %............... %%%..%%%%.%%%..% %%%%%%%%%%%%%%%% %%%%%%%%%%%%%%%% %............... ................ ................
BBB............. ..%%%%%%.%.%.%.% .%.%%%......%%%% %%%%%%%%%%%%%%%% %%%%%%%%%%%..... ..%%%%%%.%.%.%.% .%.%%%......%%%% %%%%%%%%%%%%%%%% %%%%%%%%%%%..... ..............%. %.........%..... ................ ................ ..............%. %.........%..... ................ ................ %............... ................ ................
BBBB............ ..%%%%%%.%.%.%.% .%.%%%......%%%% %%%%%%%%%%%%%%%% %%%%%%%%%%%..... ..%%%%%%.%.%.%.% .%.%%%......%%%% %%%%%%%%%%%%%%%% %%%%%%%%%%%..... ..........%%...% ..........%..... ................ ................ ..........%%...% ..........%..... ................ ................ %............... ................ ................
BBBBB........... ..%%%%%%.%.%.%.% .%.%%%......%%%% %%%%%%%%%%%%%%%% %%%%%%%%%%%..... ..%%%%%%.%.%.%.% .%.%%%......%%%% %%%%%%%%%%%%%%%% %%%%%%%%%%%..... ...............% ..........%..... ................ ................ ...............% ..........%..... ................ ................ %............... ............:%%% ................
%%%%%%%..%%..%%% ................ ........[]...... ................ .............%%% ................ ........[]...... ................ .............%%% .......%%..%%%%% .%%%%%%%%%%%%%%% %%%%%%%%%%%%%%%% %%%%%%%%%%%%%%%% %......%%..%%%%% .%%%%%%%%%%%%%%% %%%%%%%%%%%%%%%% %%%%%%%%%%%%%%%% ........%%%%..%% -------------%%% ................
%%%%%%%..%%..%%% ................ ........{}...... ................ .............%%% ................ ........{}...... ................ .............%%% ...........%.... ................ ................ ................ ...........%.... ................ ................ ................ ........%%%%..%% .............%%% ................
%%%%%%%..%%..%%% ................ ........{}...... ................ .............%%% ................ ........{}...... ................ .............%%% ...........%.... ................ ................ ................ ...........%.... ................ ................ ................ ........%%%%..%% .............%%% ................
%%%%%%%~~%%~~%%% %%%%%%%%%%%%%%%% %%%%%%%%%%%%%%%% %%%%%%%%%%%%%%%% %%%%%%%%%%%%%%%% %%%%%%%%%%%%%%%% %%%%%%%%%%%%%%%% %%%%%%%%%%%%%%%% %%%%%%%%%%%%%%%% %%%%%%%%%~~%~~~~ %%%%%%%%%%%%%%%% %%%%%%%%%%%%%%%% %%%%%%%%%%%%%%%% %%%%%%%%%~~%~~~~ %%%%%%%%%%%%%%%% %%%%%%%%%%%%%%%% %%%%%%%%%%%%%%%% %%%%%%%%%%%%%%%% ~~~~~~~~~~~~~%%% %%%%%%%%%%%%%%%%
%%%%%%%..%%..%%% %%%%%%%%%%%%%%%% %%%%%%%%%%%%%%%% %%%%%%%%%%%%%%%% %%%%%%%%%%%%%%%% %%%%%%%%%%%%%%%% %%%%%%%%%%%%%%%% %%%%%%%%%%%%%%%% %%%%%%%%%%%%%%%% %%%%%%%%%..%.... %%%%%%%%%%%%%%%% %%%%%%%%%%%%%%%% %%%%%%%%%%%%%%%% %%%%%%%%%..%.... %%%%%%%%%%%%%%%% %%%%%%%%%%%%%%%% %%%%%%%%%%%%%%%% %%%%%%%%%%%%%%%% .............%%% %%%%%%%%%%%%%%%%

[entities]
piranha 40 10
firebar-ccw 53 6
firebar-ccw 60 9
piranha 104 10
firebar-ccw 117 6
firebar-ccw 124 9
firebar-ccw 180 6
firebar-ccw 187 10
firebar-ccw 244 6
firebar-ccw 251 10
firebar-ccw 290 10
podoboo 293 12
bowser 296 9
axe 301 8

[zones]
loop 63 3 5 -> 127 check=35:3:5
loop 127 10 12 -> 63 check=99:10:12
loop 191 11 12 -> 255 check=161:11:12
loop 255 3 9 -> 191 check=239:3:9
exit 312 next=5-1
