id: 7-2-exit
name: WORLD 7-2
world: 7
stage: 2
theme: overworld
music: overworld
time: inherit
start: 3,10
startMode: pipe-exit
camera: scroll
parent: 7-2

[tiles]
;; 0                16               32
................ ................ ..........
................ ................ ..........
................ ......o......... ..........
................ ......!......... ..........
................ ......!......... ..........
............BB.. ......!......... ..........
...........BBB.. ......!......... ..........
..........BBBB.. ......!......... ..........
.........BBBBB.. ......!......... ..........
........BBBBBB.. ......!......... ..........
.......BBBBBBB.. ......!......... ..........
...[].BBBBBBBB.. ......!......... ..........
...{}BBBBBBBBB.. ......B......... ..........
################ ################ ##########
################ ################ ##########

[entities]
piranha 3 11
decor-castle 26 12

[zones]
exit 22 next=7-3
scrollStop 26

[decor]
cloud-2 4 2
hill-big 16 12
cloud-1 24 3
bush-3 27 12
hill-small 32 12
cloud-1 35 2
bush-2 39 12
