id: 7-4
name: WORLD 7-4
world: 7
stage: 4
theme: castle
music: castle
time: 400
start: 2,6
startMode: stand
camera: scroll

;; Campaign play only (0.4.30): Red Falcon's alien lair (`contra-lair`, in the castle family):
;; Bill's mini game's flesh, bone and egg clutches over the lava, a spine bridge on a bone chain,
;; ribbed organic walls and the lair's great heart painted behind (still; nothing pulses). It plays
;; Red Falcon's lair tune. Castle play is unchanged (the maze's loops, the fake Bowser's unmask, the
;; castle remark). Elsewhere (level select, ?level=7-4) it looks as it always did.
campaignTheme: contra-lair
campaignMusic: contra-lair

[tiles]
;; 0                16               32               48               64               80               96               112              128              144              160              176              192              208              224              240              256              272              288              304              320              336
................ ................ ................ ................ ................ ................ ................ ................ ................ ................ ................ ................ ................ ................ ................ ................ ................ ................ ................ ................ ................ ................
................ ................ ................ ................ ................ ................ ................ ................ ................ ................ ................ ................ ................ ................ ................ ................ ................ ................ ................ ................ ................ ................
%%%%%%%%%%%%%%%% %%%%%%%%%%%%%%%% %%%%%%%%%%%%%%%% %%%%%%%%%%%%%%%% %%%%%%%%%%%%%%%% %%%%%%%%%%%%%%%% %%%%%%%%%%%%%%%% %%%%%%%%%%%%%%%% %%%%%%%%%%%%%%%% %%%%%%%%%%%%%%%% %%%%%%%%%%%%%%%% %%%%%%%%%%%%%%%% %%%%%%%%%%%%%%%% %%%%%%%%%%%%%%%% %%%%%%%%%%%%%%%% %%%%%%%%%%%%%%%% %%%%%%%%%%%%%%%% %%%%%%%%%%%%%%%% %%%%%%%%%%%%%%%% %%%%%%%%%%%%%%%% %%%%%%%%%%%%%%%% %%%%%%%%%%%%%%%%
%%%%%%%%%%%%%%%% ............%%%% ................ ................ ................ ................ ................ ................ ................ ................ ................ ................ ................ ................ ................ ................ ................ ................ ................ ................ ..............%% ................
%%%%%%%%%%%%%%%% ............%%%% ................ ................ ................ ................ ................ ................ ................ ................ ................ ................ ................ ................ ................ ................ ................ ................ ................ ................ ..............%% ................
................ ................ ................ ................ ................ ................ ................ ................ ................ ................ ................ ................ ................ ................ ................ ................ ................ ................ ................ ................ ..............%% ................
................ ................ ......%%%%%%%%%% %%.....%%%%%%%%% %%....%%%%%%%%%% %%%%%%%%%%%%.... ......%%%%%%%%%% %%.....%%%%%%%%% %%....%%%%%%%%%% %%%%%%%%%%%%.... ...%%.%%%.%%%%%% %%%%..%%%..%%%%% %%..%%%..%%%%%%% %%%%%%%%%....... ...%%.%%%.%%%%%% %%%%..%%%..%%%%% %%..%%%..%%%%%%% %%%%%%%%%....... ................ ................ ................ ................
BBB............. ................ .....%%%%%%%%%%% %%.............. ......%%%%%%%%%% %%%%%%%%%%...... .....%%%%%%%%%%% %%.............. ......%%%%%%%%%% %%%%%%%%%%...... .......B......%% %%%%............ .........%...... ................ .......B......%% %%%%............ .........%...... ................ ................ ................ ................ ................
BBBB............ ................ ....%%%%%%%%%%%% %%.............. ......%%%%%%%%%% %%%%%%%%%....... ....%%%%%%%%%%%% %%.............. ......%%%%%%%%%% %%%%%%%%%....... ..............%% %%%%............ .........%...... ................ ..............%% %%%%............ .........%...... ................ ................ ................ ................ ................
BBBBB........... ................ ..%%%%%%%%%%%%%% %%.............. ......%%%%%%%%%% %%%%%%%%........ ..%%%%%%%%%%%%%% %%.............. ......%%%%%%%%%% %%%%%%%%........ ..............%% %%%%............ .........%...... ................ ..............%% %%%%............ .........%...... ................ ................ ................ ............:%%% ................
%%%%%%%%%%%%%%%% ...........%%%%% ................ ......%%%%%%%%%% %%%............. .............%%% ................ ......%%%%%%%%%% %%%............. .............%%% ................ .......%%%..%%%% %%%..%%%.....%%% %%%%%%%%%%%%%%%% ................ .......%%%..%%%% %%%..%%%.....%%% %%%%%%%%%%%%%%%% ...%%%..%%%%%%%% ..%%..%%..%%%%%% -------------%%% ................
%%%%%%%%%%%%%%%% ...........%%%%% ................ ................ ................ .............%%% ................ ................ ................ .............%%% ................ ................ ............%%%% %%%%%%%%%%%%%%%% ................ ................ ............%%%% %%%%%%%%%%%%%%%% ...%%%..%%%%%%%% ..%%..%%..%%%%%% .............%%% ................
%%%%%%%%%%%%%%%% ...........%%%%% ................ ................ ................ .............%%% ................ ................ ................ .............%%% ................ ................ ...........%%%%% %%%%%%%%%%%%%%%% ................ ................ ...........%%%%% %%%%%%%%%%%%%%%% ...%%%..%%%%%%%% ..%%..%%..%%%%%% .............%%% ................
%%%%%%%%%%%%%%%% ~~~~~~~~~~~%%%%% %%%%%%%%%%%%%%%% %%%%%%%%%%%%%%%% %%%%%%%%%%%%%%%% %%%%%%%%%%%%%%%% %%%%%%%%%%%%%%%% %%%%%%%%%%%%%%%% %%%%%%%%%%%%%%%% %%%%%%%%%%%%%%%% %%%%~~~%~~~%%%%% %%%%%%%%%%%%%%%% %%%%%%%%%%%%%%%% %%%%%%%%%%%%%%%% %%%%~~~%~~~%%%%% %%%%%%%%%%%%%%%% %%%%%%%%%%%%%%%% %%%%%%%%%%%%%%%% %%%%%%%%%%%%%%%% %%%%%%%%%%%%%%%% ~~~~~~~~~~~~~%%% %%%%%%%%%%%%%%%%
%%%%%%%%%%%%%%%% ...........%%%%% %%%%%%%%%%%%%%%% %%%%%%%%%%%%%%%% %%%%%%%%%%%%%%%% %%%%%%%%%%%%%%%% %%%%%%%%%%%%%%%% %%%%%%%%%%%%%%%% %%%%%%%%%%%%%%%% %%%%%%%%%%%%%%%% %%%%...%...%%%%% %%%%%%%%%%%%%%%% %%%%%%%%%%%%%%%% %%%%%%%%%%%%%%%% %%%%...%...%%%%% %%%%%%%%%%%%%%%% %%%%%%%%%%%%%%%% %%%%%%%%%%%%%%%% %%%%%%%%%%%%%%%% %%%%%%%%%%%%%%%% .............%%% %%%%%%%%%%%%%%%%

[entities]
lift-fall 18 7 len=4
podoboo 20 12
lift-fall 22 8 len=4
firebar 167 7
firebar 231 7
podoboo 324 12
bowser 328 9 attack=hammer
axe 333 8
toad 345 12

[zones]
loop 79 3 5 -> 143 check=43:10:12,60:7:9
loop 143 3 12 -> 79 check=107:3:5,123:3:5,124:11:12,135:10:12 any
loop 208 3 5 -> 272 check=173:3:5,191:7:9
loop 272 3 9 -> 208 check=240:10:12,254:3:5,255:11:12,269:7:9 any
exit 344 next=8-1
bowser-fire 296
