id: 1-0
name: WORLD 1-0
world: 1
stage: 0
theme: overworld
music: overworld
;; No clock in the tutorial: the level scene stops it (src/game/tutorial).
time: 400
start: 2,12
startMode: stand
camera: scroll

;; Mario's tutorial stage (0.5.0, src/game/tutorial/mario-1-0.ts): walk, jump the steps, run and
;; jump the gap, stomp the Goomba, bump a ? block, grow, break a brick, take the pipe, flagpole.
[tiles]
;; 0                16               32               48               64               80
................ ................ ................ ................ ................ ................
................ ................ ................ ................ ................ ................
................ ................ ................ ................ ................ ......o.........
................ ................ ................ ................ ..............B. ......!.........
................ ................ ................ ................ ..............B. ......!.........
................ ................ ................ ................ ..............B. ......!.........
................ ................ ................ ................ ..............B. ......!.........
................ ................ ................ ................ ....$$........B. ......!.........
................ ................ ................ ................ ..............B. ......!.........
................ ................ ................ ..?........M.... ...====.......B. ......!.........
................ ................ ................ ................ ..............B. ......!.........
..............BB ................ ................ .......B.......B ...........[].B. []....!.........
............BBBB ................ ................ .......B.......B ...........{}.B. {}....B.........
################ ########.....### ################ ################ ################ ################
################ ########.....### ################ ################ ################ ################

[entities]
;; Toad greets Mario at the start (scenery).
toad 6 12
goomba 40 12
decor-castle 90 12

[zones]
;; A fall into the gap drops Mario back in before it: no life lost.
pit 24 -> 1-0 19 12
pipe 75 11 down -> 1-0-pipe 2 0 exit=none
exit 86 next=1-1

[decor]
hill-big 0 12
cloud-1 8 3
bush-3 9 12
hill-small 17 12
cloud-3 21 2
cloud-2 33 3
bush-2 31 12
hill-big 42 12
cloud-1 46 2
bush-1 52 12
hill-small 64 12
cloud-3 68 3
bush-2 71 12
cloud-2 83 2
hill-big 88 12
