id: 1-1
name: WORLD 1-1
world: 1
stage: 1
theme: overworld
music: overworld
time: 400
start: 2,12
startMode: stand
camera: scroll

[tiles]
;; 0                16               32               48               64               80               96               112              128              144              160              176              192
................ ................ ................ ................ ................ ................ ................ ................ ................ ................ ................ ................ ................
................ ................ ................ ................ ................ ................ ................ ................ ................ ................ ................ ................ ......o.........
................ ................ ................ ................ ................ ................ ................ ................ ................ ................ ................ ................ ......!.........
................ ................ ................ ................ ................ ................ ................ ................ ................ ................ ................ ................ ......!.........
................ ................ ................ ................ ................ ................ ................ ................ ................ ................ ................ ................ ......!.........
................ ......?......... ................ ................ ................ ========...===?. .............?.. .........===.... =??=............ ................ ................ ............BB.. ......!.........
................ ................ ................ ................ ................ ................ ................ ................ ................ ................ ................ ...........BBB.. ......!.........
................ ................ ................ ................ ................ ................ ................ ................ ................ ................ ................ ..........BBBB.. ......!.........
................ ................ ................ ................ ................ ................ ................ ................ ................ ................ ................ .........BBBBB.. ......!.........
................ ?...=M=?=....... ..............[] .........[]..... 1............=M= ..............=. ....=S....?..?.. ?.....==........ .==......B..B... .......BB..B.... ........==?=.... ........BBBBBB.. ......!.........
................ ................ ......[]......{} .........{}..... ................ ................ ................ ................ ........BB..BB.. ......BBB..BB... ................ .......BBBBBBB.. ......!.........
................ ............[].. ......{}......{} .........{}..... ................ ................ ................ ................ .......BBB..BBB. .....BBBB..BBB.. ...[]........... ...[].BBBBBBBB.. ......!.........
................ ......g.....{}.. ......{}g.....{} ...g.g...{}..... ................ g.g............. .g.g.......k.... ..g.g.......g.g. gg....BBBB..BBBB ....BBBBB..BBBB. ...{}.........g. g..{}BBBBBBBBB.. ......B.........
################ ################ ################ ################ #####..######### ######...####### ################ ################ ################ #########..##### ################ ################ ################
################ ################ ################ ################ #####..######### ######...####### ################ ################ ################ #########..##### ################ ################ ################

[entities]
decor-castle 202 12

[zones]
pipe 57 9 down -> 1-1-bonus 1,1 exit=none
checkpoint 86
exit 198 next=1-2
scrollStop 208

[decor]
hill-big 0 12
cloud-1 8 3
bush-3 11 12
hill-small 16 12
cloud-1 19 2
bush-1 23 12
cloud-3 27 3
cloud-2 36 2
bush-2 41 12
hill-big 48 12
cloud-1 56 3
bush-3 59 12
hill-small 64 12
cloud-1 67 2
bush-1 71 12
cloud-3 75 3
cloud-2 84 2
bush-2 89 12
hill-big 96 12
cloud-1 104 3
bush-3 107 12
hill-small 112 12
cloud-1 115 2
bush-1 119 12
cloud-3 123 3
cloud-2 132 2
bush-2 137 12
hill-big 144 12
cloud-1 152 3
bush-3 155 12
hill-small 160 12
cloud-1 163 2
bush-1 167 12
cloud-3 171 3
cloud-2 180 2
bush-2 185 12
hill-big 192 12
cloud-1 200 3
bush-3 203 12
