id: 1-1
name: WORLD 1-1
world: 1
stage: 1
theme: overworld
music: overworld
time: 400
start: 2,12
startMode: stand
camera: scroll

[tiles]
;; 0                16               32               48               64               80               96               112              128              144              160              176              192              208
................ ................ ................ ................ ................ ................ ................ ................ ................ ................ ................ ................ ................ ................
................ ................ ................ ................ ................ ................ ................ ................ ................ ................ ................ ................ ................ ................
................ ................ ................ ................ ................ ................ ................ ................ ................ ................ ................ ................ ......o......... ................
................ ................ ................ ................ ................ ................ ................ ................ ................ ................ ................ ................ ......!......... ................
................ ................ ................ ................ ................ g.g............. ................ ................ ................ ................ ................ ................ ......!......... ................
................ ......?......... ................ ................ ................ ========...===?. .............M.. .........===.... =??=............ ................ ................ ............BB.. ......!......... ................
................ ................ ................ ................ ................ ................ ................ ................ ................ ................ ................ ...........BBB.. ......!......... ................
................ ................ ................ ................ ................ ................ ................ ................ ................ ................ ................ ..........BBBB.. ......!......... ................
................ ................ ................ ................ 1............... ................ ................ ................ ................ ................ ................ .........BBBBB.. ......!......... ................
................ ?...=M=?=....... ..............[] .........[]..... .............=M= ..............C. ....=S....?..?.. ?.....=......... .==......B..B... .......BB..B.... ........==?=.... ........BBBBBB.. ......!......... ................
................ ................ ......[]......{} .........{}..... ................ ................ ................ ................ ........BB..BB.. ......BBB..BB... ................ .......BBBBBBB.. ......!......... ................
................ ............[].. ......{}......{} .........{}..... ................ ................ ................ ................ .......BBB..BBB. .....BBBB..BBB.. ...[]........... ...[].BBBBBBBB.. ......!......... ................
................ ......g.....{}.. ......{}g.....{} ...gg....{}..... ................ ................ .gg........k.... ..gg........gg.. gg....BBBB..BBBB ....BBBBB..BBBB. ...{}.........gg ...{}BBBBBBBBB.. ......B......... ................
################ ################ ################ ################ #####..######### ######...####### ################ ################ ################ #########..##### ################ ################ ################ ################
################ ################ ################ ################ #####..######### ######...####### ################ ################ ################ #########..##### ################ ################ ################ ################

[entities]
decor-castle 202 12

[zones]
checkpoint 82
exit 198 next=1-2-intro
pipe 57 9 down -> 1-1-bonus 1 0 exit=none

[decor]
hill-big 0 12
cloud-1 8 3
bush-3 11 12
hill-small 16 12
cloud-1 19 2
bush-2 23 12
cloud-3 27 3
cloud-2 36 2
bush-3 41 12
hill-big 48 12
cloud-1 56 3
bush-3 59 12
hill-small 64 12
cloud-1 67 2
bush-2 71 12
cloud-3 75 3
cloud-2 84 2
bush-3 89 12
hill-big 96 12
cloud-1 104 3
bush-3 107 12
hill-small 112 12
cloud-1 115 2
bush-2 119 12
cloud-3 123 3
cloud-2 132 2
bush-3 137 12
hill-big 144 12
cloud-1 152 3
bush-3 155 12
hill-small 160 12
cloud-1 163 2
bush-2 167 12
cloud-3 171 3
cloud-2 180 2
hill-big 192 12
cloud-1 200 3
bush-3 203 12
hill-small 208 12
cloud-1 211 2
bush-2 215 12
cloud-3 219 3
