id: 1-2-exit
name: WORLD 1-2
world: 1
stage: 2
theme: overworld
music: overworld
time: inherit
start: 2,10
startMode: pipe-exit
camera: scroll
parent: 1-2

[tiles]
;; 0                16               32
................ ................ ................
................ .............o.. ................
................ .............!.. ................
................ .............!.. ................
................ .............!.. ................
................ ...BB........!.. ................
................ ..BBB........!.. ................
................ .BBBB........!.. ................
................ BBBBB........!.. ................
...............B BBBBB........!.. ................
..............BB BBBBB........!.. ................
..[].........BBB BBBBB........!.. ................
..{}........BBBB BBBBB........B.. ................
################ ################ ################
################ ################ ################

[entities]
decor-castle 33 12

[zones]
exit 29 next=1-3
scrollStop 40

[decor]
hill-big 0 12
cloud-1 8 3
bush-3 11 12
hill-small 16 12
cloud-1 19 2
bush-1 23 12
cloud-3 27 3
cloud-2 36 2
bush-2 41 12
