id: 1-2
name: WORLD 1-2
world: 1
stage: 2
theme: underground
music: underground
time: inherit
start: 2,12
startMode: stand
camera: scroll
parent: 1-2-intro

[tiles]
;; 0                16               32               48               64               80               96               112              128              144              160
................ ................ ................ ................ ................ ................ ................ ................ ................ ................ ................
....============ ================ ================ ================ ================ ================ ================ ================ ================ ====......====== ===..[]..[]..[].
....============ ================ ================ ================ ================ ================ ================ ================ ================ ===.......====== ===..{}..{}..{}.
................ ................ ................ ................ ...............= ................ ................ ................ ................ ..=............. ..==============
................ ................ ................ ...............$ $$$$...........= ................ ................ ................ ................ ..=............. ..=.............
................ ................ ................ ...............= ====...........= ................ ................ ................ ................ ..=............. ..=.............
................ ............$$$$ ................ ................ ...............= ................ ................ ................ ................ ..=............. ..=.............
................ ............==== ................ ................ ...............= ................ ................ ................ ................ ..=............. ..=.............
................ ................ ................ ................ ...............= ................ ................ ................ ................ ..=.===......... ..=.............
........??M??... ..====..=....... ....=C==........ ......==S=...... ............=..= .=M............. ........====.... ..............=? =.............== ===...........[] ..=.............
................ ........=....... ................ ..........[].... ............=... ................ ....[].......... ................ ................ ..............{} ..=.............
................ ........=....... ................ []........{}.... ............=... ................ ....{}.......... ................ ................ ..............{} ..=.............
.............g.g ........=.k..... ..........g.g... {}........{}.... ..g.g.g.....=... ............k..k ....{}.......... ................ ..g.g........... ..............{} ..=.............
################ ################ ################ ################ ################ ######...####### #############... ...........##### ########...##### ################ ################
################ ################ ################ ################ ################ ######...####### #############... ...........##### ########...##### ################ ################

[entities]
piranha 48 11
piranha 58 10
lift-up 112 8 len=3
lift-down 118 4 len=3
lift-h 136 8 len=3 range=2

[zones]
pipe 100 10 down -> 1-2-bonus 1 2
pipe 158 9 down -> 1-2-exit 2 10 exit=up
warp 163 13 worlds=4,3,2 text=WELCOME_TO_WARP_ZONE!
pipe 165 1 down -> 4-1 2 12
pipe 169 1 down -> 3-1 2 12
pipe 173 1 down -> 2-1 2 12
checkpoint 90
scrollStop 176
