id: 1-2
name: WORLD 1-2
world: 1
stage: 2
theme: underground
music: underground
time: 400
start: 1,3
startMode: fall
camera: scroll

[tiles]
;; 0                16               32               48               64               80               96               112              128              144              160              176
................ ................ ................ ................ ................ ................ ................ ................ ................ ................ ................ ................
................ ................ ................ ................ ................ ................ ................ ................ ................ ................ ................ ................
=.....========== ================ ================ ================ ================ =========L====== ================ ================ ==========...... ................ .======={}====== ===========...==
=............... ................ ................ ......==..====== ..====......==== ................ ................ ................ ................ ................ ........{}====== =.............==
=............... ................ ................ ......==..====== ..====...g..==== ................ ................ ................ ................ ................ ........{}====== =.............==
=............... ................ .........$$$$... ....==........== ...=....==...... ....$$$$$$...... ................ ................ ................ ................ ........{}====== =.............==
=............... ................ ................ ....==........== ...=....==...... ................ ................ ................ ................ ................ ........{}====== =.............==
=............... ................ .......=.====.S. ....==........== ...=....==...... ....======...... ................ ................ ................ ................ ........{}====== =.............==
=............... .............C.. .......=$=..=$=. ....==....$$$$== ...=$P..=C..gg.. ....======...... ................ ................ ................ .=====P......... ......())}====== =.............==
=.........M????. .......B.B...... .......===..===. ....====..====== ...===..==..==== ................ .............[]. ................ .......gBB...... ................ ......<>>}====== =.............==
=............... .....B.B.B.B...B ................ ......==........ ................ ................ .......[]....{}. ..........==.... .......BBB...... ................ =====E========== =.[]..[]..[]..==
=............... .g.B.B.B.B.B...B .B.............. ......==........ ................ ................ .......{}....{}. ...[].....==.... ......BBBB...... ................ ================ =.{}..{}..{}..==
=............... gB.B.B.B.B.B.g.B .B..........kk.. ...........k..g. g............... ................ ...gg.g{}....{}. .g.{}.....==.... .....BBBBB...... ..K............. ================ =.{}..{}..{}..==
################ ################ ################ ################ ################ ...############# ################ ########..##..## ##########...... .########....... ################ ################
################ ################ ################ ################ ################ ...############# ################ ########..##..## ##########...... .########....... ################ ################

[entities]
piranha 103 10
piranha 109 9
piranha 115 11
goomba 136 8 dx=8
lift-down 141 7 len=6 dx=-16
lift-down 141 13 len=6 dx=-16
lift-up 156 5 len=6 dx=-16 dy=-8
lift-up 156 13 len=6 dx=-16 dy=-8

[zones]
checkpoint 97 12
pipe 103 10 down -> 1-2-bonus 1 0 exit=none
pipe 166 9 right -> 1-2-exit 3 10 exit=up
pipe 178 10 down -> 4-1 2 12
pipe 182 10 down -> 3-1 2 12
pipe 186 10 down -> 2-1 2 12
;; Campaign play: one unlabelled pipe (the middle one) that records map secret bonus-1 and
;; returns to the World 1 map (level/campaign.ts); other play keeps the three warps.
warp 176 16 worlds=4,3,2 text=WELCOME_TO_WARP_ZONE! secret=bonus-1
