id: 1-3
name: WORLD 1-3
world: 1
stage: 3
theme: overworld
music: overworld
time: 300
start: 2,8
startMode: stand
camera: scroll

[tiles]
;; 0                16               32               48               64               80               96               112              128              144              160
................ ................ ................ ................ ................ ................ ................ ................ ................ ................ ................
................ ................ ................ ................ ................ ................ ................ ................ ................ ................ .......o........
................ ................ ................ ................ ................ $$$............. ................ ................ ................ ................ .......!........
................ ................ ................ .........$$$.... ................ ................ ................ ........$$$..... ................ ................ .......!........
................ ..........$$$... ................ ................ ................ ................ ................ ................ ................ ................ .......!........
................ ................ ............TT.. ................ ................ TTT............. ................ ................ ....TT.......... ...............B B......!........
................ ................ ............t... .........TTT.... ................ .t.............. ................ ........TTT..... ....t........... ..............BB B......!........
..............TT T.........TTT... ......k.....t... ..........t..... ...........k.... .t.............. ................ .........t...... ....t........... .............BBB B......!........
...............t ...........t.... ....TTTTTT..t... ...gg.....t..... .........TTTT... .t.............. K............... .........t.....K ....t........... ............BBBB B......!........
TTTTT..........t ...........t.... ......t.....t... .TTTTT....t..... ..........t..... .t............TT TT.............. ..gg.....t....TT T...t........... ...........BBBBB B......!........
..t............t ....TTTT...t.... ......t.....t... ...t......t....T TT........t..... .t.............t ................ TTTTT....t.....t ....t........... ..k.......BBBBBB B......!........
..t.....TTT....t .....t.....t...T TT....t.....t... ...t......t..... t.........t..... .t.............t ................ ..t......t.....t ....t..........T TTTTT....BBBBBBB B......!........
..t......t.....t .....t.....t.... t.....t.....t... ...t......t..... t...TTT...t..... .t.............t ................ ..t......t.....t ....t........... .t......BBBBBBBB B......B........
##t######t#####t .....t.....t.... t.....t.....t... ...t......t..... t....t....t..... .t.............t ................ ..t......t.....t ....t........... .t....########## ################
##t######t#####t .....t.....t.... t.....t.....t... ...t......t..... t....t....t..... .t.............t ................ ..t......t.....t ....t........... .t....########## ################

[entities]
lift-h 86 7 len=3 range=3
lift-fall 101 6 len=3
lift-fall 106 9 len=3
lift-v 137 4 len=3 range=6
decor-castle 171 12

[zones]
checkpoint 94
exit 167 next=1-4
scrollStop 176

[decor]
hill-big 2 12
cloud-1 14 2
cloud-2 30 4
hill-big 42 12
cloud-1 54 2
cloud-2 70 4
hill-big 82 12
cloud-1 94 2
cloud-2 110 4
hill-big 122 12
cloud-1 134 2
cloud-2 150 4
hill-big 162 12
cloud-1 174 2
cloud-2 190 4
