id: 1-4
name: WORLD 1-4
world: 1
stage: 4
theme: castle
music: castle
time: 300
start: 2,12
startMode: stand
camera: scroll

[tiles]
;; 0                16               32               48               64               80               96               112              128              144
................ ................ ................ ................ ................ ................ ................ ................ ................ ................
%%%%%%%%%%%%%%%% %%%%%%%%%%%%%%%% %%%%%%%%%%%%%%%% %%%%%%%%%%%%%%%% %%%%%%%%%%%%%%%% %%%%%%%%%%%%%%%% %%%%%%%%%%%%%%%% %%%%%%%%%%%%%%%% %%%%%%%%%%%%%%%% %%%%%%%%%%%%%%%%
%%%%%%%%%%%%%%%% %%%%%%%%%%%%%%%% %%%%%%%%%%%%%%%% %%%%%%%%%%%%%%%% %%%%%%%%%%%%%%%% %%%%%%%%%%%%%%%% %%%%%%%%%%%%%%%% %%%%%%%%%%%%%%%% %%%%%%%%%%%%%%%% %%%%%%%%%%%%%%%%
................ ................ ................ ................ ................ ....%%%%%%%%%%%% ................ ................ ................ ................
................ ................ ................ ................ ................ ....%%%%%%%%%%%% ................ ................ ................ ................
................ ................ ................ ................ ................ ....%%%%%%%%%%%% ................ ................ ................ ................
................ ................ ................ B............... ................ ....%%%%%%%%%%%% ................ ................ ................ ................
................ ................ ................ ................ .........B...... ................ ................ ................ ................ ................
................ ................ ................ ................ .%%%............ ................ ................ ................ ................ ................
............M... B............... ....B.....%%%... ................ ................ ........B....... %%%%............ ......B.....M... .............:.. ................
................ ..........%%.... ................ ..........%%%%.. .......%%%%%.... ................ %%%%............ ................ -------------%.. %%%%%%%%%%%%%%%%
................ ................ ................ ................ ................ ................ %%%%............ ................ .............%%% %%%%%%%%%%%%%%%%
................ ................ ................ ................ ................ ................ %%%%............ ................ .............%%% %%%%%%%%%%%%%%%%
%%%%%%%%%%%%%%%% %%%%%%%%~~~~~~%% %%%%%%%%%%%%%%%% %%%%%%%%~~~~~~~~ ~~~~~~~~~~~~~~~~ %%%%%%%%%%%%%%%% %%%%%%%%~~~~~~%% %%%%%%%%%%%%%%%% ~~~~~~~~~~~~~~~~ %%%%%%%%%%%%%%%%
%%%%%%%%%%%%%%%% %%%%%%%%~~~~~~%% %%%%%%%%%%%%%%%% %%%%%%%%~~~~~~~~ ~~~~~~~~~~~~~~~~ %%%%%%%%%%%%%%%% %%%%%%%%~~~~~~%% %%%%%%%%%%%%%%%% ~~~~~~~~~~~~~~~~ %%%%%%%%%%%%%%%%

[entities]
firebar 16 9
firebar-ccw 36 9
firebar 48 6
firebar-ccw 73 7
firebar 88 9
firebar 118 9
bowser 137 9
axe 142 9

[zones]
exit 150 next=2-1
scrollStop 160
