id: ll-6-4
name: WORLD 6-4
world: 6
stage: 4
theme: castle
music: castle
time: 400
start: 1,6
startMode: stand
camera: scroll

[tiles]
;; 0                16               32               48               64               80               96               112              128              144              160              176              192              208              224              240              256              272              288              304              320              336
................ ................ ................ ................ ................ ................ ................ ................ ................ ................ ................ ................ ................ ................ ................ ................ ................ ................ ................ ................ ................ ................
................ ................ ................ ................ ................ ................ ................ ................ ................ ................ ................ ................ ................ ................ ................ ................ ................ ................ ................ ................ ................ ................
%%%%%%%%%%%%%%%% %%%%%%%%%%%%%%%% %%%%%%%%%%%%%%%% %%%%%%%%%%%%%%%% %%%%%%%%%%%%%%%% %%%%%%%%%%%%%%%% %%%%%%%%%%%%%%%% %%%%%%%%%%%%%%%% %%%%%%%%%%%%%%%% %%%%%%%%%%%%%%%% %%%%%%%%%%%%%%%% %%%%%%%%%%%...%% %%%%%%%%%%%%%%%% %%%%%%%%%%%%%%%% %%%%%%%%%%%%%%%% %%%%%%%%%%%...%% %%%%%%%%%%%%%%%% %%%%%%%%%%%%%%%% %%%%%%%%%%%%%%%% %%%%%%%%%%%%%%%% %%%%%%%%%%%%%%%% %%%%%%%%%%%%%%%%
................ ................ ...........{}... ................ ................ ................ ...........{}... ................ ................ ................ ................ ................ ................ ...........{}... ................ ................ ................ ...........{}... ................ ...%%%%......... =======.......%% ................
................ ................ ...........{}... ................ ................ ................ ...........{}... ................ ................ ................ ................ ................ ................ ...........{}... ................ ................ ................ ...........{}... ................ ...%%%%......... ====C==.......%% ................
................ ................ ...........{}... ............%%%% %%.%%%%%%%%%%%%% %%%............. ...........{}... ............%%%% %%.%%%%%%%%%%%%% %%%............. %%%%............ ..............%% %%%%.%%%%%%%%%%% %%%%.......{}... %%%%............ ..............%% %%%%.%%%%%%%%%%% %%%%.......{}... ................ ...%%%%......... =======.......%% ................
................ ................ ...........{}... ................ ................ ................ ...........{}... ................ ................ ................ {}.............. ................ ................ ...........DG... {}.............. ................ ................ ...........DG... ................ ...%%%%..%%%.... ................ ................
BBB............. ................ ...........{}... ................ ................ ................ ...........{}... ................ ................ ................ {}.............. ................ ................ ................ {}.............. ................ ................ ................ ................ ...%%%%..%%%.... ................ ................
BBBB............ ................ ...........{}... ................ ................ ................ ...........{}... ................ ................ ................ {}.............. ................ ................ ................ {}.............. ................ ................ ................ ................ .........%%%.... ................ ................
%%%%%...%%...... ............%%%% B%%%%%.....{}... ...........%%%%% %%.%%%%%%%%%%%%% %%%.........%%%% B%%%%%.....{}... ...........%%%%% %%.%%%%%%%%%%%%% %%%.........%%%% {}..[][]%%.....% B%.......B....%% %%%%.%%%%%%%%%%% B%%%......%%%%%. {}..[][]%%.....% B%.......B....%% %%%%.%%%%%%%%%%% B%%%......%%%%%. ................ .........%%%.... ............:%%% ................
%%%%%........... ........[]...... ...........DG... ................ ................ ........[]...... ...........DG... ................ ................ ........[]...... DG..{}{}%%...... ................ ................ ................ DG..{}{}%%...... ................ ................ ................ ................ %%%%%%%%%%%%%%%% -------------%%% ................
%%%%%........... ........{}...... ................ ................ ................ ........{}...... ................ ................ ................ ........{}...... ....{}{}%%...... ................ ................ ................ ....{}{}%%...... ................ ................ ................ ................ %%%%%%%%%%%%%%%% .............%%% ................
%%%%%........... ........{}...... ................ ........h....... ................ ........{}...... ................ ........h....... ................ ........{}...... ....{}{}%%...... ................ ................ ................ ....{}{}%%...... ................ ................ ................ ................ %%%%%%%%%%%%%%%% .............%%% ................
%%%%%~~~~~~~~~~~ %%%%%%%%%%%%%%%% %%%%%%%~~%%%%%%% %%%%%%%%%%%%%%%% %%~%%%%%%%%%%%%% %%%%%%%%%%%%%%%% %%%%%%%~~%%%%%%% %%%%%%%%%%%%%%%% %%~%%%%%%%%%%%%% %%%%%%%%%%%%%%%% %%%%%%%%%%~~~~~~ ~~~~~~~~~~~~~~%% %%%%~%%%%%%%%%%% %%%%%%%%%%%%%%%% %%%%%%%%%%~~~~~~ ~~~~~~~~~~~~~~%% %%%%~%%%%%%%%%%% %%%%%%%%%%%%%%%% %%%~~~~~~~~~~~~~ %%%%%%%%%%%%%%%% ~~~~~~~~~~~~~%%% %%%%%%%%%%%%%%%%
%%%%%........... %%%%%%%%%%%%%%%% %%%%%%%..%%%%%%% %%%%%%%%%%%%%%%% %%.%%%%%%%%%%%%% %%%%%%%%%%%%%%%% %%%%%%%..%%%%%%% %%%%%%%%%%%%%%%% %%.%%%%%%%%%%%%% %%%%%%%%%%%%%%%% %%%%%%%%%%...... ..............%% %%%%.%%%%%%%%%%% %%%%%%%%%%%%%%%% %%%%%%%%%%...... ..............%% %%%%.%%%%%%%%%%% %%%%%%%%%%%%%%%% %%%............. %%%%%%%%%%%%%%%% .............%%% %%%%%%%%%%%%%%%%

[entities]
piranha 24 10 red=1
firebar-ccw 32 9
piranha-down 43 10 red=1
podoboo 66 12
firebar-ccw 78 9
firebar-ccw 82 5
piranha 88 10 red=1
firebar-ccw 96 9
piranha-down 107 10 red=1
podoboo 130 12
firebar-ccw 142 9
firebar-ccw 146 5
piranha 152 10 red=1
piranha-down 160 10 red=1
piranha 164 9 red=1
piranha 166 9 red=1
firebar 176 9
lift-h 182 13 len=4 range=3
firebar-ccw 185 9
lift-down 188 5 len=3
lift-down 188 13 len=3
podoboo 196 12
firebar-ccw 208 9
piranha-down 219 6 red=1
piranha-down 224 10 red=1
piranha 228 9 red=1
piranha 230 9 red=1
firebar 240 9
lift-h 246 13 len=4 range=3
firebar-ccw 249 9
lift-down 252 5 len=3
lift-down 252 13 len=3
podoboo 260 12
firebar-ccw 272 9
piranha-down 283 6 red=1
lift-h 297 13 len=4 range=3
podoboo 322 12
bowser 327 9 attack=hammer
axe 333 8
toad 345 12

[zones]
loop 80 3 4 -> 144 check=32:10:12
loop 144 3 12 -> 80 check=96:3:8,140:6:12 any
loop 208 10 12 -> 272 check=160:11:12
loop 272 3 12 -> 208 check=224:3:4,268:3:8 any
exit 344 next=ll-7-1
bowser-fire 276
