id: ll-6-3
name: WORLD 6-3
world: 6
stage: 3
theme: overworld
music: overworld
time: 400
start: 2,12
startMode: stand
camera: scroll

[tiles]
;; 0                16               32               48               64               80               96               112              128              144              160              176              192              208              224
................ ................ ................ ................ ................ ................ ................ ................ ................ ................ ................ ................ ................ ................ ........
................ ................ ................ ................ ................ ................ ................ ................ ................ ................ ................ ................ ................ ................ ........
................ ................ ................ ................ ................ ................ ................ ................ ................ ................ ................ ................ ................ .........o...... ........
................ ................ ................ ................ ................ ................ ................ ................ ................ ................ ................ ................ ................ .........!...... ........
................ ................ ................ ................ ................ ................ ................ ................ ................ ................ ................ ................ ................ .........!...... ........
................ ................ .....$$$........ ................ ................ ........M....... ................ ................ ................ ................ ................ ................ .......TTT....TT T........!...... ........
................ ................ ................ ................ ................ ................ ................ ................ ................ ................ ................ ................ ........t......t .........!...... ........
................ ................ ..............K. ................ ................ ................ ................ ................ ................ ................ ................ ................ ........t......t .........!...... ........
................ ........$$$$.... ................ ................ ................ ................ ............$$$$ ....$$$$........ ................ ................ ................ .......$$$$..... ........t......t .........!...... ........
................ ................ ................ ................ ................ ................ .......K........ .K.............. ....PK......TTT. ................ ................ ................ ........t......t .........!...... ........
............BB.. B............... ........B------- B............... .........---.... ...--........... ................ ................ .............t.. .............--- ...........---.. .--..........--- -.......t......t .........!...... ........
...........BBB.. B............... ........B....... B............... ................ ................ ................ ................ .............t.. ................ ................ ................ ........t......t .........!...... ........
..........BBBB.. B....B---------- ---B....B....... B...B----------- ---B...........- -.........---... ..B-------B----- ----------B..... .............t.. ...---...--..... ....---......... .....B-----B.... ........t......t .........B...... ........
##############.. B....B.......... ...B....B....... B...B........... ...B............ ................ ..B.......B..... ..........B..... TTTTTTT......t.. ................ ................ .....B.....B.... ........t......t .........####### ########
##############.. B....B.......... ...B....B....... B...B........... ...B............ ................ ..B.......B..... ..........B..... .ttttt.......t.. ................ ................ .....B.....B.... ........t......t .........####### ########

[entities]
decor-castle 0 12
koopa-para-green-h 34 9
koopa-para-green-h 61 9
koopa-para-red 88 10
koopa-para-green-h 108 9
koopa-para-green-h 159 8
koopa-para-red 196 8
koopa-para-red 215 4
decor-castle-big 220 12

[zones]
checkpoint 129
exit 218 next=ll-6-4
cheeps 16 176

[decor]
cloud-2 3 3
cloud-1 9 7
cloud-2 18 2
cloud-1 35 7
cloud-1 38 6
cloud-1 46 11
cloud-2 51 3
cloud-1 57 7
cloud-2 66 2
cloud-1 76 11
cloud-1 83 7
cloud-1 86 6
cloud-1 94 11
cloud-2 99 3
cloud-1 105 7
cloud-2 114 2
cloud-1 124 11
cloud-1 131 7
cloud-1 134 6
cloud-1 142 11
cloud-2 147 3
cloud-1 153 7
cloud-2 162 2
cloud-1 172 11
cloud-1 179 7
cloud-1 182 6
cloud-1 190 11
cloud-2 195 3
cloud-1 201 7
cloud-2 210 2
cloud-1 220 11
