id: ll-6-1
name: WORLD 6-1
world: 6
stage: 1
theme: overworld
music: overworld
time: 400
start: 2,12
startMode: stand
camera: scroll

[tiles]
;; 0                16               32               48               64               80               96               112              128              144              160              176              192              208              224              240
................ ................ ................ ................ ................ ................ ................ ................ ................ ................ ................ ................ ................ ................ ................ ................
................ ................ ................ ................ ................ ................ ................ ................ ................ ................ ................ ................ ................ ................ ................ ................
................ ................ ................ ................ ................ ................ ................ ................ ................ ................ ................ ................ ................ ...............B BBB............. ....o...........
................ ................ ................ ................ ................ ................ ................ ................ ................ ................ ................ ................ ................ ................ {}.............. ....!...........
................ ................ ................ ................ ................ ................ ................ ................ ................ ................ ................ ................ ................ ................ {}.............. ....!...........
................ ................ ................ ................ ................ ................ .....BB......... ...............? ??M????????4???? ...........B.... ................ ................ ................ ................ DG........[].... ....!...........
................ ...B.1.B........ ................ ................ ................ [].............. .....{}......... ................ .............{}. ..........BB.... ................ ................ ................ ................ .........B{}.... ....!...........
................ ...B...B........ ................ ................ ................ {}.............. .....{}......... ................ .............{}. .........BBBBB.. ................ ................ ................ ................ ........BB{}.... ....!...........
.............B.. zB.B...B........ Bk......B....... ......$$$....... ................ {}.............. .....{}......... ................ .............{}. ........BBBB.... ................ ................ ................ ................ ........BB{}.... ....!...........
.............BP= =B.B==SB........ B=======B....... ................ ...............2 {}.............. .....DG======... ................ .===========.DG. .......BBBBB.... ................ ...BB........... ................ ................ ......[]BB{}.... ....!...........
................ ................ ................ ................ .....$$......... {}............B. ................ ................ ................ ......BBBBBB.... ................ ..BBB........... ................ ................ .....B{}BB{}.... ....!...........
................ ................ ................ ................ ................ {}............BB ................ ................ ................ .....BBBBBBB.... ................ .BBBB........... ................ ...[]........... ..[]BB{}BB{}.... ....!...........
................ ................ ...........g..g. ..........k..k.. .........h...... {}......^.....BB B..........h.... ................ ................ ....BBBBBBBB[]ww wwwwwwwwwwwwwwww BBBBB........... ................ ...{}........... ..{}BB{}BB{}.... ....B...........
################ #############..# ################ ################ ################ #########.....## #######[]####### ################ #############[]. ############{}.. ................ ################ ######[]........ ...###########.. ..{}############ ################
################ #############..# ################ ################ ################ #########.....## #######{}####### ################ #############{}. ############{}.. ................ ################ ######{}........ ...###########.. ..{}############ ################

[entities]
decor-castle-big -2 12
koopa-para-green 22 8
koopa-green 34 8 dx=8
goomba 44 12 dx=8
koopa-green 59 12 dx=8
piranha 80 6 red=1
piranha-down 101 9 red=1
piranha 103 13 red=1
koopa-para-green 128 12
koopa-para-green 132 12
piranha-down 141 9 red=1
piranha 141 13 red=1
piranha 156 12
lift-fall 160 5 len=4
lift-fall 168 5 len=4
piranha 198 13 red=1
lift-h 205 13 len=4 range=3
piranha 211 11 red=1
piranha-down 224 5 red=1
piranha 226 11 red=1
piranha 230 9 red=1
piranha 234 5 red=1
decor-castle 248 12

[zones]
checkpoint 114 12
exit 244 next=ll-6-2-intro
pipe 156 12 down -> ll-6-1-water 2 1 exit=none

[decor]
cloud-1 8 3
bush-3 11 12
hill-small 16 12
cloud-1 19 2
bush-2 23 12
cloud-3 27 3
cloud-2 36 2
bush-3 41 12
hill-big 48 12
cloud-1 56 3
bush-3 59 12
hill-small 64 12
cloud-1 67 2
bush-2 71 12
cloud-3 75 3
cloud-2 84 2
hill-big 96 12
cloud-1 104 3
bush-3 107 12
hill-small 112 12
cloud-1 115 2
bush-2 119 12
cloud-3 123 3
cloud-2 132 2
bush-3 137 12
hill-big 144 12
cloud-1 152 3
cloud-1 163 2
cloud-3 171 3
cloud-2 180 2
bush-3 185 12
hill-big 192 12
cloud-1 200 3
cloud-1 211 2
bush-2 215 12
cloud-3 219 3
cloud-2 228 2
bush-2 234 12
hill-big 240 12
cloud-1 248 3
bush-3 251 12

[variant sophia classic]
;; The original's pieces for Sophia III here: a step and a pillar by the gap at 175, the falling lift at 160 moved (charHorz). Every piece the original lays for
;; her in this area but the flagpole's lift (docs/HEROES.md).
21 4 1
21 6 .
139 9 .
178 9 B
180 9 . *4
177 10 B
176 11 B
88 12 .^
175 12 B
89 13 # *2
175 13 # *2
- lift-fall 160 5
+ lift-fall 162 5 len=4
