id: 3-1-sky
name: WORLD 3-1
world: 3
stage: 1
theme: night
music: overworld
time: inherit
start: 4,14
startMode: climb
camera: scroll
parent: 3-1

;; Past the end of the clouds a coin trail hops over two small cloud platforms to a hidden block
;; (`8`, over the second platform) holding a teleport pad: bumped, the pad rises out of the
;; platform beside it, and standing on it beams the player up to the space station (3-1-station).

[tiles]
;; 0                16               32               48               64               80
................ ................ ................ ................ ................ ................
................ ................ ................ ................ ................ ................
................ ................ ................ ................ ................ ................
................ ................ ................ ................ ................ ................
................ ................ ................ ................ ................ ................
................ ................ ................ .....$$$$$$$.... .......$$$$$$$$$ $...............
...............$ $$$$$$$$$$$$$$$. ..$$$$$$$$$$$$$$ $$.............. ...OO..O.O.O.O.O ................
................ ................ ................ ...O.........O.. ................ ...........8....
................ ................ O............... ...O.........O.. ................ ...........$....
................ ................ ................ ................ ................ ........$$.$....
................ ................ ................ ................ ................ ...$$.....$.....
................ ................ ................ ................ ................ .....$$$..OOOOO.
................ ................ ................ ................ ................ .....OOO........
OOOO.OOOOOOOOOOO OOOOOOOOOOOOOOOO OOOOOOOOOOOOOOOO OOOOOOOOOOOOOOOO OOOOOOOOOOOOOOOO OOO.............
................ ................ ................ ................ ................ ................

[entities]
vine 4 14 len=8
lift-right 17 10 len=6 dx=-16

[zones]
pit 0 -> 3-1 162 0
teleport 93 10 -> 3-1-station 3 12 block=91,7
