id: 3-1
name: WORLD 3-1
world: 3
stage: 1
theme: night
music: overworld
time: 400
start: 2,12
startMode: stand
camera: scroll

[tiles]
;; 0                16               32               48               64               80               96               112              128              144              160              176              192              208
................ ................ ................ ................ ................ ................ ................ ................ ................ ................ ................ ................ ................ ................
................ ................ ................ ................ ................ ................ ................ ................ ................ ................ ................ ................ ................ ................
................ ................ ................ ................ ................ ................ ................ ................ ................ ................ ................ ................ ........o....... ................
................ ................ ................ ................ ................ ................ ................ ................ ................ ................ ................ ................ ........!....... ................
................ ................ ................ ................ ................ ................ ................ ................ ................ ........k....... ................ ...............k ........!....... ................
................ ................ ................ ................ ................ ..1.......S==... ...............= =?===M===....... .==V............ ......=?=..=?=.. ................ ..............BB ........!....... ................
................ ................ ................ ................ ................ ................ ................ ................ ................ ................ ................ ............kBBB ........!....... ................
................ ................ ................ ................ ................ ................ ................ ................ ............gB.. ................ ...............B ............BBBB ........!....... ................
................ ...?..M......... ................ ................ ................ ..gg.g.......... ................ .h.............. .===.......gBB.. ................ ..........k....B ...........BBBBB ........!....... ................
................ ?.........===... ......[]........ .............=.. ............B--- -----B..B....... .......[]......= ==========...... ...........BBB.. ......=?=..=M=.. ......=C===....B ..........BBBBBB ........!....... ................
................ ................ []....{}........ .........[]..... ...........BB... .....B..B....... .......{}....... ................ ..........BBBB.. ................ ..............BB .........BBBBBBB ........!....... ................
................ ................ {}....{}........ .........{}..... ...[].....BBB... .....B..BB...... .......{}....... ................ .........BBBBB.. ................ ..............BB ........BBBBBBBB ........!....... ................
................ ................ {}...g{}........ .....gg.g{}..... .k.{}....BBBBwww wwwwwBwwBB....gg .....k.{}....... ....h.........s. ........BBBBBB.. .....k....gg.g.. ..............BB .......BBBBBBBBB ........B....... ................
################ ################ #############... ################ #############... .....#..######## ################ ################ ....##########.. ################ ################ #...############ ################ ################
################ ################ #############... ################ #############... .....#..######## ################ ################ ....##########.. ################ ################ #...############ ################ ################

[entities]
decor-castle-big -2 12
koopa-para-green 25 12
koopa-para-green 28 11
piranha 32 10
piranha 38 9
piranha 57 10
piranha 67 11
piranha 103 9
koopa-para-green 165 12
koopa-para-green 168 11
koopa-para-green 171 12
decor-castle 204 12

[zones]
checkpoint 98
exit 200 next=3-2
vine 131 5 -> 3-1-sky 4 14
pipe 38 9 down -> 3-1-bonus 1 0 exit=none

[decor]
cloud-2 0 3
tree-small 11 12
tree-big 13 12
cloud-1 18 3
tree-big 21 12
tree-small 23 12
tree-small 24 12
cloud-1 27 2
cloud-2 30 3
tree-small 40 12
tree-big 43 12
cloud-1 45 2
cloud-2 48 3
tree-small 59 12
tree-big 61 12
cloud-1 66 3
tree-big 69 12
tree-small 71 12
tree-small 72 12
cloud-1 75 2
cloud-2 78 3
tree-big 91 12
cloud-1 93 2
cloud-2 96 3
tree-small 107 12
tree-big 109 12
cloud-1 114 3
tree-big 117 12
tree-small 119 12
tree-small 120 12
cloud-1 123 2
cloud-2 126 3
tree-small 136 12
cloud-1 141 2
cloud-2 144 3
tree-small 155 12
tree-big 157 12
cloud-1 162 3
tree-big 165 12
tree-small 167 12
tree-small 168 12
cloud-1 171 2
cloud-2 174 3
cloud-1 189 2
cloud-2 192 3
tree-small 203 12
tree-big 205 12
cloud-1 210 3
tree-big 213 12
tree-small 215 12
tree-small 216 12
