id: 3-2
name: WORLD 3-2
world: 3
stage: 2
theme: night
music: overworld
time: 300
start: 2,12
startMode: stand
camera: scroll

;; Campaign play only (0.4.26): a Wood Man-style forest (`megaman-wood`): a floor of logs, plank
;; bricks, log ends for the staircase, robot-forest trees (its tree decor, drawn by the look) and
;; a dark forest of trunks under a leaf canopy painted behind it (world/theme-backdrop.ts); its
;; clouds hang as leaf clumps. Elsewhere (level select, ?level=3-2) it looks as it always did.
campaignTheme: megaman-wood
campaignMusic: mm-wood

[tiles]
;; 0                16               32               48               64               80               96               112              128              144              160              176              192              208
................ ................ ................ ................ ................ ................ ................ ................ ................ ................ ................ ................ ................ ................
................ ................ ................ ................ ................ ................ ................ ................ ................ ................ ................ ................ ................ ................
................ ................ ................ ................ ................ ................ ................ ................ ................ ................ ................ ................ ................ .o..............
................ ................ ................ ................ ................ ................ ................ ................ ................ ................ ................ ................ ................ .!..............
................ ................ ................ ................ ................ ................ ................ ................ ................ ................ ................ ................ ................ .!..............
................ ................ ................ ................ .............S.. ................ ................ ................ ................ ................ ................ ................ .......BB....... .!..............
................ ................ ................ ............M... ................ ................ ................ ..............=. ................ ................ ........$$$$.... ................ ......BBB....... .!..............
................ ................ ................ ................ ................ ................ ................ ................ ................ ................ ................ ................ .....BBBB....... .!..............
................ ................ ................ ................ ................ ................ ................ ................ ................ ................ ................ ................ ....BBBBB....... .!..............
................ ................ ................ .......$$$...... .............C.. ................ ................ ................ ................ ................ ................ ................ ...BBBBBB....... .!..............
................ ................ ................ ............B... ................ ................ ................ ................ ................ ................ .........[]..... ................ ..BBBBBBB....... .!..............
................ ................ ................ ............B... ...........B...B ................ ................ ..............B. ................ ................ .........{}..... ................ .BBBBBBBB....... .!..............
................ .k......g..g.... .k..k......kk... .B..........B... ..k....gg.gB..kB ................ ...............k .......g..g...B. ......k.....k..k ................ ..k..k...{}....k ...g..g.....gg.g BBBBBBBBB....... .B..............
################ ################ ################ ################ ################ ..############## ################ ###########..### ..############## ################ ################ ################ ################ ################
################ ################ ################ ################ ################ ..############## ################ ###########..### ..############## ################ ################ ################ ################ ################

[entities]
;; Campaign only (0.4.40, docs/STORY.md): a prune bot at the start, in the robot forest.
partner 7 12 who=prune-bot campaign=true
decor-castle 0 12
goomba 25 12 dx=8
koopa-green 34 12 dx=8
koopa-para-green 92 10 dy=-8
goomba 120 12 dx=8
koopa-green 141 12 dx=8
koopa-green 150 12 dx=8
koopa-green 151 12 dx=8
koopa-green 163 12 dx=8
piranha 169 10
goomba 180 12 dx=8
decor-castle 213 12

[zones]
checkpoint 98 12
exit 209 next=3-3

[decor]
cloud-2 0 3
tree-small 11 12
tree-big 13 12
cloud-1 18 3
tree-big 21 12
tree-small 23 12
tree-small 24 12
cloud-1 27 2
cloud-2 30 3
tree-small 40 12
tree-big 43 12
cloud-1 45 2
cloud-2 48 3
tree-small 59 12
tree-big 61 12
cloud-1 66 3
tree-big 69 12
tree-small 71 12
tree-small 72 12
cloud-1 75 2
cloud-2 78 3
tree-small 88 12
tree-big 91 12
cloud-1 93 2
cloud-2 96 3
tree-small 107 12
tree-big 109 12
cloud-1 114 3
tree-big 117 12
tree-small 119 12
tree-small 120 12
cloud-1 123 2
cloud-2 126 3
tree-small 136 12
tree-big 139 12
cloud-1 141 2
cloud-2 144 3
tree-small 155 12
tree-big 157 12
cloud-1 162 3
tree-big 165 12
tree-small 167 12
tree-small 168 12
cloud-1 171 2
cloud-2 174 3
tree-small 184 12
tree-big 187 12
cloud-1 189 2
cloud-2 192 3
tree-small 203 12
tree-big 205 12
cloud-1 210 3
tree-big 213 12
tree-small 215 12
tree-small 216 12
cloud-1 219 2
cloud-1 222 3

[variant sophia classic]
;; The flagpole's step-fall lift (charHorz): a one-tile lift by the pole that drops once stood on.
+ lift-fall 204 4 len=2 dx=8

[hero-items]
;; x y   hero=item ...   (docs/POWERUPS.md 6.3; a hero not named gets their default power)
60 6 link=blue-ring samus=long-beam simon=morning-star sophia=triple-missile
