id: 3-4
name: WORLD 3-4
world: 3
stage: 4
theme: castle
music: castle
time: 300
start: 1,6
startMode: stand
camera: scroll

[tiles]
;; 0                16               32               48               64               80               96               112              128              144
................ ................ ................ ................ ................ ................ ................ ................ ................ ................
................ ................ ................ ................ ................ ................ ................ ................ ................ ................
%%%%%%%%%%%%%%%% %%%%%%%%%%%%%%%% %%%%%%%%%%%%%%%% %%%%%%%%%%%%%%%% %%%%%%%%%%%%%%%% %%%%%%%%%%%%%%%% %%%%%%%%%%%%%%%% %%%%%%%%%%%%%%%% %%%%%%%%%%%%%%%% %%%%%%%%%%%%%%%%
%%%%%%%%%%%%%%%% ................ ...%%%%%%%%%%%.. .....%%%.......% %%.............% %%........%%%%%% ...............% %%%%%%%%%%%%%%%% ....==........%% ................
%%%%%%%%%%%%%%%% ................ ...%%%%%%%%%%%.. .....%%%.......% %%.............% %%........%%%%%% ...............% %%%%%%%%%%%%%%%% ....==........%% ................
................ ................ ................ ......B......... B............... B............... ................ ................ ....==........%% ................
................ ................ ................ ................ ................ .$$$............ ................ ................ ................ ................
BBB............. ................ ................ ................ ................ ................ ................ ................ ................ ................
BBBB............ ................ ................ ................ ................ ................ ................ ................ ................ ................
BBBBB........... ................ ..........?M?... ................ ................ ................ ................ ................ ............:%%% ................
%%%%%%%%%%%%%%%% ..%%%..%%%..%%%. .%%............. ................ ................ ..........%%%%%% ...%%%...%%%...% %%%%..%%%%%%%%%% -------------%%% ................
%%%%%%%%%%%%%%%% ..%B%..%B%..%B%. .%%............. ......B......... B............... B.........%%%%%% ...%%%...%%%...% %%%%..%%%%%%%%%% .............%%% ................
%%%%%%%%%%%%%%%% ..%%%..%%%..%%%. .%%............. .....%%%.......% %%.............% %%........%%%%%% ...%%%...%%%...% %%%%..%%%%%%%%%% .............%%% ................
%%%%%%%%%%%%%%%% ..%%%..%%%..%%%. .%%%%%%%%%%%%%~~ %%%%%%%%%%%%%%%% %%%%%%%%%%%%%%%% %%%%%%%~~~%%%%%% ~~~%%%~~~%%%~~~% %%%%%%%%%%%%%%%% ~~~~~~~~~~~~~%%% %%%%%%%%%%%%%%%%
%%%%%%%%%%%%%%%% ..%%%..%%%..%%%. .%%%%%%%%%%%%%.. %%%%%%%%%%%%%%%% %%%%%%%%%%%%%%%% %%%%%%%...%%%%%% ...%%%...%%%...% %%%%%%%%%%%%%%%% .............%%% %%%%%%%%%%%%%%%%

[entities]
podoboo 16 12
firebar 19 11
firebar 24 11
podoboo 26 12
firebar 29 11
firebar 54 5
firebar-ccw 54 11
firebar 64 5
firebar-ccw 64 11
firebar-ccw 80 5
firebar 80 11
podoboo 88 12
podoboo 97 12
podoboo 103 12
podoboo 109 12
lift-h 136 6 len=4 range=3
bowser 136 9
axe 141 8
toad 153 12

[zones]
exit 152 next=4-1
