id: 3-4
name: WORLD 3-4
world: 3
stage: 4
theme: castle
music: castle
time: 300
start: 1,6
startMode: stand
camera: scroll

;; Campaign play only (0.4.26): Wily's fortress (`megaman-fortress`, in the castle family): teal
;; steel panels, bolted plates with red warning strips, a girder bridge and a steel chain over
;; SMB's lava, a wall of machinery with skull plates painted behind it
;; (world/theme-backdrop.ts). Elsewhere (level select, ?level=3-4) it looks as it always did.
campaignTheme: megaman-fortress
campaignMusic: mm-wily

[tiles]
;; 0                16               32               48               64               80               96               112              128              144
................ ................ ................ ................ ................ ................ ................ ................ ................ ................
................ ................ ................ ................ ................ ................ ................ ................ ................ ................
%%%%%%%%%%%%%%%% %%%%%%%%%%%%%%%% %%%%%%%%%%%%%%%% %%%%%%%%%%%%%%%% %%%%%%%%%%%%%%%% %%%%%%%%%%%%%%%% %%%%%%%%%%%%%%%% %%%%%%%%%%%%%%%% %%%%%%%%%%%%%%%% %%%%%%%%%%%%%%%%
%%%%%%%%%%%%%%%% ................ ...%%%%%%%%%%%.. .....%%%.......% %%.............% %%........%%%%%% ...............% %%%%%%%%%%%%%%%% ....==........%% ................
%%%%%%%%%%%%%%%% ................ ...%%%%%%%%%%%.. .....%%%.......% %%.............% %%........%%%%%% ...............% %%%%%%%%%%%%%%%% ....==........%% ................
................ ................ ................ ......B......... B............... B............... ................ ................ ....==........%% ................
................ ................ ................ ................ ................ .$$$............ ................ ................ ................ ................
BBB............. ................ ................ ................ ................ ................ ................ ................ ................ ................
BBBB............ ................ ................ ................ ................ ................ ................ ................ ................ ................
BBBBB........... ................ ..........?M?... ................ ................ ................ ................ ................ ............:%%% ................
%%%%%%%%%%%%%%%% ..%%%..%%%..%%%. .%%............. ................ ................ ..........%%%%%% ...%%%...%%%...% %%%%..%%%%%%%%%% -------------%%% ................
%%%%%%%%%%%%%%%% ..%B%..%B%..%B%. .%%............. ......B......... B............... B.........%%%%%% ...%%%...%%%...% %%%%..%%%%%%%%%% .............%%% ................
%%%%%%%%%%%%%%%% ..%%%..%%%..%%%. .%%............. .....%%%.......% %%.............% %%........%%%%%% ...%%%...%%%...% %%%%..%%%%%%%%%% .............%%% ................
%%%%%%%%%%%%%%%% ..%%%..%%%..%%%. .%%%%%%%%%%%%%~~ %%%%%%%%%%%%%%%% %%%%%%%%%%%%%%%% %%%%%%%~~~%%%%%% ~~~%%%~~~%%%~~~% %%%%%%%%%%%%%%%% ~~~~~~~~~~~~~%%% %%%%%%%%%%%%%%%%
%%%%%%%%%%%%%%%% ..%%%..%%%..%%%. .%%%%%%%%%%%%%.. %%%%%%%%%%%%%%%% %%%%%%%%%%%%%%%% %%%%%%%...%%%%%% ...%%%...%%%...% %%%%%%%%%%%%%%%% .............%%% %%%%%%%%%%%%%%%%

[entities]
podoboo 16 12
firebar-ccw 19 11
firebar-ccw 24 11
podoboo 26 12
firebar-ccw 29 11
firebar-ccw 54 5
firebar 54 11
firebar-ccw 64 5
firebar 64 11
firebar 80 5
firebar-ccw 80 11
podoboo 88 12
podoboo 97 12
podoboo 103 12
podoboo 109 12
lift-h 136 6 len=4 range=3 dx=-8
bowser 136 9
axe 141 8
toad 153 12

[zones]
exit 152 next=4-1
bowser-fire 89

[variant sophia classic]
;; The original's pieces for heroes who jump short (charHorz): the lava at 87 filled.
;; Every piece the original lays for her here.
87 13 % *2

[hero-items]
;; x y   hero=item ...   (docs/POWERUPS.md 6.3; a hero not named gets their default power)
43 9 link=grow megaman=grow samus=grow simon=grow ryu=grow bill=grow
