id: ll-10-2
name: WORLD 10-2
world: 10
stage: 2
theme: underground
music: underground
time: 400
start: 2,3
startMode: fall
camera: scroll

[tiles]
;; 0                16               32               48               64               80               96               112              128              144              160              176              192              208
................ ................ ................ ................ ................ ................ ................ ................ ................ ................ ................ ................ ................ ................
................ ................ ................ ................ ................ ................ ................ ................ ................ ................ ................ ................ ................ ................
==...=========== L=============== ================ ====............ ..........====== ================ ================ ================ ====.....======= ================ ==========...{}= ================ ================ ============...=
==.............. ................ ................ ................ ..........====== ================ ====............ ....============ ====.....======= ================ =====........{}= ================ ================ =..............=
==.............. ................ ................ ................ ..........====== ================ ====............ ....============ ====.....======= ================ =====........{}= ================ ================ =..............=
==.............. ................ ................ ................ ..........====== ================ ====..........BB ....======EE==== ====.....======= ================ =====........{}= ================ ================ =..............=
==.............. ................ ................ ................ ..........====== ================ ====.........BBB ..........{}.... ................ ................ .............{}= ================ ================ =..............=
==.............. ................ ................ ................ ..........====== ================ ====........BBBB ..........DG.... ................ ................ .............{}= ================ ================ =..............=
==.............. ................ ................ ................ ..........====== ================ ====.......BBBBB ................ ................ ................ ...........())}= ================ ================ =..............=
==.............. ................ ................ ........======== P====.....====== ================ ====......BBBBBB ....==========S= ====............ ................ ...........<>>}= ================ ================ =..............=
==.............. ................ ................ ................ ................ ................ .........BBBBBBB ....============ ====...........B ..............^. =====...[]E===== ================ ================ =.....[].......=
==.............. ................ ................ ................ ................ ................ ........BBBBBBBB ................ ..............BB ..............|. =====...{}====== ================ ================ =.....{}.......=
==.............. s............... ................ ................ ................ ................ .......BBBBBBBBB ................ .............BBB ......n.....^.|. =====...{}====== ================ ================ =.....{}.......=
################ #######......... ...............# ###.....######## ####......###### #####[]#[]#[]#[] ################ ....########[]## ##[].....####### #########...|.|. #####...{}###### ################ ################ ################
################ #######......... ...............# ###.....######## ####......###### #####{}#{}#{}#{} ################ ....########{}## ##{}.....####### #########...|.|. #####...{}###### ################ ################ ################

[entities]
lift-fall 27 11 len=4
lift-fall 33 11 len=4
lift-fall 38 9 len=4
lift-fall 43 8 len=4
lift-fall 53 9 len=4
lift-h 70 13 len=4 range=3
piranha 85 13 red=1
piranha 88 13 red=1
piranha 91 13 red=1
piranha 94 13 red=1
lift-fall 113 6 len=4
piranha-down 122 7 red=1
piranha 124 13 red=1
piranha 130 13 red=1
lift-down 134 5 len=3
lift-down 134 13 len=3
piranha 168 10 red=1

[zones]
pipe 171 9 right -> ll-10-2-exit 3 10 exit=up
pipe 214 10 down -> ll-11-1 2 12
warp 208 16 worlds=11 text=WELCOME_TO_WARP_ZONE!
