id: ll-10-4
name: WORLD 10-4
world: 10
stage: 4
theme: castle
music: castle
time: 300
start: 1,6
startMode: stand
camera: scroll

[tiles]
;; 0                16               32               48               64               80               96               112              128              144              160              176
................ ................ ................ ................ ................ ................ ................ ................ ................ ................ ................ ................
................ ................ ................ ................ ................ ................ ................ ................ ................ ................ ................ ................
%%%%%%%%%%%%%%%% %%%%%%%%%%%%%%%% %%%%%%%%%%%%%%%% %%%%%%%%%%%%%%%% %%%%%%%%%%%%%%%% %%%%%%%%%%%%%%%% %%%%%%%%%%%%%%%% %%%%%%%%%%%%%%%% %%%%%%%%%%%%%%%% %%%%%%%%%%%%%%%% %%%%%%%%%%%%%%%% %%%%%%%%%%%%%%%%
%%%%%%%%%%%%%%%. ................ .........%%%%%%% %%.............. ................ ................ ................ %%%%%%%%%%%%%%%% %%%%%%%%%%%%%%%% ................ ..........%%..%% ................
%%%%%%%%%%%%%%%. ................ .........%%%%%%% %%.............. ...............K ................ ................ %%%%%%%%%%%%%%%% %%%%%%%%%%%%%%%% ................ ..........%%..%% ................
................ ................ .........%%%%%%% %%.............. ........%....... ................ ................ %%%%%%%%%%%%%%%% %%%%%%%%%%%%%%%% ................ ..........%%..%% ................
................ ................ ..............B. ................ .......%%%%%%%%% %%%%%%%%........ ................ %%%%%%%%%%%%%%%% %%%%%%%%%%%%%%%% ................ ................ ................
BBB............. ................ ................ ................ ......%%%%%%%%%% %%%%%%%%........ ................ %%%%%%%%%%%%%%%% %%%%%%%%%%%%%%%% ................ ................ ................
BBBB............ ................ ................ ................ .....%%%%%%%%%%% %%%%%%%%........ ................ %%%%%%%%%%%%%%%% %%%%%%%%%%%%%%%% ................ ................ ................
BBBBB........... .........M...... ................ ................ ....%%%%%%%%%%%% %%%%%%%%........ ..%............. ......^......... ................ ................ ............:%%% ................
%%%%%%%%%%%%%%%. .%B%.........%B% ...%%%%..%%%%%%% %%.............. ...%%%%%%%%%%%%% %%%%%%%%........ ..%.....%....... ................ ................ ...............% -------------%%% ................
%%%%%%%%%%%%%%%. .%%%.........%%% ...%%%%..%%%%%%% %%.............. ..%%%%%%%%%%%%%% %%%%%%%%.......% ..%.....%....... ................ ................ ..............%% .............%%% ................
%%%%%%%%%%%%%%%. .%%%.........%%% ...%%%%..%%%%%%% %%......B....... .%%%%%%%%%%%%%%% %%%%%%%%.......% ..%.....%....... ................ ^............... ...^.........%%% .............%%% ................
%%%%%%%%%%%%%%%~ ~%%%~~~%B%~~~%%% ~~~%%%%~~%%%%%%% %%%%%%%%%~~~~~~~ %%%%%%%%%%%%%%%% %%%%%%%%~~~%~~~% ~~%~~~~~%~~~~~%~ %%%%%%%%%%%%%%%% %%%%%%%%%%%%%%%% %%%%~~~~~~~%%%%% ~~~~~~~~~~~~~%%% %%%%%%%%%%%%%%%%
%%%%%%%%%%%%%%%. .%%%...%%%...%%% ...%%%%..%%%%%%% %%%%%%%%%....... %%%%%%%%%%%%%%%% %%%%%%%%...%...% ..%.....%.....%. %%%%%%%%%%%%%%%% %%%%%%%%%%%%%%%% %%%%.......%%%%% .............%%% %%%%%%%%%%%%%%%%

[entities]
firebar 18 10
podoboo 22 12
firebar-ccw 24 13
firebar-ccw 30 10 len=12
firebar-ccw 46 6
firebar-ccw 56 12
podoboo 59 12
podoboo 89 12
podoboo 93 12
podoboo 97 12
podoboo 102 12
podoboo 107 12
bowser 167 9 attack=hammer
axe 173 8
toad 185 12

[zones]
exit 184 next=ll-11-1
bowser-fire 136
