id: ll-10-1
name: WORLD 10-1
world: 10
stage: 1
theme: mushroom
music: overworld
time: 400
start: 2,12
startMode: stand
camera: scroll

[tiles]
;; 0                16               32               48               64               80               96               112              128              144              160              176              192              208
................ ................ ................ ................ ................ ................ ................ ................ ................ ................ ................ ................ ................ ................
................ ................ ................ ................ ................ ................ ................ ................ ................ ................ ................ ................ ................ ................
................ ................ ................ ....L........... ................ ................ ................ ................ ................ ................ ...BB........... ................ ................ .o..............
................ ................ ................ ................ ................ ................ ................ ................ ..[]............ ................ ...{}........... ................ ................ .!..............
................ ...........===.. ..===V.......... .............n.. ................ ................ ................ ................ ..{}.n.......... ................ ...{}........... ......K......... ................ .!..............
..............B? ?3??B........... ...............= EE===....??????? ................ ..K............. ................ ................ ==EE===......... ................ ...{}........... ......=......... ................ .!..............
..............B. ....B......k.... ................ {}.............. ...............= ===............. ................ ................ ................ ................ ...{}........... ................ ........K....... .!..............
..............B. ....B......B.... ................ DG.............. ................ ................ ................ ................ ................ ................ ...{}........... ......C......... ........B....... .!..............
..............B. K..KB......Bk..k k.k..B.......... ..........n..... ...........B..K. ..K............. ................ ................ .n.............. B===========P... ...{}.........K. ................ .....K..B....... .!..............
..............B? ?.??B......B==== =====B.......... ........?????4?? ...........B==== ===...B......... ................ ................ =======........B B............... ...{}...??....B. ......K......... .....B..B....... .!..............
................ ................ ................ ................ ................ ....kkB......... ..............[] .......?4???.... ..............BB B....$$$$$$..... ...DG.........B. ......B......... ..K..B..B....... .!..............
................ ................ ................ ................ ........B..===== ======B......... ..............{} ................ .............BBB B..[]........... ..............B. ......B......... ..B..B..B....... .!..............
................ ................ ................ ................ ........B....... ..............kk ........kk....{} ................ ............BBBB B..{}$$$$$$..... ..............B. ...s..B......... ..B..B..B....... .B..............
################ ################ ######....###[]. ...############# ################ ################ ################ ################ ####[]########## #############... ..#[]#####..#### ########.####### ..B..B..B.....## ################
################ ################ ######....###{}. ...############# ################ ################ ################ ################ ####{}########## #############... ..#{}#####..#### ########.####### ..B..B..B.....## ################

[entities]
decor-castle-big -2 12
koopa-para-green 22 12
piranha 45 13
piranha-down 48 7
piranha 110 10
piranha 130 3
piranha 132 13
koopa-para-green 147 7
piranha 147 11
koopa-para-green 151 7
koopa-para-green 155 7
piranha-down 163 10
piranha 163 13
lift-fall 203 5 len=4
decor-castle 213 12

[zones]
exit 209 next=ll-10-2-intro
vine 37 4 -> ll-10-1-sky 4 14
pipe 130 3 down -> ll-10-1-bonus 1 0 exit=none

[decor]
cloud-2 0 3
tree-small 11 12
tree-big 13 12
cloud-1 18 3
tree-big 21 12
tree-small 23 12
tree-small 24 12
cloud-1 27 2
cloud-2 30 3
tree-big 43 12
cloud-1 45 2
cloud-2 48 3
tree-small 59 12
tree-big 61 12
cloud-1 66 3
tree-big 69 12
tree-small 71 12
cloud-1 75 2
cloud-2 78 3
tree-small 88 12
tree-big 91 12
cloud-1 93 2
cloud-2 96 3
tree-small 107 12
tree-big 109 12
cloud-1 114 3
tree-big 117 12
tree-small 119 12
tree-small 120 12
cloud-1 123 2
cloud-2 126 3
tree-small 136 12
tree-big 139 12
cloud-1 141 2
cloud-2 144 3
tree-small 155 12
cloud-1 162 3
tree-big 165 12
tree-small 167 12
tree-small 168 12
cloud-1 171 2
cloud-2 174 3
tree-big 187 12
cloud-1 189 2
cloud-2 192 3
cloud-1 210 3
tree-big 213 12
tree-small 215 12
tree-small 216 12
cloud-1 219 2
