id: ll-10-1-sky
name: WORLD 10-1
world: 10
stage: 1
theme: overworld
music: overworld
time: inherit
start: 4,14
startMode: climb
camera: scroll
parent: ll-10-1

[tiles]
;; 0                16               32               48               64
................ ................ ................ ................ ................
................ ................ ................ ................ ................
................ ................ ................ ................ ................
................ ................ ................ ................ ................
................ $$$$$$$$$$...... ......$$$$$$$$$$ ...........$$$$$ $$$$$...........
................ ................ ................ ..........OOOOOO OOOOOOO.........
................ ................ ..........O..... ................ ................
................ ................ ..........O..... ................ .........$$.....
................ ................ ................ ................ .....$$$........
................ ................ ................ ................ ................
................ ................ ................ ................ ................
................ ................ ................ ................ ................
................ ...........$$$$$ $$$$$........... .$$$$$$$$$$..... ................
OOOO.OOOOOOOOOOO OOOOOOOOOOOOOOOO OOOOOOOOOOOOOOOO OOOOOOOOOOOOOOOO OOOOOOO.........
................ ................ ................ ................ ................

[entities]
vine 4 14 len=8
lift-right 16 10 len=4

[zones]
pit 0 -> ll-10-1 50 0
