id: ll-10-3
name: WORLD 10-3
world: 10
stage: 3
theme: overworld
music: overworld
time: 400
start: 2,12
startMode: stand
camera: scroll

[tiles]
;; 0                16               32               48               64               80               96               112              128              144              160              176              192              208              224              240
................ ................ ................ ................ ................ ................ ................ ................ ................ ................ ................ ................ ................ ................ ................ ................
................ ................ ................ ................ ................ ................ ................ ................ ................ ................ ................ ................ ................ ................ ................ ................
................ ................ ..............$$ $............... ................ ................ ................ ................ ................ ...........2.... .o.............. ................ ................ ................ ................ ..............##
................ ................ ................ ................ ............3... ................ ................ ................ ................ ................ .!.............. ................ ................ ................ ................ BBBBBBBBBBB...##
................ ................ ................ ................ ................ ................ $$$............. .......$$$$$$$$$ $$.............. ................ .!.............. ................ ................ ................ ...............B B.............##
................ ................ ..............TT T............... ................ ................ TTT............. ......TTTTTTTTTT TTT............. ................ .!.............. ................ ................ ................ ..............BB B.............##
................ ........$$$$.... ...............t ................ ..........TTT..$ $$.............. .t.............. ............t... ................ ................ .!.............. ................ ................ ................ .............BBB B.............##
................ ................ ...............t ................ ...........t.... ................ .t.............. ............t... ................ ................ .!...........AAA AAAAAAAAAAAAAAAA AAAAAAAAAAAAAAAA AAAAAAAAAAAAAAAA A...........BBBB B.............##
................ ................ ...............t .....$$$$....... ...........t.... ................ .t.............. ............t... ........TTT..... ................ .!...........HHH HHHHHHHHHHHHHHHH HHHHHHHHHHHHHHHH HHHHHHHHHHHHHHHH H..........BBBBB B.............##
................ ............TTTT TTTTTTTTTTT....t ................ ....TTTTTTTTTTT. ..........TTTTT. .t...TTTTTTTTTTT TTTT........t... .........t...... ................ .!...........HHH HHHHHHHHHHHHHHHH HHHHHHHHHHHHHHHH HHHHHHHHHHHHHHHH H.........BBBBBB B.............##
................ ................ ...t...........t ................ .........t.t.... ............t... .t..........t... ............t... .........t...... TTTTT........... .!...........HHH HHHHHHHHHHHHHHHH HHHHHHHHHHHHHHHH HHHHHHHHHHHHHHHH H........BBBBBBB B.....[]......##
................ .TTTTTTT........ ...t...........t ...TTTTTTTTTTTTT .........t.t.... ............t... .t..........t... ............t... .........t...... ..t............. .!...........HHH HHHHHHHHHHHHHHHH HHHHHHHHHHHHHHHH HHHHHHHHHHHHHHHH H..[]...BBBBBBBB B.....{}......##
................ ....t........... ...t...........t .........t...... .........t.t.... ............t... .t..........t... ............t... .........t...... ..t.........s... .B...........HHH HHHHHHHHHHHHHHHH HHHHHHHHHHHHHHHH HHHHHHHHHHHHHHHH H..{}..BBBBBBBBB B.....{}......##
TTTTTTTTTTTTTTT. ....t........... ...t...........t .........t...... .........t.t.... .TTTTTTTTT..t... .t..........t... ............t... .........t...... ..t......####### ################ ################ ################ ################ ################ ################
.......t........ ....t........... ...t...........t .........t...... .........t.t.... .....t......t... .t..........t... ............t... .........t...... ..t......####### ################ ################ ################ ################ ################ ################

[entities]
decor-castle 0 12
blooper 70 7
koopa-para-green-h 104 7
koopa-para-red 133 6
koopa-para-red 158 6
decor-castle-big 164 12
piranha 227 11

[zones]
exit 162 next=ll-10-4
cheeps 17 118
pipe 246 10 down -> ll-12-1 2 12
warp 240 16 worlds=12 text=WELCOME_TO_WARP_ZONE!

[decor]
cloud-2 3 3
cloud-1 9 7
cloud-2 18 2
cloud-1 28 11
cloud-1 35 7
cloud-1 38 6
cloud-1 46 11
cloud-2 51 3
cloud-1 57 7
cloud-2 66 2
cloud-1 76 11
cloud-1 83 7
cloud-1 86 6
cloud-1 94 11
cloud-2 99 3
cloud-1 105 7
cloud-2 114 2
cloud-1 124 11
cloud-1 131 7
cloud-1 134 6
cloud-1 142 11
cloud-2 147 3
cloud-1 153 7
cloud-2 162 2
cloud-1 172 11
cloud-1 179 7
cloud-1 182 6
cloud-1 190 11
cloud-2 195 3
cloud-1 201 7
cloud-2 210 2
cloud-1 220 11
cloud-1 227 7
cloud-1 230 6
cloud-2 243 3
cloud-1 249 7
