id: 5-2-sky
name: WORLD 5-2
world: 5
stage: 2
theme: overworld
music: overworld
time: inherit
start: 4,14
startMode: climb
camera: scroll
parent: 5-2

[tiles]
;; 0                16               32               48               64
................ ................ ................ ................ ................
................ ................ ................ ................ ................
................ ................ ................ ................ ................
................ ................ ................ ................ ................
................ ................ $$$............. .....$$$........ ................
................ ................ ....$$$$$$$$$$$$ $$$$............ ................
...............$ $$$$$$$$$$$$$$$. ................ ................ ................
................ ................ ................ ................ ................
................ ................ ................ ................ ................
................ ................ ................ ................ ................
................ ................ ................ ................ ................
................ ................ ................ ................ ................
................ ................ ................ ................ .....$$$........
####.########### ################ ################ ##############.. ................
................ ................ ................ ................ ................

[entities]
vine 4 14 len=8
lift-right 17 10 len=6 dx=-16

[zones]
pit 0 -> 5-2 130 0
