id: 5-2-water
name: WORLD 5-2
world: 5
stage: 2
theme: water
music: water
time: inherit
start: 1,1
startMode: fall
camera: scroll
parent: 5-2

;; Campaign play only (0.4.28): the underground lake under the town (`cv-lake`): mossy stones,
;; iron sewer grates and murky green water. No restyle is a water theme: the lake swims by
;; `swim: true` (which changes nothing in the classic water theme, which always swims). Elsewhere
;; (level select, ?level=5-2) it looks as it always did.
swim: true
campaignTheme: cv-lake
campaignMusic: cv-lake

[tiles]
;; 0                16               32               48               64
................ ................ ................ ................ .
................ ................ ................ ................ .
wwwwwwwwwwwwwwww wwwwwwwwwwBBwwww BBwwwwwwwwwwwwww wwwwwwwwwwwwwBBB B
................ ..........BB.... BB.............. .............BBB B
...............# ..........BB.... BB....BBBBBB.... .............BBB B
...............# ................ ......#....#.... ......$$$$...BBB B
...........BBBBB ................ ......#....#.... ......BBBB.....B B
................ ......$$$$$$$$$$ ......#....#.... ..............(B B
................ ................ ......#....#.... ..$$$$........<B B
................ ....#........... ................ ..BBBB.......BBB B
............#... ....#.....BB.... BB.............. .............BBB B
............#... ....#.....BB.... BB............#. ............BBBB B
............#... ....#.....BB.... BB......$$....#. ...........BBBBB B
################ ######....##.... ######..##..#### ################ #
################ ######....##.... ######..##..#### ################ #

[entities]
blooper 19 12
lift-down 23 6 len=6 dx=-8
cheep-grey 27 6 dx=8 dy=-8
lift-down 29 10 len=6 dx=-8
blooper 35 12
cheep-grey 39 11 dy=-8
blooper 45 12
cheep-red 48 8 dx=8
cheep-grey 53 3 dy=-8

[zones]
pipe 62 8 right -> 5-2 115 10 exit=up
