id: 5-3
name: WORLD 5-3
world: 5
stage: 3
theme: overworld
music: overworld
time: 300
start: 2,12
startMode: stand
camera: scroll

;; Campaign play only (0.4.28): the clock tower (`cv-clock`): its treetops wooden beams on the
;; tower's timber scaffolds, oak plank floors, brass-bound crates, dim clock faces and gears painted
;; behind under a starry night that the lifts' cream planks stand out against; it plays Simon's
;; castle stage tune. Elsewhere (level select, ?level=5-3) it looks as it always did.
campaignTheme: cv-clock
campaignMusic: cv-stage

[tiles]
;; 0                16               32               48               64               80               96               112              128              144              160
................ ................ ................ ................ ................ ................ ................ ................ ................ ................ ................
................ ................ ................ ................ ................ ................ ................ ................ ................ ................ ................
................ ................ .....$$......... ................ ................ ................ ................ ................ ................ ........o....... ................
................ ................ ............g.g. ................ ................ ................ ................ ................ ................ ........!....... ................
................ ...........$$$K. ........TTTTTTT. ............$$$$ ................ .............$$. .$$............. ................ ................ ........!....... ................
................ ..........TTTTT. .........ttttt.. ............TTTT ................ g....$$......... ................ ........$$...... ..............BB ........!....... ................
................ ...........ttt.. .........ttttt.. ..$$.........tt. ............TTTT TT.............. ..............K. ................ ..............BB ........!....... ................
................ ...........ttt.. .........ttttt.. .............tt. .............ttt t............... ........TTTTTTTT ................ ............BBBB ........!....... ................
................ ...........ttt.. ...TTTTT.ttttt.. .............tt. .............ttt t............... .........tttttt. ................ ............BBBB ........!....... ................
................ ........TTTTTTTT ....ttt..ttttt.. .............tt. ......TTT....ttt t............... .........tttttt. ....TTTT..TTTT.. ..........BBBBBB ........!....... ................
................ .........tttttt. ....ttt..ttttt.. ...........M.tt. .......t.....ttt t............... .........tttttt. .....tt....tt... ..........BBBBBB ........!....... ................
................ .........tttttt. .$..ttt..ttttt.. .............tt. .......t.....ttt t............... ..TTTT...tttttt. .....tt....tt... ..........BBBBBB ........!....... ................
................ ..TTTT...tttttt. TTT.ttt..ttttt.. .............tt. .......t.....ttt t............... ...tt....tttttt. .$$$.tt....tt... .....K....BBBBBB ........B....... ................
################ ...tt....tttttt. .t..ttt..ttttt.. ..TTTT.....TTTTT .TTTTT.t.....ttt t............... ...tt....tttttt. .TTT.tt....tt... .############### ################ ################
################ ...tt....tttttt. .t..ttt..ttttt.. ...tt.......ttt. ..ttt..t.....ttt t............... ...tt....tttttt. ..t..tt....tt... .############### ################ ################

[entities]
decor-castle 0 12
lift-v 55 10 len=4 range=6 dy=-8
koopa-para-red 74 7
lift-h 84 8 len=4 range=3 dx=-8
lift-h 93 9 len=4 range=3 dx=-8
koopa-para-red 114 8
lift-h 131 6 len=4 range=3 dx=-8
decor-castle-big 155 12

[zones]
checkpoint 66 12
exit 153 next=5-4
bullets 0 126

[decor]
cloud-2 3 3
cloud-1 9 7
cloud-2 18 2
cloud-1 28 11
cloud-1 35 7
cloud-1 38 6
cloud-1 46 11
cloud-2 51 3
cloud-1 57 7
cloud-2 66 2
cloud-1 76 11
cloud-1 83 7
cloud-1 86 6
cloud-1 94 11
cloud-2 99 3
cloud-2 114 2
cloud-1 124 11
cloud-1 131 7
cloud-1 134 6
cloud-1 142 11
cloud-2 147 3
cloud-1 153 7
cloud-2 162 2
cloud-1 172 11

[variant sophia classic]
;; The flagpole's step-fall lift (charHorz): a one-tile lift by the pole that drops once stood on.
+ lift-fall 147 4 len=2 dx=8

[hero-items]
;; x y   hero=item ...   (docs/POWERUPS.md 6.3; a hero not named gets their default power)
59 10 link=magical-sword megaman=leaf-guard samus=ice-beam simon=stopwatch bill=flame-gun sophia=homing-missile
