id: 5-4
name: WORLD 5-4
world: 5
stage: 4
theme: castle
music: castle
time: 300
start: 1,6
startMode: stand
camera: scroll

[tiles]
;; 0                16               32               48               64               80               96               112              128              144
................ ................ ................ ................ ................ ................ ................ ................ ................ ................
................ ................ ................ ................ ................ ................ ................ ................ ................ ................
%%%%%%%%%%%%%%%% ................ ..%%%%%%%%%%%%%% %%%%%%%%%%%%%%%% %%%%%%%%%%%%%%%% %%%..........%%% %%%............. ...%%%%%%%%%%%%% %%%%%%%%%%%%%%%% %%%%%%%%%%%%%%%%
%%%%%%%%%%%%%%%% .......M........ ..%%%%%%%%%%%%%% %%%%%%%%%%%%%%%% %%%%%%%%%%%%%%%% %%%..........%%% %%%............. ...%%%%%%%%%%%%% ..............%% ................
%%%%%%%%%%%%%%%% ................ ..%%%%%%%%%%%%%% %%%%%%%%%%%%%%%% %%%%%%%%%%%%%%%% %%%..........%%% %%%............. ...%%%%%%%%%%%%% ..............%% ................
................ ................ ..%%%%%%%%%%%%%% %%%%%%%B%%%%%%%% %%%%%%%%%%%%%%%% %%%............. ................ ................ ======........%% ................
................ ................ ................ ................ ................ ..B............. ................ ................ ................ ................
BBB............. ......%B%....... ................ ................ ................ ................ ................ ................ ................ ................
BBBB............ ................ ................ ................ ................ ................ ......$$$....... ................ ................ ................
BBBBB........... ..%%.......%%... .....%%%%%%%%%%% %B%%%%%%%%%%%B%% %%%%%%%%%B...... ................ ................ ................ ............:%%% ................
%%%%%%%%%%%%%%%% ................ %%.............. ................ ................ %%%%........B%%% %%%.........%..% %..%%%%%..%%..%% -------------%%% ................
%%%%%%%%%%%%%%%% ................ %%.............. ................ ................ %%%%........%%%% %%%....B....%..% %..%%%%%..%%..%% .............%%% ................
%%%%%%%%%%%%%%%% ................ %%.............. ................ ................ %%%%........%%%% %%%...$$$...%..% %..%%%%%..%%..%% .............%%% ................
%%%%%%%%%%%%%%%% ~~~~~~~~~~~~~~~~ %%%%%%%%%%%B%%%% %%%%%%%B%%%%%%%% %%%B%%%%%%%%%%%% %%%%........%%%% %%%%%%%%%%%%%~~% %~~%%%%%%%%%%%%% ~~~~~~~~~~~~~%%% %%%%%%%%%%%%%%%%
%%%%%%%%%%%%%%%% ................ %%%%%%%%%%%%%%%% %%%%%%%%%%%%%%%% %%%%%%%%%%%%%%%% %%%%........%%%% %%%%%%%%%%%%%..% %..%%%%%%%%%%%%% .............%%% %%%%%%%%%%%%%%%%

[entities]
podoboo 16 12
podoboo 20 12
firebar-ccw 23 7 len=12
podoboo 30 12
firebar-ccw 43 13
firebar 49 9
firebar 55 5
firebar-ccw 55 13
firebar 61 9
firebar 67 13
firebar 73 9
firebar 82 6
lift-up 86 6 len=3
lift-up 86 14 len=3
lift-down 89 4 len=3
lift-down 89 12 len=3
firebar-ccw 92 10
firebar-ccw 103 11
podoboo 109 12
podoboo 113 12
podoboo 131 12
lift-h 136 6 len=4 range=3
bowser 136 9
axe 141 8
toad 153 12

[zones]
exit 152 next=6-1
