id: ll-11-2
name: WORLD 11-2
world: 11
stage: 2
theme: water
music: water
time: 400
start: 2,1
startMode: fall
camera: scroll

[tiles]
;; 0                16               32               48               64               80               96               112              128              144              160
................ ................ ................ ................ ................ ................ ................ ................ ................ ................ ................
................ ................ ................ ................ ................ ................ ................ ................ ................ ................ ................
wwwwwwwwwwwwwwww BBBBBBBBBBBBBBBB wwwwwwwwwwwwwwww wwwwwwwwwwwwwwww BBBBBBBBBBBBBBBB wwwwwwwwwwwwwwww BBBBBBBBBBBBBBBB wwwBBBBBBBBBBwww BBBBBBBBBBBBBBBB BBBBBBBBBBBBBBBB wwwwwwwwwwwwwBBB
................ BBBBBBBBBBBBBBBB ................ ................ ...#.......#.... ................ ......#......... ...B........B... ................ ................ .............BBB
................ BBBBBBBBBBBBBBBB ................ ................ ...#.......#.... ................ ......#......$$$ $$.B........B... ................ ................ .............BBB
................ BBBBBBBBBBBBBBBB ...............B ..............BB ...#.......#.... ..........$$$$.. ......#......... ...B........B... ................ ................ .............BBB
................ ................ ..............BB ..............BB ...#.......#.... ................ ......#......... ...B$$$$$$$$B... BBBBBBBBBBBBBBBB ................ .............BBB
................ ................ .............BBB ..............BB ...#.......#.... ................ ......#......... ...B........B... BBBBBBBBBBBBBBBB .......B........ .............(BB
................ ................ ............BBBB ..............BB ...#.......#.... ................ ......#......#.. ...B........B... BBBBBBBBBBBBBBBB ................ .............<BB
................ BBBBBBBBBBBBBBBB ....#......BBBBB ..............BB ...#...#...#..#. .......BBBBBBBBB B............#.. ...BBBB..BBBB... BBBBBBBBBBBBBBBB ................ ............BBBB
...............B BBBBBBBBBBBBBBBB ....#.....BBBBBB ..............BB .......#......#. ................ .............#.. ................ $$$$$$$$$$$$$$$$ ................ ...........BBBBB
..............BB BBBBBBBBBBBBBBBB ....#....BBBBBBB ..............BB .......#......#. ................ ..#$$$$$$$$$.#.. ................ ................ ................ ..........BBBBBB
.............BBB BBBBBBBBBBBBBBBB ....#...BBBBBBBB .$$$$$$$$$$$$.BB .......#......#. ................ ..#.........k#.. ....$$$$$$$$.... ................ ................ .........BBBBBBB
################ ################ ################ ################ ###...####...### ################ ################ ...##########... ................ ################ ........########
################ ################ ################ ################ ###...####...### ################ ################ ...##########... ................ ################ ........########

[entities]
blooper 34 7
cheep-red 41 10
cheep-grey 44 7
koopa-para-green 47 4
blooper 54 7
cheep-red 56 11
koopa-green 60 12
cheep-red 63 4
blooper 70 6
cheep-grey 73 4
cheep-grey 75 7
cheep-grey 78 8
cheep-red 90 5
cheep-grey 93 4
cheep-red 96 5
koopa-para-green-h 96 7
blooper 105 8
cheep-grey 110 6
cheep-grey 110 12
blooper 119 6
cheep-red 120 8
lift-up 126 3 len=4
lift-up 126 9 len=4
cheep-grey 129 3
cheep-grey 135 10
cheep-red 147 8
firebar-ccw 151 7 len=12
cheep-grey 154 12
cheep-grey 164 5
blooper 164 7
koopa-para-red 171 6
cheep-grey 173 10

[zones]
checkpoint 81
pipe 173 8 right -> ll-11-2-exit 3 10 exit=up
