id: ll-11-4
name: WORLD 11-4
world: 11
stage: 4
theme: castle
music: castle
time: 300
start: 1,6
startMode: stand
camera: scroll

[tiles]
;; 0                16               32               48               64               80               96               112              128              144              160              176              192              208              224              240
................ ................ ................ ................ ................ ................ ................ ................ ................ ................ ................ ................ ................ ................ ................ ................
................ ................ ................ ................ ................ ................ ................ ................ ................ ................ ................ ................ ................ ................ ................ ................
%%%%%%%%%%%%%%%% %%%%%%%%%%%%%%%% %%%%%%%%%%%%%%%% %%%%%%%%%%%%%%%% %%%%%%%%%%%%%%%% %%%%%%%%%%%%%%%% %%%%%%%%%%%%%%%% %%%%%%%%%%%%%%%% %%%%%%%%%%%%%%%% %%%%%%%%%%%%%%%% %%%%%%%%%%%%%%%% %%%%%%%%%%%%%%%% %%%%%%%%%%%%%%%% %%%%%%%%%%%%%%%% %%%%%%%%%%%%%%%% %%%%%%%%%%%%%%%%
%%%%%%%%%%%%%%%% ................ ................ ................ .%%%............ ................ ................ ................ ................ ................ ................ ................ ...............% %%%%%%%%%%%%%%%% ..............%% ................
%%%%%%%%%%%%%%%% ................ ................ ................ .%%%............ ................ ................ ................ ................ ................ ................ ................ ...............% %%%%%%%%%%%%%%%% ..............%% ................
................ ................ ................ ................ .%%%............ ................ ................ ................ ................ ................ ................ ................ ................ ................ ..............%% ................
................ ................ ................ %%%%%%%%%%%%%%%% .%%%.%%%%%%%%%%% ...%%%%%%%%%%%%% ....%%%%%%%%%%%% ...%%%%%%%%%%%%% ....%%%%%%%%%%%% ...%%%%%%%%%%%%% ....%%%%%%%%%%%% ...%%%%%%%%%%%%% ................ ................ ................ ................
BBB............. ................ ................ %%%%%%%%%%%%%%%% .%%%.%%%%%%%%%%% ...%%%%%%%%%%%%% ....%%%%%%%%%%%% ...%%%%%%%%%%%%% ....%%%%%%%%%%%% ...%%%%%%%%%%%%% ....%%%%%%%%%%%% ...%%%%%%%%%%%%% ................ ................ ................ ................
BBBB............ ......%%%%%%%%%% %%%B............ %%%%%%%%%%%%%%%% .....%%%%%%%%%%% .B.%%%%%%%%%%%%% ....%%%%%%%%%%%% .B.%%%%%%%%%%%%% ....%%%%%%%%%%%% .B.%%%%%%%%%%%%% ....%%%%%%%%%%%% .B.%%%%%%%%%%%%% ................ ................ ................ ................
%%%%............ ......%%%%%%%%%% %............B.. %%%%%%%%%%%%%%%% .....%%%%%%%%%%% ...%%%%%%%%%%%%% ....%%%%%%%%%%%% ...%%%%%%%%%%%%% ....%%%%%%%%%%%% ...%%%%%%%%%%%%% ....%%%%%%%%%%%% ...%%%%%%%%%%%%% ...........B.... ................ ............:%%% ................
%%%%.%......%%.. .%....%%%%%%%%%% %.P............. %%%%%%%%%%%%%%%% .....%%%%%%%%%%% ................ .[]............. ................ .[]............. ................ .[]............. ................ .[]............% %%%%%%%%%%%%%%%% -------------%%% ................
%%%%.%.......... .%.[].%%%%%%%%%% %............... %%%%%%%%%%%%%%%% .....%%%%%%%%%%% ................ .{}............. ................ .{}............. ................ .{}............. ................ .{}............% %%%%%%%%%%%%%%%% .............%%% ................
%%%%.%.%........ .%.{}.%%%%%%%%%% %............... %%%%%%%%%%%%%%%% .....%%%%%%%%%%% ................ .{}............. ................ .{}............. ................ .{}............. ................ .{}............% %%%%%%%%%%%%%%%% .............%%% ................
%%%%~%~%~~~~~~~~ ~%~{}~%%%%%%%%%% %%%%~~~~~~~%%%%% %%%%%%%%%%%%%%%% ~~~~~%%%%%%%%%%% %%%%%%%%%%%%%%%% %%%%%%%%%%%%%%%% %%%%%%%%%%%%%%%% %%%%%%%%%%%%%%%% %%%%%%%%%%%%%%%% %%%%%%%%%%%%%%%% %%%%%%%%%%%%%%%% %%%%%%~%~~~~~~~% %%%%%%%%%%%%%%%% ~~~~~~~~~~~~~%%% %%%%%%%%%%%%%%%%
%%%%.%.%........ .%.{}.%%%%%%%%%% %%%%.......%%%%% %%%%%%%%%%%%%%%% .....%%%%%%%%%%% %%%%%%%%%%%%%%%% %%%%%%%%%%%%%%%% %%%%%%%%%%%%%%%% %%%%%%%%%%%%%%%% %%%%%%%%%%%%%%%% %%%%%%%%%%%%%%%% %%%%%%%%%%%%%%%% %%%%%%.%.......% %%%%%%%%%%%%%%%% .............%%% %%%%%%%%%%%%%%%%

[entities]
piranha 19 11 red=1
firebar-ccw 35 8
firebar 45 9
lift-h 66 10 len=4 range=3 dx=-8
firebar-ccw 81 8
piranha 97 10 red=1
firebar-ccw 113 8
piranha 129 10 red=1
firebar-ccw 145 8
piranha 161 10 red=1
firebar-ccw 177 8
piranha 193 10 red=1
firebar-ccw 203 9
bowser 231 9 attack=hammer
axe 237 8
toad 249 12

[zones]
exit 248 next=ll-12-1
bowser-fire 171
pipe 97 10 down -> ll-11-4 19 10 exit=up
pipe 129 10 down -> ll-11-4 19 10 exit=up
pipe 161 10 down -> ll-11-4 19 10 exit=up
pipe 193 10 down -> ll-11-4-exit 3 10 exit=up

[variant sophia classic]
;; The original's pieces for wide heroes (WideCharacter): the one-tile shafts at 64 and 68 up
;; from the lift over the lava are two tiles wide for the tank (docs/HEROES.md).
;; With every other piece the original lays for her in this area.
63 6 . *7
69 6 . *7
95 9 .
100 9 .
127 9 .
132 9 .
159 9 .
164 9 .
191 9 .
199 12 %
36 13 %%% *2
63 13 ~
69 13 ~
63 14 .
69 14 .
