id: ll-11-1
name: WORLD 11-1
world: 11
stage: 1
theme: overworld
music: overworld
time: 400
start: 2,12
startMode: stand
camera: scroll

[tiles]
;; 0                16               32               48               64               80               96               112              128              144              160              176              192              208
................ ................ ................ ................ ................ ................ ................ ................ ................ ................ ................ ................ ................ ........
................ ................ ................ ................ ................ ................ ................ ................ ................ ................ ................ ................ ................ ........
................ ................ ................ ................ ................ ................ ................ ................ ................ ................ ................ ................ .......o........ ........
................ ................ ................ ................ ................ ................ ................ ................ ................ ................ ................ ................ .......!........ ........
................ ................ ................ ................ ................ ................ ................ ................ ................ ................ .......gg....... ................ .......!........ ........
................ ................ ................ ................ ................ ......===V====== ===............. ......===S===... ....??M......... ....???4???..... ....==========.. ..............B. .......!........ ........
................ ................ ................ ................ ................ ................ ................ ................ ................ ................ ............$$.. ............g.B. .......!........ ........
................ ................ ......k......... ................ ................ ................ ......[]........ ................ ................ .......k........ ................ ...........BB.B. .......!........ ........
................ ................ .....[]......... .........[]..... ?..?..M......... ...........===== ......{}........ ................ ....===......... ....=======..... ................ ...........BB.B. .......!........ ........
................ ......???????... ...1.{}.......== ====C....{}..... ..........===... .........22..... .....??????..... ......=2=2=2=... .............[]. .............k.. ............[].. .....[]....BB.B. .......!........ ........
...........$$$$$ ................ []...{}......... .........{}..... ................ .......[]....... ................ ................ .............{}. ......B......B.. ............{}.. .....{}....BB.B. .......!........ ........
................ ................ {}...{}......... ....=....{}..... ................ .......{}....... ................ ................ .............{}. ......B......B.. ............{}.. .....{}....BB.B. .......!........ ........
................ ....gg......B... {}...{}......... .........{}..... ................ B......{}.....k. .kk............k .gg............. .y...........{}. ....k.B......B.. ............{}.. .....{}....BB.B. .......B........ ........
################ #############... #######.#####..# ######...####### #############... ################ #######.#.###### ###########.#.#. .#.......####### ################ ##############.. .....##.#####.## ################ ########
################ #############... #######.#####..# ######...####### #############... ################ #######.#.###### ###########.#.#. .#.......####### ################ ##############.. .....##.#####.## ################ ########

[entities]
decor-castle-big -2 12
piranha 32 10
piranha 37 8
piranha 57 8
koopa-para-green 71 10
koopa-para-green 74 12
piranha 87 10
piranha 102 7
koopa-para-green 124 12
piranha 141 9
koopa-para-green 166 12
koopa-para-green 171 8
piranha 172 9
koopa-para-green-h 179 7
piranha 181 9
decor-castle 203 12

[zones]
exit 199 next=ll-11-2-intro
vine 89 5 -> ll-11-1-sky 4 14

[decor]
hill-big 0 12
cloud-1 8 3
bush-3 11 12
cloud-1 19 2
bush-2 23 12
cloud-3 27 3
cloud-2 36 2
bush-3 41 12
hill-big 48 12
cloud-1 56 3
bush-3 59 12
hill-small 64 12
cloud-1 67 2
bush-2 71 12
cloud-3 75 3
cloud-2 84 2
bush-3 89 12
hill-big 96 12
cloud-1 104 3
bush-3 107 12
hill-small 112 12
cloud-1 115 2
bush-2 119 12
cloud-3 123 3
cloud-2 132 2
bush-3 137 12
hill-big 144 12
cloud-1 152 3
bush-3 155 12
hill-small 160 12
cloud-1 163 2
bush-2 167 12
cloud-3 171 3
cloud-2 180 2
bush-2 185 12
hill-big 192 12
cloud-1 200 3
bush-3 203 12
hill-small 208 12
