id: ll-11-1-sky
name: WORLD 11-1
world: 11
stage: 1
theme: overworld
music: overworld
time: inherit
start: 4,14
startMode: climb
camera: scroll
parent: ll-11-1

[tiles]
;; 0                16               32               48               64
................ ................ ................ ................ ................
................ ................ ................ ................ ................
................ ................ ................ ................ ................
................ ................ ................ ................ ................
................ $$$$$$$$$$...... ......$$$$$$$$$$ ...........$$$$$ $$$$$...........
................ ................ ................ ..........###### #######.........
................ ................ ..........#..... ................ ................
................ ................ ..........#..... ................ .........$$.....
................ ................ ................ ................ .....$$$........
................ ................ ................ ................ ................
................ ................ ................ ................ ................
................ ................ ................ ................ ................
................ ...........$$$$$ $$$$$........... .$$$$$$$$$$..... ................
####.########### ################ ################ ################ #######.........
................ ................ ................ ................ ................

[entities]
vine 4 14 len=8
lift-right 16 10 len=4

[zones]
pit 0 -> ll-11-1 114 0
